Microchip MPLAB XC8 Compiler V3.00

Linker command line:

-W-3 \
  --edf=C:\Program Files\Microchip\xc8\v3.00\pic\dat\20241204225717_en.msgs \
  -cn -h+dist/default/production\NRF24l01P_Remote.production.sym \
  --cmf=dist/default/production\NRF24l01P_Remote.production.cmf -z \
  -Q16F628A -oC:\Temp\xcAs35k.\driver_tmp_3.o --defsym=__MPLAB_BUILD=1 \
  --fixupoverflow=error \
  -Mdist/default/production/NRF24l01P_Remote.production.map \
  --md=C:\Temp\xcAs35k.\driver_tmp_0.dat -E1 -ver=XC8 Compiler \
  -ACODE=00h-07FFh -ASTRCODE=00h-07FFh -ASTRING=00h-0FFhx8 \
  -ACONST=00h-0FFhx8 -AENTRY=00h-0FFhx8 -ACOMMON=070h-07Fh \
  -ABANK0=020h-06Fh -ABANK1=0A0h-0EFh -ABANK2=0120h-014Fh \
  -ARAM=020h-06Fh,0A0h-0EFh,0120h-014Fh \
  -AABS1=020h-07Fh,0A0h-0EFh,0120h-014Fh -ASFR0=00h-01Fh -ASFR1=080h-09Fh \
  -ASFR2=0100h-011Fh -ASFR3=0180h-01EFh -ACONFIG=02007h-02007h -DCONFIG=2 \
  -AIDLOC=02000h-02003h -DIDLOC=2 -AEEDATA=00h-07Fh/02100h \
  -peeprom_data=EEDATA -DEEDATA=2 -DCODE=2 -DSTRCODE=2 -DSTRING=2 -DCONST=2 \
  -DENTRY=2 -preset_vec=00h,intentry,sivt,init,end_init -ppowerup=CODE \
  -pcinit=CODE -pfunctab=ENTRY -k C:\Temp\xcAs35k.\driver_tmp_12.o \
  dist/default/production\NRF24l01P_Remote.production.o 

Object code version is 3.11

Machine type is 16F628A



                Name                               Link     Load   Length Selector   Space Scale
C:\Temp\xcAs35k.\driver_tmp_12.o
                end_init                              0        0        1        0       0
                config                             2007     2007        1        0       4
                idloc                              2000     2000        4        0       5
dist/default/production\NRF24l01P_Remote.production.o
                cinit                               7F8      7F8        8      FF0       0
                config                             2007     2007        1        0       4
                idloc                              2000     2000        4        0       5
                text24                              641      641       19      C82       0
                text23                              673      673       1A      CE6       0
                text22                              68D      68D       1C      D1A       0
                text21                              590      590        E      B20       0
                text20                              5AC      5AC        F      B58       0
                text19                              617      617       15      C2E       0
                text18                              576      576        8      AEC       0
                text17                              603      603       14      C06       0
                text16                              62C      62C       15      C58       0
                text15                              55A      55A        4      AB4       0
                text14                              5BB      5BB       10      B76       0
                text13                              6C6      6C6       3C      D8C       0
                text12                              586      586        A      B0C       0
                text11                              5DD      5DD       13      BBA       0
                text10                              563      563        6      AC6       0
                text9                               569      569        6      AD2       0
                text8                               56F      56F        7      ADE       0
                text7                               55E      55E        5      ABC       0
                text6                               59E      59E        E      B3C       0
                text5                               5F0      5F0       13      BE0       0
                text4                               65A      65A       19      CB4       0
                text3                               5CB      5CB       12      B96       0
                text2                               6A9      6A9       1D      D52       0
                text1                               702      702       6A      E04       0
                maintext                            76C      76C       8C      ED8       0
                cstackBANK0                          35       35        4       20       1
                cstackCOMMON                         70       70        D       70       1
                clrtext                             57E      57E        8      AFC       0
                bssBANK0                             20       20       15       20       1
                bssCOMMON                            7D       7D        1       70       1
                strings                               1        1       2A        2       0

TOTAL           Name                               Link     Load   Length     Space
        CLASS   CODE           
                end_init                              0        0        1         0
                cinit                               7F8      7F8        8         0
                text24                              641      641       19         0
                text23                              673      673       1A         0
                text22                              68D      68D       1C         0
                text21                              590      590        E         0
                text20                              5AC      5AC        F         0
                text19                              617      617       15         0
                text18                              576      576        8         0
                text17                              603      603       14         0
                text16                              62C      62C       15         0
                text15                              55A      55A        4         0
                text14                              5BB      5BB       10         0
                text13                              6C6      6C6       3C         0
                text12                              586      586        A         0
                text11                              5DD      5DD       13         0
                text10                              563      563        6         0
                text9                               569      569        6         0
                text8                               56F      56F        7         0
                text7                               55E      55E        5         0
                text6                               59E      59E        E         0
                text5                               5F0      5F0       13         0
                text4                               65A      65A       19         0
                text3                               5CB      5CB       12         0
                text2                               6A9      6A9       1D         0
                text1                               702      702       6A         0
                maintext                            76C      76C       8C         0
                clrtext                             57E      57E        8         0

        CLASS   STRCODE        

        CLASS   STRING         
                strings                               1        1       2A         0

        CLASS   CONST          

        CLASS   ENTRY          

        CLASS   COMMON         
                cstackCOMMON                         70       70        D         1
                bssCOMMON                            7D       7D        1         1

        CLASS   BANK0          
                cstackBANK0                          35       35        4         1
                bssBANK0                             20       20       15         1

        CLASS   BANK1          

        CLASS   BANK2          

        CLASS   RAM            

        CLASS   ABS1           
                abs_s1                               7E       7E        2         1

        CLASS   SFR0           

        CLASS   SFR1           

        CLASS   SFR2           

        CLASS   SFR3           

        CLASS   CONFIG         
                config                             2007     2007        1         4

        CLASS   IDLOC          
                idloc                              2000     2000        4         5

        CLASS   EEDATA         

        CLASS   BANK3          

        CLASS   HEAP           

        CLASS   STACK          



SEGMENTS        Name                           Load    Length   Top    Selector   Space  Class     Delta

                reset_vec                      000000  000001  000001         0       0  CODE        2
                strings                        000001  00002A  00002B         2       0  STRING      2
                bssBANK0                       000020  000019  000039        20       1  BANK0       1
                cstackCOMMON                   000070  00000E  00007E        70       1  COMMON      1
                text15                         00055A  000004  00055E       AB4       0  CODE        2
                text7                          00055E  000005  000563       ABC       0  CODE        2
                text10                         000563  000006  000569       AC6       0  CODE        2
                text9                          000569  000006  00056F       AD2       0  CODE        2
                text8                          00056F  000007  000576       ADE       0  CODE        2
                text18                         000576  000008  00057E       AEC       0  CODE        2
                clrtext                        00057E  000008  000586       AFC       0  CODE        2
                text12                         000586  00000A  000590       B0C       0  CODE        2
                text21                         000590  00000E  00059E       B20       0  CODE        2
                text6                          00059E  00000E  0005AC       B3C       0  CODE        2
                text20                         0005AC  00000F  0005BB       B58       0  CODE        2
                text14                         0005BB  000010  0005CB       B76       0  CODE        2
                text3                          0005CB  000012  0005DD       B96       0  CODE        2
                text11                         0005DD  000013  0005F0       BBA       0  CODE        2
                text5                          0005F0  000013  000603       BE0       0  CODE        2
                text17                         000603  000014  000617       C06       0  CODE        2
                text19                         000617  000015  00062C       C2E       0  CODE        2
                text16                         00062C  000015  000641       C58       0  CODE        2
                text24                         000641  000019  00065A       C82       0  CODE        2
                text4                          00065A  000019  000673       CB4       0  CODE        2
                text23                         000673  00001A  00068D       CE6       0  CODE        2
                text22                         00068D  00001C  0006A9       D1A       0  CODE        2
                text2                          0006A9  00001D  0006C6       D52       0  CODE        2
                text13                         0006C6  00003C  000702       D8C       0  CODE        2
                text1                          000702  00006A  00076C       E04       0  CODE        2
                maintext                       00076C  00008C  0007F8       ED8       0  CODE        2
                cinit                          0007F8  000008  000800       FF0       0  CODE        2


UNUSED ADDRESS RANGES

        Name                Unused          Largest block    Delta
        BANK0            0039-006F             37           1
        BANK1            00A0-00EF             50           1
        BANK2            0120-014F             30           1
        CODE             002B-0559            52F           2
        CONST            002B-0559            100           2
        EEDATA           2100-217F             80           2
        ENTRY            002B-0559            100           2
        RAM              0039-006F             37           1
                         00A0-00EF             50
                         0120-014F             30
        SFR0             0000-001F             20           1
        SFR1             0080-009F             20           1
        SFR2             0100-011F             20           1
        SFR3             0180-01EF             70           1
        STRCODE          002B-0559            52F           2
        STRING           002B-0559            100           2

                                  Symbol Table

?___wmul                     cstackCOMMON 0070
PL2                          text14       05C3
PL4                          text23       0681
PL6                          text23       0687
_CMCON                       (abs)        001F
_OPTION_REGbits              (abs)        0081
_PORTA                       (abs)        0005
_PORTAbits                   (abs)        0005
_PORTB                       (abs)        0006
_PORTBbits                   (abs)        0006
_RCSTAbits                   (abs)        0018
_SPBRG                       (abs)        0099
_TRISA                       (abs)        0085
_TRISAbits                   (abs)        0085
_TRISB                       (abs)        0086
_TRISBbits                   (abs)        0086
_TXSTAbits                   (abs)        0098
__H__absolute__              __absolute__ 0000
__Habs1                      abs1         0000
__Hbank0                     bank0        0000
__Hbank1                     bank1        0000
__Hbank2                     bank2        0000
__Hbank3                     bank3        0000
__HbssBANK0                  bssBANK0     0000
__HbssCOMMON                 bssCOMMON    0000
__Hcinit                     cinit        0800
__Hclrtext                   clrtext      0000
__Hcode                      code         0000
__Hcommon                    common       0000
__Hconfig                    config       2008
__HcstackBANK0               cstackBANK0  0000
__HcstackCOMMON              cstackCOMMON 0000
__Heeprom_data               eeprom_data  0000
__Hend_init                  end_init     0001
__Hfunctab                   functab      0000
__Hheap                      heap         0000
__Hidloc                     idloc        2004
__Hinit                      init         0000
__Hintentry                  intentry     0000
__Hmaintext                  maintext     0000
__Hpa_nodes0                 pa_nodes0    0000
__Hpowerup                   powerup      0000
__Hram                       ram          0000
__Hreset_vec                 reset_vec    0000
__Hsfr0                      sfr0         0000
__Hsfr1                      sfr1         0000
__Hsfr2                      sfr2         0000
__Hsfr3                      sfr3         0000
__Hsivt                      sivt         0000
__Hspace_0                   (abs)        0800
__Hspace_1                   (abs)        007E
__Hspace_2                   (abs)        0000
__Hspace_3                   (abs)        0000
__Hspace_4                   (abs)        400F
__Hstack                     stack        0000
__Hstrings                   strings      0000
__Htext                      text         0000
__L__absolute__              __absolute__ 0000
__Labs1                      abs1         0000
__Lbank0                     bank0        0000
__Lbank1                     bank1        0000
__Lbank2                     bank2        0000
__Lbank3                     bank3        0000
__LbssBANK0                  bssBANK0     0000
__LbssCOMMON                 bssCOMMON    0000
__Lcinit                     cinit        07F8
__Lclrtext                   clrtext      0000
__Lcode                      code         0000
__Lcommon                    common       0000
__Lconfig                    config       0000
__LcstackBANK0               cstackBANK0  0000
__LcstackCOMMON              cstackCOMMON 0000
__Leeprom_data               eeprom_data  0000
__Lend_init                  end_init     0000
__Lfunctab                   functab      0000
__Lheap                      heap         0000
__Lidloc                     idloc        0000
__Linit                      init         0000
__Lintentry                  intentry     0000
__Lmaintext                  maintext     0000
__Lpa_nodes0                 pa_nodes0    0000
__Lpowerup                   powerup      0000
__Lram                       ram          0000
__Lreset_vec                 reset_vec    0000
__Lsfr0                      sfr0         0000
__Lsfr1                      sfr1         0000
__Lsfr2                      sfr2         0000
__Lsfr3                      sfr3         0000
__Lsivt                      sivt         0000
__Lspace_0                   (abs)        0000
__Lspace_1                   (abs)        0000
__Lspace_2                   (abs)        0000
__Lspace_3                   (abs)        0000
__Lspace_4                   (abs)        0000
__Lstack                     stack        0000
__Lstrings                   strings      0000
__Ltext                      text         0000
__S0                         (abs)        0800
__S1                         (abs)        007E
__S3                         (abs)        0000
___heap_hi                   (abs)        0000
___heap_lo                   (abs)        0000
___int_sp                    stack        0000
___int_stack_hi              stack        0000
___int_stack_lo              stack        0000
___latbits                   (abs)        0000
___sp                        stack        0000
___stack_hi                  stack        0000
___stack_lo                  stack        0000
___stackhi                   (abs)        0000
___stacklo                   (abs)        0000
___wmul                      text4        065A
___wmul@multiplicand         cstackCOMMON 0072
___wmul@multiplier           cstackCOMMON 0070
___wmul@product              cstackCOMMON 0074
__end_ofPL2                  text14       05CB
__end_ofPL4                  text23       0687
__end_ofPL6                  text23       068D
__end_of___wmul              text4        0673
__end_of__initialization     cinit        07FE
__end_of__stringtab          strings      0011
__end_of_fract               strings      0021
__end_of_init_Cpu            text11       05F0
__end_of_init_ds18b20        text21       059E
__end_of_init_uart           text20       05BB
__end_of_main                maintext     07F8
__end_of_nrf24_getStatus     text10       0569
__end_of_nrf24_init          text13       0702
__end_of_nrf24_isSending     text9        056F
__end_of_nrf24_messageStatus text8        0576
__end_of_nrf24_powerDown     text7        0563
__end_of_nrf24_powerUpRx     text17       0617
__end_of_nrf24_powerUpTx     text6        05AC
__end_of_nrf24_rx_address    text15       055E
__end_of_nrf24_send          text5        0603
__end_of_nrf24_tx_address    text14       05C3
__end_of_nrf24_write_buf     text16       0641
__end_of_nrf24_write_reg     text18       057E
__end_of_nrf_rx_address      strings      0026
__end_of_nrf_tx_address      strings      002B
__end_of_ow_reset            text24       065A
__end_of_readTemp_Single     text1        076C
__end_of_read_bit            text3        05DD
__end_of_read_byte           text2        06C6
__end_of_spi_init            text12       0590
__end_of_spi_rw              text19       062C
__end_of_write_bit           text23       0681
__end_of_write_byte          text22       06A9
__initialization             cinit        07F8
__pbssBANK0                  bssBANK0     0020
__pbssCOMMON                 bssCOMMON    007D
__pcstackBANK0               cstackBANK0  0035
__pcstackCOMMON              cstackCOMMON 0070
__pmaintext                  maintext     076C
__pstrings                   strings      0001
__ptext1                     text1        0702
__ptext10                    text10       0563
__ptext11                    text11       05DD
__ptext12                    text12       0586
__ptext13                    text13       06C6
__ptext14                    text14       05BB
__ptext15                    text15       055A
__ptext16                    text16       062C
__ptext17                    text17       0603
__ptext18                    text18       0576
__ptext19                    text19       0617
__ptext2                     text2        06A9
__ptext20                    text20       05AC
__ptext21                    text21       0590
__ptext22                    text22       068D
__ptext23                    text23       0673
__ptext24                    text24       0641
__ptext3                     text3        05CB
__ptext4                     text4        065A
__ptext5                     text5        05F0
__ptext6                     text6        059E
__ptext7                     text7        055E
__ptext8                     text8        056F
__ptext9                     text9        0569
__stringbase                 strings      0010
__stringtab                  strings      0001
_count                       bssBANK0     002C
_data_array                  bssBANK0     002D
_error_send                  bssBANK0     0029
_fract                       strings      0011
_init_Cpu                    text11       05DD
_init_ds18b20                text21       0590
_init_uart                   text20       05AC
_main                        maintext     076C
_minus                       bssBANK0     0034
_nrf24_getStatus             text10       0563
_nrf24_init                  text13       06C6
_nrf24_isSending             text9        0569
_nrf24_messageStatus         text8        056F
_nrf24_powerDown             text7        055E
_nrf24_powerUpRx             text17       0603
_nrf24_powerUpTx             text6        059E
_nrf24_rx_address            text15       055A
_nrf24_send                  text5        05F0
_nrf24_tx_address            text14       05BB
_nrf24_write_buf             text16       062C
_nrf24_write_reg             text18       0576
_nrf_rx_address              strings      0021
_nrf_tx_address              strings      0026
_ow_reset                    text24       0641
_pay_len                     bssBANK0     002B
_readTemp_Single             text1        0702
_read_bit                    text3        05CB
_read_byte                   text2        06A9
_scratch                     bssBANK0     0020
_spi_init                    text12       0586
_spi_rw                      text19       0617
_temp                        bssCOMMON    007D
_temperature                 bssBANK0     0032
_write_bit                   text23       0673
_write_byte                  text22       068D
btemp                        (abs)        007E
clear_ram0                   clrtext      057E
end_of_initialization        cinit        07FE
intlevel0                    functab      0000
intlevel1                    functab      0000
intlevel2                    functab      0000
intlevel3                    functab      0000
intlevel4                    functab      0000
intlevel5                    functab      0000
nrf24_getStatus@r_status     cstackCOMMON 0072
nrf24_init@channel           cstackCOMMON 0079
nrf24_init@pay_length        cstackCOMMON 0078
nrf24_isSending@status       cstackCOMMON 0073
nrf24_messageStatus@r_status cstackCOMMON 0073
nrf24_rx_address@adr         cstackCOMMON 0077
nrf24_send@value             cstackCOMMON 0077
nrf24_tx_address@adr         cstackCOMMON 0077
nrf24_write_buf@i            cstackCOMMON 0076
nrf24_write_buf@length       cstackCOMMON 0074
nrf24_write_buf@pBuf         cstackCOMMON 0072
nrf24_write_buf@reg          cstackCOMMON 0075
nrf24_write_reg@reg          cstackCOMMON 0073
nrf24_write_reg@value        cstackCOMMON 0072
ow_reset@presence            cstackCOMMON 0071
readTemp_Single@buf          cstackCOMMON 0076
readTemp_Single@i            cstackBANK0  0036
readTemp_Single@minus        cstackCOMMON 0077
readTemp_Single@temp         cstackBANK0  0037
readTemp_Single@tmp          cstackBANK0  0035
read_byte@i                  cstackCOMMON 0073
read_byte@val                cstackCOMMON 0072
reset_vec                    reset_vec    0000
spi_rw@i                     cstackCOMMON 0071
spi_rw@value                 cstackCOMMON 0070
start                        init         0000
start_initialization         cinit        07F8
write_bit@bitval             cstackCOMMON 0071
write_byte@i                 cstackCOMMON 0075
write_byte@temp              cstackCOMMON 0074
write_byte@val               cstackCOMMON 0073
wtemp0                       (abs)        007E


MODULE INFORMATION

Module		Function		Class		Link	Load	Size
usart.c
		_init_uart     		CODE           	05AC	0000	15

usart.c estimated size: 15

C:\Program Files\Microchip\xc8\v3.00\pic\sources\c99\common\Umul16.c
		___wmul        		CODE           	065A	0000	25

C:\Program Files\Microchip\xc8\v3.00\pic\sources\c99\common\Umul16.c estimated size: 25

nrf24l01p.c
		_nrf24_tx_address		CODE           	05BB	0000	8
		_nrf24_send    		CODE           	05F0	0000	19
		_nrf24_init    		CODE           	06C6	0000	60
		_nrf24_write_reg		CODE           	0576	0000	8
		_nrf24_write_buf		CODE           	062C	0000	21
		_nrf24_getStatus		CODE           	0563	0000	6
		_nrf24_powerUpRx		CODE           	0603	0000	20
		_nrf24_powerUpTx		CODE           	059E	0000	14
		_nrf24_rx_address		CODE           	055A	0000	4
		_nrf24_powerDown		CODE           	055E	0000	5
		_nrf24_messageStatus		CODE           	056F	0000	7
		_nrf24_isSending		CODE           	0569	0000	6

nrf24l01p.c estimated size: 178

onewire.c
		_ow_reset      		CODE           	0641	0000	25
		_read_bit      		CODE           	05CB	0000	18
		_read_byte     		CODE           	06A9	0000	29
		_write_bit     		CODE           	0673	0000	14
		_write_byte    		CODE           	068D	0000	28

onewire.c estimated size: 114

spi.c
		_spi_init      		CODE           	0586	0000	10
		_spi_rw        		CODE           	0617	0000	21

spi.c estimated size: 31

shared
		__stringtab    		STRING         	0001	0000	16
		_nrf_tx_address		STRING         	0026	0000	5
		_fract         		STRING         	0011	0000	16
		__initialization		CODE           	07F8	0000	6
		_nrf_rx_address		STRING         	0021	0000	5
		PL2            		CODE           	05C3	0000	8
		PL4            		CODE           	0681	0000	6
		PL6            		CODE           	0687	0000	6

shared estimated size: 68

ds18b20.c
		_init_ds18b20  		CODE           	0590	0000	14
		_readTemp_Single		CODE           	0702	0000	106

ds18b20.c estimated size: 120

main.c
		_main          		CODE           	076C	0000	140
		_init_Cpu      		CODE           	05DD	0000	19

main.c estimated size: 159

