Microchip MPLAB XC8 Compiler V2.50

Linker command line:

-W-3 \
  --edf=C:\Program Files\Microchip\xc8\v2.50\pic\dat\20240725155939_en.msgs \
  -cn -h+dist/default/production\temp.production.sym \
  --cmf=dist/default/production\temp.production.cmf -z -Q18F25K20 \
  -oC:\Temp\xcAs8kc.\driver_tmp_3.o --defsym=__MPLAB_BUILD=1 \
  --fixupoverflow=error -Mdist/default/production/temp.production.map \
  --md=C:\Temp\xcAs8kc.\driver_tmp_0.dat -E1 -ver=XC8 Compiler --acfsm=1493 \
  -ACODE=00h-07FFFh -ACONST=00h-07FFFh -ASMALLCONST=0600h-06FFhx122 \
  -AMEDIUMCONST=0600h-07FFFh -ACOMRAM=01h-05Fh -AABS1=00h-05FFh \
  -ABIGRAM=01h-05FFh -ARAM=060h-0FFh,0100h-01FFhx5 -ABANK0=060h-0FFh \
  -ABANK1=0100h-01FFh -ABANK2=0200h-02FFh -ABANK3=0300h-03FFh \
  -ABANK4=0400h-04FFh -ABANK5=0500h-05FFh -ASFR=0F60h-0FFFh \
  -ABIGSFR=0F60h-0FFFh -ACONFIG=0300000h-030000Dh -AIDLOC=0200000h-0200007h \
  -AEEDATA=0F00000h-0F000FFh -peeprom_data=EEDATA \
  -preset_vec=00h,intcode=8h,intcodelo,powerup,init -pramtop=0600h \
  -psmallconst=SMALLCONST -pmediumconst=MEDIUMCONST -pconst=CONST \
  -AFARRAM=00h-00h \
  -prdata=COMRAM,nvrram=COMRAM,nvbit=COMRAM,rbss=COMRAM,rbit=COMRAM \
  -pfarbss=FARRAM,fardata=FARRAM,nvFARRAM=FARRAM \
  -pintsave_regs=BIGRAM,bigbss=BIGRAM,bigdata=BIGRAM -pbss=RAM \
  -pidata=CODE,irdata=CODE,ibigdata=CODE,ifardata=CODE -prparam=COMRAM \
  C:\Temp\xcAs8kc.\driver_tmp_9.o dist/default/production\temp.production.o 

Object code version is 3.11

Machine type is 18F25K20



                Name                               Link     Load   Length Selector   Space Scale
C:\Temp\xcAs8kc.\driver_tmp_9.o
                config                           300000   300000        E        0       4
                init                                 76       76        4        4       0
                reset_vec                             0        0        4        0       0
dist/default/production\temp.production.o
                intcode                               8        8       6E        4       0
                config                           300000   300000        E        0       4
                temp                                 48       48        1        1       1
                smallconst                          600      600       14      300       0
                text43                              994      994       18      30A       0
                text40                              A70      A70        4      30A       0
                text39                              A5A      A5A        6      30A       0
                text35                              A40      A40        8      30A       0
                text33                              91E      91E       34      30A       0
                text32                              A6C      A6C        4      30A       0
                text31                              A0E      A0E        A      30A       0
                text30                              A04      A04        A      30A       0
                text29                              7F0      7F0       44      30A       0
                text28                              9FA      9FA        A      30A       0
                text27                              9F0      9F0        A      30A       0
                text26                              A38      A38        8      30A       0
                text25                              A30      A30        8      30A       0
                text24                              834      834       40      30A       0
                text23                              A68      A68        4      30A       0
                text22                              A54      A54        6      30A       0
                text21                              A4E      A4E        6      30A       0
                text20                              A48      A48        6      30A       0
                text19                              786      786       6A      30A       0
                text18                              A64      A64        4      30A       0
                text16                              9E6      9E6        A      30A       0
                text15                              A60      A60        4      30A       0
                text13                              A28      A28        8      30A       0
                text12                              8E6      8E6       38      30A       0
                text11                              A20      A20        8      30A       0
                text10                              8AE      8AE       38      30A       0
                text9                               A18      A18        8      30A       0
                text7                               9AC      9AC       16      30A       0
                text6                               A78      A78        2      30A       0
                text5                               A76      A76        2      30A       0
                text4                               A74      A74        2      30A       0
                text3                               952      952       28      30A       0
                text2                               97A      97A       1A      30A       0
                text1                               9D6      9D6       10      30A       0
                text0                               614      614      172      30A       0
                cstackCOMRAM                          1        1       27        1       1
                dataCOMRAM                           28       28       14        1       1
                bssCOMRAM                            3C       3C        C        1       1
                cinit                               874      874       3A      30A       0
                idataCOMRAM                         9C2      9C2       14      30A       0

TOTAL           Name                               Link     Load   Length     Space
        CLASS   CODE           
                intcode                               8        8       6E         0
                init                                 76       76        4         0
                reset_vec                             0        0        4         0
                text43                              994      994       18         0
                text40                              A70      A70        4         0
                text39                              A5A      A5A        6         0
                text35                              A40      A40        8         0
                text33                              91E      91E       34         0
                text32                              A6C      A6C        4         0
                text31                              A0E      A0E        A         0
                text30                              A04      A04        A         0
                text29                              7F0      7F0       44         0
                text28                              9FA      9FA        A         0
                text27                              9F0      9F0        A         0
                text26                              A38      A38        8         0
                text25                              A30      A30        8         0
                text24                              834      834       40         0
                text23                              A68      A68        4         0
                text22                              A54      A54        6         0
                text21                              A4E      A4E        6         0
                text20                              A48      A48        6         0
                text19                              786      786       6A         0
                text18                              A64      A64        4         0
                text16                              9E6      9E6        A         0
                text15                              A60      A60        4         0
                text13                              A28      A28        8         0
                text12                              8E6      8E6       38         0
                text11                              A20      A20        8         0
                text10                              8AE      8AE       38         0
                text9                               A18      A18        8         0
                text7                               9AC      9AC       16         0
                text6                               A78      A78        2         0
                text5                               A76      A76        2         0
                text4                               A74      A74        2         0
                text3                               952      952       28         0
                text2                               97A      97A       1A         0
                text1                               9D6      9D6       10         0
                text0                               614      614      172         0
                cinit                               874      874       3A         0
                idataCOMRAM                         9C2      9C2       14         0

        CLASS   CONST          

        CLASS   SMALLCONST     
                smallconst                          600      600       14         0

        CLASS   MEDIUMCONST    

        CLASS   COMRAM         
                temp                                 48       48        1         1
                cstackCOMRAM                          1        1       27         1
                dataCOMRAM                           28       28       14         1
                bssCOMRAM                            3C       3C        C         1

        CLASS   ABS1           

        CLASS   BIGRAM         

        CLASS   RAM            

        CLASS   BANK0          

        CLASS   BANK1          

        CLASS   BANK2          

        CLASS   BANK3          

        CLASS   BANK4          

        CLASS   BANK5          

        CLASS   SFR            

        CLASS   BIGSFR         

        CLASS   CONFIG         
                config                           300000   300000        E         4

        CLASS   IDLOC          

        CLASS   EEDATA         

        CLASS   FARRAM         

        CLASS   HEAP           

        CLASS   STACK          



SEGMENTS        Name                           Load    Length   Top    Selector   Space  Class

                reset_vec                      000000  000004  000004         0       0  CODE    
                cstackCOMRAM                   000001  000048  000049         1       1  COMRAM  
                intcode                        000008  000072  00007A         4       0  CODE    
                smallconst                     000600  000014  000614       300       0  SMALLCON
                text0                          000614  000466  000A7A       30A       0  CODE    


UNUSED ADDRESS RANGES

        Name                Unused          Largest block    Delta
        BANK0            000060-0000FF               A0
        BANK1            000100-0001FF              100
        BANK2            000200-0002FF              100
        BANK3            000300-0003FF              100
        BANK4            000400-0004FF              100
        BANK5            000500-0005FF              100
        BIGRAM           000049-0005FF              5B7
        BIGSFR           000F60-000FFF               A0
        CODE             000004-000007                4
                         00007A-0005FF              586
                         000A7A-007FFF             7586
        COMRAM           000049-00005F               17
        CONST            000004-000007                4
                         00007A-0005FF              586
                         000A7A-007FFF             7586
        EEDATA           F00000-F000FF              100
        IDLOC            200000-200007                8
        MEDIUMCONST      000A7A-007FFF             7586
        RAM              000060-0005FF              100
        SFR              000F60-000FFF               A0
        SMALLCONST       000A7A-007FFF              100

                                  Symbol Table

I2C1_DataTransmit@data                    cstackCOMRAM 000001
I2C1_EVENT_ERROR@retEventState            cstackCOMRAM 000001
I2C1_EVENT_NACK@retEventState             cstackCOMRAM 000001
I2C1_EVENT_RX@retEventState               cstackCOMRAM 000001
I2C1_EVENT_TX@retEventState               cstackCOMRAM 000002
I2C1_ErrorGet@retErrorState               cstackCOMRAM 00000E
I2C1_Read@address                         cstackCOMRAM 00000E
I2C1_Read@data                            cstackCOMRAM 000010
I2C1_Read@dataLength                      cstackCOMRAM 000011
I2C1_Read@retStatus                       cstackCOMRAM 000013
I2C1_Write@address                        cstackCOMRAM 00000E
I2C1_Write@data                           cstackCOMRAM 000010
I2C1_Write@dataLength                     cstackCOMRAM 000011
I2C1_Write@retStatus                      cstackCOMRAM 000013
INT0_SetInterruptHandler@InterruptHandler cstackCOMRAM 00000E
INT1_SetInterruptHandler@InterruptHandler cstackCOMRAM 00000E
INT2_SetInterruptHandler@InterruptHandler cstackCOMRAM 00000E
PL92                                      text0        00076C
PL94                                      text24       00086A
PL96                                      text0        00077E
_ANSELH                                   (abs)        000F7F
_CLOCK_Initialize                         text9        000A18
_I2C1_AckSend                             text41       000000
_I2C1_BusReset                            text47       000000
_I2C1_CallbackRegister                    (abs)        000000
_I2C1_Close                               text43       000994
_I2C1_DataReceive                         text40       000A70
_I2C1_DataTransmit                        text35       000A40
_I2C1_Deinitialize                        (abs)        000000
_I2C1_ERROR_ISR                           text23       000A68
_I2C1_EVENT_ERROR                         text27       0009F0
_I2C1_EVENT_IDLE                          text32       000A6C
_I2C1_EVENT_NACK                          text28       0009FA
_I2C1_EVENT_RESET                         text25       000A30
_I2C1_EVENT_RX                            text29       0007F0
_I2C1_EVENT_SEND_RD_ADDR                  text31       000A0E
_I2C1_EVENT_SEND_WR_ADDR                  text30       000A04
_I2C1_EVENT_STOP                          text26       000A38
_I2C1_EVENT_TX                            text33       00091E
_I2C1_ErrorEventHandler                   text24       000834
_I2C1_ErrorGet                            text16       0009E6
_I2C1_ErrorInterruptClear                 text46       000000
_I2C1_EventHandler                        text19       000786
_I2C1_Host                                dataCOMRAM   000028
_I2C1_ISR                                 text18       000A64
_I2C1_Initialize                          text7        0009AC
_I2C1_InterruptClear                      text45       000000
_I2C1_InterruptsEnable                    text8        000000
_I2C1_IsAddr                              text22       000A54
_I2C1_IsBusy                              text15       000A60
_I2C1_IsData                              text21       000A4E
_I2C1_IsNack                              text20       000A48
_I2C1_IsRxBufFull                         text39       000A5A
_I2C1_NackSend                            text38       000000
_I2C1_Read                                text12       0008E6
_I2C1_ReadStart                           text13       000A28
_I2C1_ReceiveEnable                       text37       000000
_I2C1_RestartDisable                      text36       000000
_I2C1_RestartEnable                       text34       000000
_I2C1_StartSend                           text14       000000
_I2C1_StatusFlagsClear                    text44       000000
_I2C1_StopSend                            text42       000000
_I2C1_Write                               text10       0008AE
_I2C1_WriteRead                           (abs)        000000
_I2C1_WriteStart                          text11       000A20
_INT0_DefaultInterruptHandler             (abs)        000000
_INT0_SetInterruptHandler                 text6        000A78
_INT1_DefaultInterruptHandler             (abs)        000000
_INT1_SetInterruptHandler                 text5        000A76
_INT2_DefaultInterruptHandler             (abs)        000000
_INT2_SetInterruptHandler                 text4        000A74
_INTCON2bits                              (abs)        000FF1
_INTCON3bits                              (abs)        000FF0
_INTCONbits                               (abs)        000FF2
_INTERRUPT_Initialize                     text3        000952
_INTERRUPT_InterruptManager               intcode      000008
_IOCB                                     (abs)        000F7D
_LATA                                     (abs)        000F89
_LATB                                     (abs)        000F8A
_LATC                                     (abs)        000F8B
_OSCCON                                   (abs)        000FD3
_OSCTUNE                                  (abs)        000F9B
_PIE1bits                                 (abs)        000F9D
_PIE2bits                                 (abs)        000FA0
_PIN_MANAGER_Initialize                   text2        00097A
_PIR1bits                                 (abs)        000F9E
_PIR2bits                                 (abs)        000FA1
_RCONbits                                 (abs)        000FD0
_SSPADD                                   (abs)        000FC8
_SSPBUF                                   (abs)        000FC9
_SSPCON1                                  (abs)        000FC6
_SSPCON1bits                              (abs)        000FC6
_SSPCON2                                  (abs)        000FC5
_SSPCON2bits                              (abs)        000FC5
_SSPSTAT                                  (abs)        000FC7
_SSPSTATbits                              (abs)        000FC7
_SYSTEM_Initialize                        text1        0009D6
_TRISA                                    (abs)        000F92
_TRISB                                    (abs)        000F93
_TRISC                                    (abs)        000F94
_WPUB                                     (abs)        000F7C
__HRAM                                    (abs)        000000
__H__absolute__                           __absolute__ 000000
__Habs1                                   abs1         000000
__Hbank0                                  bank0        000000
__Hbank1                                  bank1        000000
__Hbank2                                  bank2        000000
__Hbank3                                  bank3        000000
__Hbank4                                  bank4        000000
__Hbank5                                  bank5        000000
__Hbigbss                                 bigbss       000000
__Hbigdata                                bigdata      000000
__Hbigram                                 bigram       000000
__Hbigsfr                                 bigsfr       000000
__Hbss                                    bss          000000
__HbssCOMRAM                              bssCOMRAM    000000
__Hcinit                                  cinit        000000
__Hclrtext                                clrtext      000000
__Hcomram                                 comram       000000
__Hconfig                                 config       30000E
__Hconst                                  const        000000
__HcstackCOMRAM                           cstackCOMRAM 000000
__Hdata                                   data         000000
__HdataCOMRAM                             dataCOMRAM   000000
__Heeprom_data                            eeprom_data  000000
__Hfarbss                                 farbss       000000
__Hfardata                                fardata      000000
__Hheap                                   heap         000000
__Hibigdata                               ibigdata     000000
__Hidata                                  idata        000000
__HidataCOMRAM                            idataCOMRAM  000000
__Hidloc                                  idloc        000000
__Hifardata                               ifardata     000000
__Hinit                                   init         00007A
__Hintcode                                intcode      000076
__Hintcode_body                           intcode_body 000000
__Hintcodelo                              intcodelo    000076
__Hintentry                               intentry     000000
__Hintret                                 intret       000000
__Hintsave_regs                           intsave_regs 000000
__Hirdata                                 irdata       000000
__Hmediumconst                            mediumconst  000000
__HnvFARRAM                               nvFARRAM     000000
__Hnvbit                                  nvbit        000000
__Hnvrram                                 nvrram       000000
__Hpa_nodes0                              pa_nodes0    000000
__Hparam                                  rparam       000000
__Hpowerup                                powerup      000076
__Hram                                    ram          000000
__Hramtop                                 ramtop       000600
__Hrbit                                   rbit         000000
__Hrbss                                   rbss         000000
__Hrdata                                  rdata        000000
__Hreset_vec                              reset_vec    000004
__Hrparam                                 rparam       000000
__Hsfr                                    sfr          000000
__Hsivt_hi                                sivt_hi      000000
__Hsivt_lo                                sivt_lo      000000
__Hsmallconst                             smallconst   000614
__Hspace_0                                (abs)        000A7A
__Hspace_1                                (abs)        000049
__Hspace_2                                (abs)        000000
__Hspace_4                                (abs)        60000E
__Hstack                                  stack        000000
__Hstruct                                 struct       000000
__Htemp                                   temp         000049
__Htext                                   text         000000
__Htext0                                  text0        000000
__Htext1                                  text1        000000
__Htext10                                 text10       000000
__Htext11                                 text11       000000
__Htext12                                 text12       000000
__Htext13                                 text13       000000
__Htext14                                 text14       000000
__Htext15                                 text15       000000
__Htext16                                 text16       000000
__Htext18                                 text18       000000
__Htext19                                 text19       000000
__Htext2                                  text2        000000
__Htext20                                 text20       000000
__Htext21                                 text21       000000
__Htext22                                 text22       000000
__Htext23                                 text23       000000
__Htext24                                 text24       000000
__Htext25                                 text25       000000
__Htext26                                 text26       000000
__Htext27                                 text27       000000
__Htext28                                 text28       000000
__Htext29                                 text29       000000
__Htext3                                  text3        000000
__Htext30                                 text30       000000
__Htext31                                 text31       000000
__Htext32                                 text32       000000
__Htext33                                 text33       000000
__Htext34                                 text34       000000
__Htext35                                 text35       000000
__Htext36                                 text36       000000
__Htext37                                 text37       000000
__Htext38                                 text38       000000
__Htext39                                 text39       000000
__Htext4                                  text4        000000
__Htext40                                 text40       000000
__Htext41                                 text41       000000
__Htext42                                 text42       000000
__Htext43                                 text43       000000
__Htext44                                 text44       000000
__Htext45                                 text45       000000
__Htext46                                 text46       000000
__Htext47                                 text47       000000
__Htext5                                  text5        000000
__Htext6                                  text6        000000
__Htext7                                  text7        000000
__Htext8                                  text8        000000
__Htext9                                  text9        000000
__LRAM                                    (abs)        000001
__L__absolute__                           __absolute__ 000000
__Labs1                                   abs1         000000
__Lbank0                                  bank0        000000
__Lbank1                                  bank1        000000
__Lbank2                                  bank2        000000
__Lbank3                                  bank3        000000
__Lbank4                                  bank4        000000
__Lbank5                                  bank5        000000
__Lbigbss                                 bigbss       000000
__Lbigdata                                bigdata      000000
__Lbigram                                 bigram       000000
__Lbigsfr                                 bigsfr       000000
__Lbss                                    bss          000000
__LbssCOMRAM                              bssCOMRAM    000000
__Lcinit                                  cinit        000000
__Lclrtext                                clrtext      000000
__Lcomram                                 comram       000000
__Lconfig                                 config       000000
__Lconst                                  const        000000
__LcstackCOMRAM                           cstackCOMRAM 000000
__Ldata                                   data         000000
__LdataCOMRAM                             dataCOMRAM   000000
__Leeprom_data                            eeprom_data  000000
__Lfarbss                                 farbss       000000
__Lfardata                                fardata      000000
__Lheap                                   heap         000000
__Libigdata                               ibigdata     000000
__Lidata                                  idata        000000
__LidataCOMRAM                            idataCOMRAM  000000
__Lidloc                                  idloc        000000
__Lifardata                               ifardata     000000
__Linit                                   init         000076
__Lintcode                                intcode      000008
__Lintcode_body                           intcode_body 000000
__Lintcodelo                              intcodelo    000076
__Lintentry                               intentry     000000
__Lintret                                 intret       000000
__Lintsave_regs                           intsave_regs 000000
__Lirdata                                 irdata       000000
__Lmediumconst                            mediumconst  000000
__LnvFARRAM                               nvFARRAM     000000
__Lnvbit                                  nvbit        000000
__Lnvrram                                 nvrram       000000
__Lpa_nodes0                              pa_nodes0    000000
__Lparam                                  rparam       000000
__Lpowerup                                powerup      000076
__Lram                                    ram          000000
__Lramtop                                 ramtop       000600
__Lrbit                                   rbit         000000
__Lrbss                                   rbss         000000
__Lrdata                                  rdata        000000
__Lreset_vec                              reset_vec    000000
__Lrparam                                 rparam       000000
__Lsfr                                    sfr          000000
__Lsivt_hi                                sivt_hi      000000
__Lsivt_lo                                sivt_lo      000000
__Lsmallconst                             smallconst   000600
__Lspace_0                                (abs)        000000
__Lspace_1                                (abs)        000000
__Lspace_2                                (abs)        000000
__Lspace_4                                (abs)        000000
__Lstack                                  stack        000000
__Lstruct                                 struct       000000
__Ltemp                                   temp         000048
__Ltext                                   text         000000
__Ltext0                                  text0        000000
__Ltext1                                  text1        000000
__Ltext10                                 text10       000000
__Ltext11                                 text11       000000
__Ltext12                                 text12       000000
__Ltext13                                 text13       000000
__Ltext14                                 text14       000000
__Ltext15                                 text15       000000
__Ltext16                                 text16       000000
__Ltext18                                 text18       000000
__Ltext19                                 text19       000000
__Ltext2                                  text2        000000
__Ltext20                                 text20       000000
__Ltext21                                 text21       000000
__Ltext22                                 text22       000000
__Ltext23                                 text23       000000
__Ltext24                                 text24       000000
__Ltext25                                 text25       000000
__Ltext26                                 text26       000000
__Ltext27                                 text27       000000
__Ltext28                                 text28       000000
__Ltext29                                 text29       000000
__Ltext3                                  text3        000000
__Ltext30                                 text30       000000
__Ltext31                                 text31       000000
__Ltext32                                 text32       000000
__Ltext33                                 text33       000000
__Ltext34                                 text34       000000
__Ltext35                                 text35       000000
__Ltext36                                 text36       000000
__Ltext37                                 text37       000000
__Ltext38                                 text38       000000
__Ltext39                                 text39       000000
__Ltext4                                  text4        000000
__Ltext40                                 text40       000000
__Ltext41                                 text41       000000
__Ltext42                                 text42       000000
__Ltext43                                 text43       000000
__Ltext44                                 text44       000000
__Ltext45                                 text45       000000
__Ltext46                                 text46       000000
__Ltext47                                 text47       000000
__Ltext5                                  text5        000000
__Ltext6                                  text6        000000
__Ltext7                                  text7        000000
__Ltext8                                  text8        000000
__Ltext9                                  text9        000000
__S0                                      (abs)        000A7A
__S1                                      (abs)        000049
__S4                                      (abs)        000000
__S5                                      (abs)        000000
___heap_hi                                (abs)        000000
___heap_lo                                (abs)        000000
___inthi_sp                               stack        000000
___inthi_stack_hi                         stack        000000
___inthi_stack_lo                         stack        000000
___intlo_sp                               stack        000000
___intlo_stack_hi                         stack        000000
___intlo_stack_lo                         stack        000000
___param_bank                             (abs)        000000
___rparam_used                            (abs)        000001
___sp                                     stack        000000
___stack_hi                               stack        000000
___stack_lo                               stack        000000
__accesstop                               (abs)        000060
__activetblptr                            (abs)        000002
__end_ofPL92                              text0        00077E
__end_ofPL94                              text24       000874
__end_ofPL96                              text0        000786
__end_of_CLOCK_Initialize                 text9        000A20
__end_of_I2C1_AckSend                     text41       000000
__end_of_I2C1_BusReset                    text47       000000
__end_of_I2C1_Close                       text43       0009AC
__end_of_I2C1_DataReceive                 text40       000A74
__end_of_I2C1_DataTransmit                text35       000A48
__end_of_I2C1_ERROR_ISR                   text23       000A6C
__end_of_I2C1_EVENT_ERROR                 text27       0009FA
__end_of_I2C1_EVENT_IDLE                  text32       000A70
__end_of_I2C1_EVENT_NACK                  text28       000A04
__end_of_I2C1_EVENT_RESET                 text25       000A38
__end_of_I2C1_EVENT_RX                    text29       000834
__end_of_I2C1_EVENT_SEND_RD_ADDR          text31       000A18
__end_of_I2C1_EVENT_SEND_WR_ADDR          text30       000A0E
__end_of_I2C1_EVENT_STOP                  text26       000A40
__end_of_I2C1_EVENT_TX                    text33       000952
__end_of_I2C1_ErrorEventHandler           text24       00086A
__end_of_I2C1_ErrorGet                    text16       0009F0
__end_of_I2C1_ErrorInterruptClear         text46       000000
__end_of_I2C1_EventHandler                text19       0007F0
__end_of_I2C1_ISR                         text18       000A68
__end_of_I2C1_Initialize                  text7        0009C2
__end_of_I2C1_InterruptClear              text45       000000
__end_of_I2C1_InterruptsEnable            text8        000000
__end_of_I2C1_IsAddr                      text22       000A5A
__end_of_I2C1_IsBusy                      text15       000A64
__end_of_I2C1_IsData                      text21       000A54
__end_of_I2C1_IsNack                      text20       000A4E
__end_of_I2C1_IsRxBufFull                 text39       000A60
__end_of_I2C1_NackSend                    text38       000000
__end_of_I2C1_Read                        text12       00091E
__end_of_I2C1_ReadStart                   text13       000A30
__end_of_I2C1_ReceiveEnable               text37       000000
__end_of_I2C1_RestartDisable              text36       000000
__end_of_I2C1_RestartEnable               text34       000000
__end_of_I2C1_StartSend                   text14       000000
__end_of_I2C1_StatusFlagsClear            text44       000000
__end_of_I2C1_StopSend                    text42       000000
__end_of_I2C1_Write                       text10       0008E6
__end_of_I2C1_WriteStart                  text11       000A28
__end_of_INT0_SetInterruptHandler         text6        000A7A
__end_of_INT1_SetInterruptHandler         text5        000A78
__end_of_INT2_SetInterruptHandler         text4        000A76
__end_of_INTERRUPT_Initialize             text3        00097A
__end_of_INTERRUPT_InterruptManager       intcode      000076
__end_of_PIN_MANAGER_Initialize           text2        000994
__end_of_SYSTEM_Initialize                text1        0009E6
__end_of__initialization                  cinit        0008A0
__end_of_i2c1_eventTable                  smallconst   000613
__end_of_main                             text0        00076C
__initialization                          cinit        000874
__mediumconst                             mediumconst  000000
__pbssCOMRAM                              bssCOMRAM    00003C
__pcinit                                  cinit        000874
__pcstackCOMRAM                           cstackCOMRAM 000001
__pdataCOMRAM                             dataCOMRAM   000028
__pidataCOMRAM                            idataCOMRAM  0009C2
__pintcode                                intcode      000008
__psmallconst                             smallconst   000600
__ptext0                                  text0        000614
__ptext1                                  text1        0009D6
__ptext10                                 text10       0008AE
__ptext11                                 text11       000A20
__ptext12                                 text12       0008E6
__ptext13                                 text13       000A28
__ptext14                                 text14       000000
__ptext15                                 text15       000A60
__ptext16                                 text16       0009E6
__ptext18                                 text18       000A64
__ptext19                                 text19       000786
__ptext2                                  text2        00097A
__ptext20                                 text20       000A48
__ptext21                                 text21       000A4E
__ptext22                                 text22       000A54
__ptext23                                 text23       000A68
__ptext24                                 text24       000834
__ptext25                                 text25       000A30
__ptext26                                 text26       000A38
__ptext27                                 text27       0009F0
__ptext28                                 text28       0009FA
__ptext29                                 text29       0007F0
__ptext3                                  text3        000952
__ptext30                                 text30       000A04
__ptext31                                 text31       000A0E
__ptext32                                 text32       000A6C
__ptext33                                 text33       00091E
__ptext34                                 text34       000000
__ptext35                                 text35       000A40
__ptext36                                 text36       000000
__ptext37                                 text37       000000
__ptext38                                 text38       000000
__ptext39                                 text39       000A5A
__ptext4                                  text4        000A74
__ptext40                                 text40       000A70
__ptext41                                 text41       000000
__ptext42                                 text42       000000
__ptext43                                 text43       000994
__ptext44                                 text44       000000
__ptext45                                 text45       000000
__ptext46                                 text46       000000
__ptext47                                 text47       000000
__ptext5                                  text5        000A76
__ptext6                                  text6        000A78
__ptext7                                  text7        0009AC
__ptext8                                  text8        000000
__ptext9                                  text9        000A18
__ramtop                                  ramtop       000600
__smallconst                              smallconst   000600
_i2c1Status                               bssCOMRAM    00003C
_i2c1_eventTable                          smallconst   000601
_inlined$_I2C1_AckSend                    (abs)        000001
_inlined$_I2C1_BusReset                   (abs)        000001
_inlined$_I2C1_ErrorInterruptClear        (abs)        000001
_inlined$_I2C1_InterruptClear             (abs)        000001
_inlined$_I2C1_InterruptsEnable           (abs)        000001
_inlined$_I2C1_NackSend                   (abs)        000001
_inlined$_I2C1_ReceiveEnable              (abs)        000001
_inlined$_I2C1_RestartDisable             (abs)        000001
_inlined$_I2C1_RestartEnable              (abs)        000001
_inlined$_I2C1_StartSend                  (abs)        000001
_inlined$_I2C1_StatusFlagsClear           (abs)        000001
_inlined$_I2C1_StopSend                   (abs)        000001
_main                                     text0        000614
btemp                                     temp         000048
end_of_initialization                     cinit        0008A0
int$flags                                 temp         000048
intlevel0                                 text         000000
intlevel1                                 text         000000
intlevel2                                 text         000000
intlevel3                                 text         000000
isa$std                                   (abs)        000001
isa$xinst                                 (abs)        000000
main@readData                             cstackCOMRAM 000014
main@transmitData                         cstackCOMRAM 00001E
stackhi                                   (abs)        000000
stacklo                                   (abs)        000000
start                                     init         000076
start_initialization                      cinit        000874
ttemp5                                    temp         000049
ttemp6                                    temp         00004C
ttemp7                                    temp         000050
wtemp8                                    temp         000049


Symbols cached in RAM

_I2C1_Host                                20          

Total: 20 bytes


MODULE INFORMATION

Module		Function		Class		Link	Load	Size
mcc_generated_files/system/src/interrupt.c
		_INT0_SetInterruptHandler		CODE           	0A78	0000	2
		_INT1_SetInterruptHandler		CODE           	0A76	0000	2
		_INT2_SetInterruptHandler		CODE           	0A74	0000	2
		_INTERRUPT_Initialize		CODE           	0952	0000	40
		_INTERRUPT_InterruptManager		CODE           	0008	0000	110

mcc_generated_files/system/src/interrupt.c estimated size: 156

mcc_generated_files/system/src/pins.c
		_PIN_MANAGER_Initialize		CODE           	097A	0000	26

mcc_generated_files/system/src/pins.c estimated size: 26

shared
		PL92           		CODE           	076C	0000	18
		PL94           		CODE           	086A	0000	10
		PL96           		CODE           	077E	0000	8
		__initialization		CODE           	0874	0000	44
		_i2c1_eventTable		SMALLCONST     	0601	0000	18

shared estimated size: 98

mcc_generated_files/system/src/clock.c
		_CLOCK_Initialize		CODE           	0A18	0000	8

mcc_generated_files/system/src/clock.c estimated size: 8

mcc_generated_files/i2c_host/src/mssp.c
		_I2C1_EVENT_SEND_WR_ADDR		CODE           	0A04	0000	10
		_I2C1_Read     		CODE           	08E6	0000	56
		_I2C1_NackSend 		CODE           	0000	0000	1
		_I2C1_ErrorEventHandler		CODE           	0834	0000	54
		_I2C1_EVENT_RESET		CODE           	0A30	0000	8
		_I2C1_EVENT_ERROR		CODE           	09F0	0000	10
		_I2C1_ErrorInterruptClear		CODE           	0000	0000	1
		_I2C1_StatusFlagsClear		CODE           	0000	0000	1
		_I2C1_InterruptsEnable		CODE           	0000	0000	1
		_I2C1_InterruptClear		CODE           	0000	0000	1
		_I2C1_WriteStart		CODE           	0A20	0000	8
		_I2C1_ReadStart		CODE           	0A28	0000	8
		_I2C1_EVENT_RX 		CODE           	07F0	0000	68
		_I2C1_EVENT_TX 		CODE           	091E	0000	52
		_I2C1_ReceiveEnable		CODE           	0000	0000	1
		_I2C1_RestartEnable		CODE           	0000	0000	1
		_I2C1_ISR      		CODE           	0A64	0000	4
		_I2C1_EventHandler		CODE           	0786	0000	106
		_I2C1_DataReceive		CODE           	0A70	0000	4
		_I2C1_IsData   		CODE           	0A4E	0000	6
		_I2C1_IsNack   		CODE           	0A48	0000	6
		_I2C1_IsAddr   		CODE           	0A54	0000	6
		_I2C1_IsBusy   		CODE           	0A60	0000	4
		_I2C1_EVENT_IDLE		CODE           	0A6C	0000	4
		_I2C1_EVENT_NACK		CODE           	09FA	0000	10
		_I2C1_ErrorGet 		CODE           	09E6	0000	10
		_I2C1_EVENT_SEND_RD_ADDR		CODE           	0A0E	0000	10
		_I2C1_EVENT_STOP		CODE           	0A38	0000	8
		_I2C1_BusReset 		CODE           	0000	0000	1
		_I2C1_Initialize		CODE           	09AC	0000	22
		_I2C1_Close    		CODE           	0994	0000	24
		_I2C1_ERROR_ISR		CODE           	0A68	0000	4
		_I2C1_IsRxBufFull		CODE           	0A5A	0000	6
		_I2C1_Write    		CODE           	08AE	0000	56
		_I2C1_StopSend 		CODE           	0000	0000	1
		_I2C1_RestartDisable		CODE           	0000	0000	1
		_I2C1_DataTransmit		CODE           	0A40	0000	8
		_I2C1_AckSend  		CODE           	0000	0000	1
		_I2C1_StartSend		CODE           	0000	0000	1

mcc_generated_files/i2c_host/src/mssp.c estimated size: 584

main.c
		_main          		CODE           	0614	0000	344

main.c estimated size: 344

mcc_generated_files/system/src/system.c
		_SYSTEM_Initialize		CODE           	09D6	0000	16

mcc_generated_files/system/src/system.c estimated size: 16

