Microchip MPLAB XC8 Compiler V2.41

Linker command line:

-W-3 \
  --edf=C:/Users/User/.mchp_packs/Microchip/PIC16Fxxx_DFP/1.6.156/xc8\pic\dat\20231012211500_en.msgs \
  -cn -h+dist/default/debug\NRF24l01P_Remote.debug.sym \
  --cmf=dist/default/debug\NRF24l01P_Remote.debug.cmf -z -Q16F628A \
  -oC:\Temp\xcAsbn4.\driver_tmp_3.o --defsym=__MPLAB_BUILD=1 \
  --fixupoverflow=error -Mdist/default/debug/NRF24l01P_Remote.debug.map \
  --md=C:\Temp\xcAsbn4.\driver_tmp_0.dat -E1 -ver=XC8 Compiler --acfsm=1493 \
  -ACODE=00h-07FFh -ASTRCODE=00h-07FFh -ASTRING=00h-0FFhx8 \
  -ACONST=00h-0FFhx8 -AENTRY=00h-0FFhx8 -ACOMMON=070h-07Fh \
  -ABANK0=020h-06Fh -ABANK1=0A0h-0EFh -ABANK2=0120h-014Fh \
  -ARAM=020h-06Fh,0A0h-0EFh,0120h-014Fh \
  -AABS1=020h-07Fh,0A0h-0EFh,0120h-014Fh -ASFR0=00h-01Fh -ASFR1=080h-09Fh \
  -ASFR2=0100h-011Fh -ASFR3=0180h-01EFh -ACONFIG=02007h-02007h -DCONFIG=2 \
  -AIDLOC=02000h-02003h -DIDLOC=2 -AEEDATA=00h-07Fh/02100h \
  -peeprom_data=EEDATA -DEEDATA=2 -DCODE=2 -DSTRCODE=2 -DSTRING=2 -DCONST=2 \
  -DENTRY=2 -preset_vec=00h,intentry,init,end_init -ppowerup=CODE \
  -pcinit=CODE -pfunctab=ENTRY -k C:\Temp\xcAsbn4.\driver_tmp_13.o \
  dist/default/debug\NRF24l01P_Remote.debug.o 

Object code version is 3.11

Machine type is 16F628A



                Name                               Link     Load   Length Selector   Space Scale
C:\Temp\xcAsbn4.\driver_tmp_13.o
                end_init                              0        0        1        0       0
                config                             2007     2007        1        0       4
                idloc                              2000     2000        4        0       5
dist/default/debug\NRF24l01P_Remote.debug.o
                cinit                               7F7      7F7        9      FEE       0
                config                             2007     2007        1        0       4
                idloc                              2000     2000        4        0       5
                text23                              644      644       17      C88       0
                text22                              674      674       1A      CE8       0
                text21                              68E      68E       1C      D1C       0
                text20                              5A3      5A3        E      B46       0
                text19                              5BF      5BF        F      B7E       0
                text18                              604      604       15      C08       0
                text17                              589      589        8      B12       0
                text16                              62E      62E       16      C5C       0
                text15                              619      619       15      C32       0
                text14                              571      571        5      AE2       0
                text13                              5CE      5CE       11      B9C       0
                text12                              6E6      6E6       3A      DCC       0
                text11                              599      599        A      B32       0
                text10                              5F1      5F1       13      BE2       0
                text9                               576      576        6      AEC       0
                text8                               57C      57C        6      AF8       0
                text7                               582      582        7      B04       0
                text6                               5B1      5B1        E      B62       0
                text5                               6C7      6C7       1F      D8E       0
                text4                               65B      65B       19      CB6       0
                text3                               5DF      5DF       12      BBE       0
                text2                               6AA      6AA       1D      D54       0
                text1                               720      720       69      E40       0
                maintext                            789      789       6E      F12       0
                cstackBANK0                          30       30        5       20       1
                cstackCOMMON                         70       70        C       70       1
                clrtext                             591      591        8      B22       0
                bssBANK0                             20       20       10       20       1
                bssCOMMON                            7C       7C        2       70       1
                strings                               1        1       2A        2       0

TOTAL           Name                               Link     Load   Length     Space
        CLASS   CODE           
                end_init                              0        0        1         0
                cinit                               7F7      7F7        9         0
                text23                              644      644       17         0
                text22                              674      674       1A         0
                text21                              68E      68E       1C         0
                text20                              5A3      5A3        E         0
                text19                              5BF      5BF        F         0
                text18                              604      604       15         0
                text17                              589      589        8         0
                text16                              62E      62E       16         0
                text15                              619      619       15         0
                text14                              571      571        5         0
                text13                              5CE      5CE       11         0
                text12                              6E6      6E6       3A         0
                text11                              599      599        A         0
                text10                              5F1      5F1       13         0
                text9                               576      576        6         0
                text8                               57C      57C        6         0
                text7                               582      582        7         0
                text6                               5B1      5B1        E         0
                text5                               6C7      6C7       1F         0
                text4                               65B      65B       19         0
                text3                               5DF      5DF       12         0
                text2                               6AA      6AA       1D         0
                text1                               720      720       69         0
                maintext                            789      789       6E         0
                clrtext                             591      591        8         0

        CLASS   STRCODE        

        CLASS   STRING         
                strings                               1        1       2A         0

        CLASS   CONST          

        CLASS   ENTRY          

        CLASS   COMMON         
                cstackCOMMON                         70       70        C         1
                bssCOMMON                            7C       7C        2         1

        CLASS   BANK0          
                cstackBANK0                          30       30        5         1
                bssBANK0                             20       20       10         1

        CLASS   BANK1          

        CLASS   BANK2          

        CLASS   RAM            

        CLASS   ABS1           
                abs_s1                               7E       7E        2         1

        CLASS   SFR0           

        CLASS   SFR1           

        CLASS   SFR2           

        CLASS   SFR3           

        CLASS   CONFIG         
                config                             2007     2007        1         4

        CLASS   IDLOC          
                idloc                              2000     2000        4         5

        CLASS   EEDATA         

        CLASS   BANK3          

        CLASS   STACK          



SEGMENTS        Name                           Load    Length   Top    Selector   Space  Class     Delta

                reset_vec                      000000  000001  000001         0       0  CODE        2
                strings                        000001  00002A  00002B         2       0  STRING      2
                bssBANK0                       000020  000015  000035        20       1  BANK0       1
                cstackCOMMON                   000070  00000E  00007E        70       1  COMMON      1
                text14                         000571  000005  000576       AE2       0  CODE        2
                text9                          000576  000006  00057C       AEC       0  CODE        2
                text8                          00057C  000006  000582       AF8       0  CODE        2
                text7                          000582  000007  000589       B04       0  CODE        2
                text17                         000589  000008  000591       B12       0  CODE        2
                clrtext                        000591  000008  000599       B22       0  CODE        2
                text11                         000599  00000A  0005A3       B32       0  CODE        2
                text20                         0005A3  00000E  0005B1       B46       0  CODE        2
                text6                          0005B1  00000E  0005BF       B62       0  CODE        2
                text19                         0005BF  00000F  0005CE       B7E       0  CODE        2
                text13                         0005CE  000011  0005DF       B9C       0  CODE        2
                text3                          0005DF  000012  0005F1       BBE       0  CODE        2
                text10                         0005F1  000013  000604       BE2       0  CODE        2
                text18                         000604  000015  000619       C08       0  CODE        2
                text15                         000619  000015  00062E       C32       0  CODE        2
                text16                         00062E  000016  000644       C5C       0  CODE        2
                text23                         000644  000017  00065B       C88       0  CODE        2
                text4                          00065B  000019  000674       CB6       0  CODE        2
                text22                         000674  00001A  00068E       CE8       0  CODE        2
                text21                         00068E  00001C  0006AA       D1C       0  CODE        2
                text2                          0006AA  00001D  0006C7       D54       0  CODE        2
                text5                          0006C7  00001F  0006E6       D8E       0  CODE        2
                text12                         0006E6  00003A  000720       DCC       0  CODE        2
                text1                          000720  000069  000789       E40       0  CODE        2
                maintext                       000789  00006E  0007F7       F12       0  CODE        2
                cinit                          0007F7  000009  000800       FEE       0  CODE        2


UNUSED ADDRESS RANGES

        Name                Unused          Largest block    Delta
        BANK0            0035-006F             3B           1
        BANK1            00A0-00EF             50           1
        BANK2            0120-014F             30           1
        CODE             002B-0570            546           2
        CONST            002B-0570            100           2
        EEDATA           2100-217F             80           2
        ENTRY            002B-0570            100           2
        RAM              0035-006F             3B           1
                         00A0-00EF             50
                         0120-014F             30
        SFR0             0000-001F             20           1
        SFR1             0080-009F             20           1
        SFR2             0100-011F             20           1
        SFR3             0180-01EF             70           1
        STRCODE          002B-0570            546           2
        STRING           002B-0570            100           2

                                  Symbol Table

?___wmul                     cstackCOMMON 0070
PL2                          text13       05D7
PL4                          text22       0682
PL6                          text22       0688
_CMCON                       (abs)        001F
_OPTION_REGbits              (abs)        0081
_PORTA                       (abs)        0005
_PORTAbits                   (abs)        0005
_PORTB                       (abs)        0006
_PORTBbits                   (abs)        0006
_RCSTAbits                   (abs)        0018
_SPBRG                       (abs)        0099
_TRISA                       (abs)        0085
_TRISAbits                   (abs)        0085
_TRISB                       (abs)        0086
_TRISBbits                   (abs)        0086
_TXSTAbits                   (abs)        0098
__H__absolute__              __absolute__ 0000
__Habs1                      abs1         0000
__Hbank0                     bank0        0000
__Hbank1                     bank1        0000
__Hbank2                     bank2        0000
__Hbank3                     bank3        0000
__HbssBANK0                  bssBANK0     0000
__HbssCOMMON                 bssCOMMON    0000
__Hcinit                     cinit        0800
__Hclrtext                   clrtext      0000
__Hcode                      code         0000
__Hcommon                    common       0000
__Hconfig                    config       2008
__HcstackBANK0               cstackBANK0  0000
__HcstackCOMMON              cstackCOMMON 0000
__Heeprom_data               eeprom_data  0000
__Hend_init                  end_init     0001
__Hfunctab                   functab      0000
__Hidloc                     idloc        2004
__Hinit                      init         0000
__Hintentry                  intentry     0000
__Hmaintext                  maintext     0000
__Hpa_nodes0                 pa_nodes0    0000
__Hpowerup                   powerup      0000
__Hram                       ram          0000
__Hreset_vec                 reset_vec    0000
__Hsfr0                      sfr0         0000
__Hsfr1                      sfr1         0000
__Hsfr2                      sfr2         0000
__Hsfr3                      sfr3         0000
__Hspace_0                   (abs)        0800
__Hspace_1                   (abs)        007E
__Hspace_2                   (abs)        0000
__Hspace_3                   (abs)        0000
__Hspace_4                   (abs)        400F
__Hstack                     stack        0000
__Hstrings                   strings      0000
__Htext                      text         0000
__L__absolute__              __absolute__ 0000
__Labs1                      abs1         0000
__Lbank0                     bank0        0000
__Lbank1                     bank1        0000
__Lbank2                     bank2        0000
__Lbank3                     bank3        0000
__LbssBANK0                  bssBANK0     0000
__LbssCOMMON                 bssCOMMON    0000
__Lcinit                     cinit        07F7
__Lclrtext                   clrtext      0000
__Lcode                      code         0000
__Lcommon                    common       0000
__Lconfig                    config       0000
__LcstackBANK0               cstackBANK0  0000
__LcstackCOMMON              cstackCOMMON 0000
__Leeprom_data               eeprom_data  0000
__Lend_init                  end_init     0000
__Lfunctab                   functab      0000
__Lidloc                     idloc        0000
__Linit                      init         0000
__Lintentry                  intentry     0000
__Lmaintext                  maintext     0000
__Lpa_nodes0                 pa_nodes0    0000
__Lpowerup                   powerup      0000
__Lram                       ram          0000
__Lreset_vec                 reset_vec    0000
__Lsfr0                      sfr0         0000
__Lsfr1                      sfr1         0000
__Lsfr2                      sfr2         0000
__Lsfr3                      sfr3         0000
__Lspace_0                   (abs)        0000
__Lspace_1                   (abs)        0000
__Lspace_2                   (abs)        0000
__Lspace_3                   (abs)        0000
__Lspace_4                   (abs)        0000
__Lstack                     stack        0000
__Lstrings                   strings      0000
__Ltext                      text         0000
__S0                         (abs)        0800
__S1                         (abs)        007E
__S3                         (abs)        0000
___int_sp                    stack        0000
___latbits                   (abs)        0000
___sp                        stack        0000
___stackhi                   (abs)        0000
___stacklo                   (abs)        0000
___wmul                      text4        065B
___wmul@multiplicand         cstackCOMMON 0072
___wmul@multiplier           cstackCOMMON 0070
___wmul@product              cstackCOMMON 0074
__end_ofPL2                  text13       05DF
__end_ofPL4                  text22       0688
__end_ofPL6                  text22       068E
__end_of___wmul              text4        0674
__end_of__initialization     cinit        07FE
__end_of__stringtab          strings      0011
__end_of_fract               strings      0021
__end_of_init_Cpu            text10       0604
__end_of_init_ds18b20        text20       05B1
__end_of_init_uart           text19       05CE
__end_of_main                maintext     07F7
__end_of_nrf24_getStatus     text9        057C
__end_of_nrf24_init          text12       0720
__end_of_nrf24_isSending     text8        0582
__end_of_nrf24_messageStatus text7        0589
__end_of_nrf24_powerUpRx     text16       0644
__end_of_nrf24_powerUpTx     text6        05BF
__end_of_nrf24_rx_address    text14       0576
__end_of_nrf24_send          text5        06E6
__end_of_nrf24_tx_address    text13       05D7
__end_of_nrf24_write_buf     text15       062E
__end_of_nrf24_write_reg     text17       0591
__end_of_nrf_rx_address      strings      0026
__end_of_nrf_tx_address      strings      002B
__end_of_ow_reset            text23       065B
__end_of_readTemp_Single     text1        0789
__end_of_read_bit            text3        05F1
__end_of_read_byte           text2        06C7
__end_of_spi_init            text11       05A3
__end_of_spi_rw              text18       0619
__end_of_write_bit           text22       0682
__end_of_write_byte          text21       06AA
__initialization             cinit        07F7
__pbssBANK0                  bssBANK0     0020
__pbssCOMMON                 bssCOMMON    007C
__pcstackBANK0               cstackBANK0  0030
__pcstackCOMMON              cstackCOMMON 0070
__pmaintext                  maintext     0789
__pstrings                   strings      0001
__ptext1                     text1        0720
__ptext10                    text10       05F1
__ptext11                    text11       0599
__ptext12                    text12       06E6
__ptext13                    text13       05CE
__ptext14                    text14       0571
__ptext15                    text15       0619
__ptext16                    text16       062E
__ptext17                    text17       0589
__ptext18                    text18       0604
__ptext19                    text19       05BF
__ptext2                     text2        06AA
__ptext20                    text20       05A3
__ptext21                    text21       068E
__ptext22                    text22       0674
__ptext23                    text23       0644
__ptext3                     text3        05DF
__ptext4                     text4        065B
__ptext5                     text5        06C7
__ptext6                     text6        05B1
__ptext7                     text7        0582
__ptext8                     text8        057C
__ptext9                     text9        0576
__stringbase                 strings      0010
__stringtab                  strings      0001
_data_array                  bssBANK0     002A
_fract                       strings      0011
_init_Cpu                    text10       05F1
_init_ds18b20                text20       05A3
_init_uart                   text19       05BF
_main                        maintext     0789
_minus                       bssCOMMON    007D
_nrf24_getStatus             text9        0576
_nrf24_init                  text12       06E6
_nrf24_isSending             text8        057C
_nrf24_messageStatus         text7        0582
_nrf24_powerUpRx             text16       062E
_nrf24_powerUpTx             text6        05B1
_nrf24_rx_address            text14       0571
_nrf24_send                  text5        06C7
_nrf24_tx_address            text13       05CE
_nrf24_write_buf             text15       0619
_nrf24_write_reg             text17       0589
_nrf_rx_address              strings      0021
_nrf_tx_address              strings      0026
_ow_reset                    text23       0644
_pay_len                     bssBANK0     0029
_readTemp_Single             text1        0720
_read_bit                    text3        05DF
_read_byte                   text2        06AA
_scratch                     bssBANK0     0020
_spi_init                    text11       0599
_spi_rw                      text18       0604
_temp                        bssCOMMON    007C
_temperature                 bssBANK0     002E
_write_bit                   text22       0674
_write_byte                  text21       068E
btemp                        (abs)        007E
clear_ram0                   clrtext      0591
end_of_initialization        cinit        07FE
intlevel0                    functab      0000
intlevel1                    functab      0000
intlevel2                    functab      0000
intlevel3                    functab      0000
intlevel4                    functab      0000
intlevel5                    functab      0000
nrf24_getStatus@r_status     cstackCOMMON 0072
nrf24_init@channel           cstackCOMMON 0079
nrf24_init@pay_length        cstackCOMMON 0078
nrf24_isSending@status       cstackCOMMON 0073
nrf24_messageStatus@r_status cstackCOMMON 0073
nrf24_rx_address@adr         cstackCOMMON 0077
nrf24_send@value             cstackCOMMON 0079
nrf24_tx_address@adr         cstackCOMMON 0077
nrf24_write_buf@i            cstackCOMMON 0076
nrf24_write_buf@length       cstackCOMMON 0074
nrf24_write_buf@pBuf         cstackCOMMON 0072
nrf24_write_buf@reg          cstackCOMMON 0075
nrf24_write_reg@reg          cstackCOMMON 0073
nrf24_write_reg@value        cstackCOMMON 0072
ow_reset@presence            cstackCOMMON 0071
readTemp_Single@buf          cstackBANK0  0030
readTemp_Single@i            cstackBANK0  0032
readTemp_Single@minus        cstackCOMMON 0076
readTemp_Single@temp         cstackBANK0  0033
readTemp_Single@tmp          cstackBANK0  0031
read_byte@i                  cstackCOMMON 0073
read_byte@val                cstackCOMMON 0072
reset_vec                    reset_vec    0000
spi_rw@i                     cstackCOMMON 0071
spi_rw@value                 cstackCOMMON 0070
start                        init         0000
start_initialization         cinit        07F7
write_bit@bitval             cstackCOMMON 0071
write_byte@i                 cstackCOMMON 0075
write_byte@temp              cstackCOMMON 0074
write_byte@val               cstackCOMMON 0073
wtemp0                       (abs)        007E


MODULE INFORMATION

Module		Function		Class		Link	Load	Size
C:\Program Files\Microchip\xc8\v2.41\pic\sources\c90\common\Umul16.c
		___wmul        		CODE           	065B	0000	25

C:\Program Files\Microchip\xc8\v2.41\pic\sources\c90\common\Umul16.c estimated size: 25

usart.c
		_init_uart     		CODE           	05BF	0000	15

usart.c estimated size: 15

nrf24l01p.c
		_nrf24_tx_address		CODE           	05CE	0000	9
		_nrf24_send    		CODE           	06C7	0000	31
		_nrf24_init    		CODE           	06E6	0000	58
		_nrf24_write_reg		CODE           	0589	0000	8
		_nrf24_write_buf		CODE           	0619	0000	21
		_nrf24_getStatus		CODE           	0576	0000	6
		_nrf24_powerUpRx		CODE           	062E	0000	22
		_nrf24_powerUpTx		CODE           	05B1	0000	14
		_nrf24_rx_address		CODE           	0571	0000	5
		_nrf24_messageStatus		CODE           	0582	0000	7
		_nrf24_isSending		CODE           	057C	0000	6

nrf24l01p.c estimated size: 187

onewire.c
		_ow_reset      		CODE           	0644	0000	23
		_read_bit      		CODE           	05DF	0000	18
		_read_byte     		CODE           	06AA	0000	29
		_write_bit     		CODE           	0674	0000	14
		_write_byte    		CODE           	068E	0000	28

onewire.c estimated size: 112

spi.c
		_spi_init      		CODE           	0599	0000	10
		_spi_rw        		CODE           	0604	0000	21

spi.c estimated size: 31

shared
		__stringtab    		STRING         	0001	0000	16
		_nrf_tx_address		STRING         	0026	0000	5
		_fract         		STRING         	0011	0000	16
		__initialization		CODE           	07F7	0000	7
		_nrf_rx_address		STRING         	0021	0000	5
		PL2            		CODE           	05D7	0000	8
		PL4            		CODE           	0682	0000	6
		PL6            		CODE           	0688	0000	6

shared estimated size: 69

ds18b20.c
		_init_ds18b20  		CODE           	05A3	0000	14
		_readTemp_Single		CODE           	0720	0000	105

ds18b20.c estimated size: 119

main.c
		_main          		CODE           	0789	0000	110
		_init_Cpu      		CODE           	05F1	0000	19

main.c estimated size: 129

