Microchip MPLAB XC8 Compiler V3.00

Linker command line:

-W-3 \
  --edf=C:\Program Files\Microchip\xc8\v3.00\pic\dat\20241204225717_en.msgs \
  -cn -h+dist/Default_Non_Loader/production\4550.production.sym \
  --cmf=dist/Default_Non_Loader/production\4550.production.cmf -z -Q18F4550 \
  -oC:\Temp\xcAs1b8.\driver_tmp_3.o --defsym=__MPLAB_BUILD=1 \
  --fixupoverflow=error \
  -Mdist/Default_Non_Loader/production/4550.production.map \
  --md=C:\Temp\xcAs1b8.\driver_tmp_0.dat -E1 -ver=XC8 Compiler \
  -ACODE=00h-07FFFh -ACONST=00h-07FFFh -ASMALLCONST=0800h-08FFhx120 \
  -AMEDIUMCONST=0800h-07FFFh -ACOMRAM=01h-05Fh -AABS1=00h-07FFh \
  -ABIGRAM=01h-07FFh -ARAM=060h-0FFh,0100h-01FFhx7 -ABANK0=060h-0FFh \
  -ABANK1=0100h-01FFh -ABANK2=0200h-02FFh -ABANK3=0300h-03FFh \
  -ABANK4=0400h-04FFh -ABANK5=0500h-05FFh -ABANK6=0600h-06FFh \
  -ABANK7=0700h-07FFh -ASFR=0F60h-0FFFh -ABIGSFR=0F60h-0FFFh \
  -ACONFIG=0300000h-030000Dh -AIDLOC=0200000h-0200007h \
  -AEEDATA=0F00000h-0F000FFh -peeprom_data=EEDATA \
  -preset_vec=00h,intcode=8h,intcodelo=18h,sivt_lo,sivt_hi=CODE \
  -ppowerup=CODE,init -pramtop=0800h -psmallconst=SMALLCONST \
  -pmediumconst=MEDIUMCONST -pconst=CONST -AFARRAM=00h-00h \
  -prdata=COMRAM,nvrram=COMRAM,nvbit=COMRAM,rbss=COMRAM,rbit=COMRAM \
  -pfarbss=FARRAM,fardata=FARRAM,nvFARRAM=FARRAM \
  -pintsave_regs=BIGRAM,bigbss=BIGRAM,bigdata=BIGRAM -pbss=RAM \
  -pidata=CODE,irdata=CODE,ibigdata=CODE,ifardata=CODE -prparam=COMRAM \
  C:\Temp\xcAs1b8.\driver_tmp_9.o \
  dist/Default_Non_Loader/production\4550.production.o 

Object code version is 3.11

Machine type is 18F4550



                Name                               Link     Load   Length Selector   Space Scale
C:\Temp\xcAs1b8.\driver_tmp_9.o
                config                           300000   300000        E        0       4
                init                                  E        E        4        4       0
                reset_vec                             0        0        4        0       0
dist/Default_Non_Loader/production\4550.production.o
                eeprom_data                      F00000   F00000       10   F00000       0
                intcode                               8        8        6        4       0
                config                           300000   300000        E        0       4
                temp                                 5B       5B        1        1       1
                mediumconst                        7814     7814      7EC     3C0A       0
                text158                            5390     5390       38        4       0
                text157                            4886     4886       70        4       0
                text156                            5A7C     5A7C       10     2D1E       0
                text155                            5A6C     5A6C       10     2D1E       0
                text154                            479C     479C       76        4       0
                intcode_body                       444E     444E       7E        4       0
                text152                            580A     580A       22        4       0
                text151                            588A     588A       1E        4       0
                text150                            526E     526E       3C        4       0
                text149                            434A     434A       86        4       0
                text148                            42B8     42B8       92        4       0
                text147                            5A18     5A18       12        4       0
                text146                            5230     5230       3E        4       0
                text145                            5498     5498       32        4       0
                text144                            5582     5582       2C        4       0
                text143                            5678     5678       28        4       0
                text142                            43D0     43D0       7E        4       0
                text141                            59E0     59E0       14        4       0
                text140                            5780     5780       24        4       0
                text139                            531E     531E       3A        4       0
                text138                            58E0     58E0       1A        4       0
                text137                            5136     5136       40        4       0
                text136                            57E8     57E8       22        4       0
                text135                            5358     5358       38        4       0
                text134                            404C     404C       A6        4       0
                text133                            53C8     53C8       36        4       0
                text132                            51F2     51F2       3E        4       0
                text131                            3EF8     3EF8       AE        4       0
                text130                            5650     5650       28        4       0
                text129                            5AD2     5AD2        A     2D1E       0
                text128                            5AF4     5AF4        8     2D1E       0
                text127                            5AC8     5AC8        A     2D1E       0
                text126                            5AB2     5AB2        C     2D1E       0
                text125                            5AA6     5AA6        C     2D1E       0
                text124                            4AFE     4AFE       64        4       0
                text123                            4FA2     4FA2       4A        4       0
                text122                            51B4     51B4       3E        4       0
                text121                            4726     4726       76        4       0
                text120                            418C     418C       9A        4       0
                text119                            4C84     4C84       58        4       0
                text118                            4812     4812       74        4       0
                text117                            4A9A     4A9A       64        4       0
                text116                            3E44     3E44       B4        4       0
                text115                            55AE     55AE       2A        4       0
                text114                            5A5C     5A5C       10     2D1E       0
                text113                            595A     595A       18        4       0
                text112                            5A8C     5A8C        E     2D1E       0
                text111                            59CA     59CA       16        4       0
                text110                            5528     5528       2E        4       0
                text109                            59B4     59B4       16        4       0
                text108                            58C4     58C4       1C        4       0
                text107                            5466     5466       32        4       0
                text106                            54FA     54FA       2E        4       0
                text105                            5A06     5A06       12        4       0
                text104                            586C     586C       1E        4       0
                text103                            40F2     40F2       9A        4       0
                text102                            46B0     46B0       76        4       0
                text101                            4EC2     4EC2       4C        4       0
                text100                            5A4C     5A4C       10     2D1E       0
                text99                             575C     575C       24        4       0
                text98                             5AEC     5AEC        8     2D1E       0
                text97                             5AE4     5AE4        8     2D1E       0
                text96                             5ADC     5ADC        8     2D1E       0
                text95                             5A9A     5A9A        C     2D1E       0
                text94                             44CC     44CC       7C        4       0
                text93                             3FA6     3FA6       A6        4       0
                text92                             5628     5628       28        4       0
                text91                              650      650      638        4       0
                text90                             5600     5600       28        4       0
                text89                             1550     1550      250        4       0
                text88                             599E     599E       16        4       0
                text87                             5712     5712       26        4       0
                text86                             45C2     45C2       78        4       0
                text85                             4B62     4B62       62        4       0
                text84                             2F58     2F58      112        4       0
                text83                             2896     2896      136        4       0
                text82                             56EC     56EC       26        4       0
                text81                             5030     5030       44        4       0
                text80                             4E76     4E76       4C        4       0
                text79                             49CE     49CE       68        4       0
                text78                             5432     5432       34        4       0
                text77                             3D8E     3D8E       B6        4       0
                text76                             1BF2     1BF2      1E2        4       0
                text75                             5988     5988       16        4       0
                text74                             48F6     48F6       6E        4       0
                text73                             4CDC     4CDC       56        4       0
                text72                             4226     4226       92        4       0
                text71                             2308     2308      17E        4       0
                text70                             4A36     4A36       64        4       0
                text69                             52E4     52E4       3A        4       0
                text68                             4F58     4F58       4A        4       0
                text67                             50F6     50F6       40        4       0
                text66                             50B6     50B6       40        4       0
                text65                              FFC      FFC      2BA        4       0
                text64                             52AA     52AA       3A        4       0
                text63                             3CD6     3CD6       B8        4       0
                text62                             5074     5074       42        4       0
                text61                             4FEC     4FEC       44        4       0
                text60                             2752     2752      144        4       0
                text59                             4E2A     4E2A       4C        4       0
                text58                             584C     584C       20        4       0
                text57                             57C6     57C6       22        4       0
                text56                             56C6     56C6       26        4       0
                text55                             4C24     4C24       60        4       0
                text54                             5176     5176       3E        4       0
                text53                             56A0     56A0       26        4       0
                text52                             5ABE     5ABE        A     2D1E       0
                text51                             5942     5942       18        4       0
                text50                             592A     592A       18        4       0
                text49                               12       12      63E        4       0
                text48                             5B10     5B10        6     2D82       0
                text47                             2168     2168      1A0        4       0
                text46                             2D30     2D30      116        4       0
                text45                             582C     582C       20        4       0
                text44                             463A     463A       76        4       0
                text43                             17A0     17A0      23A        4       0
                text42                              C88      C88      374        4       0
                text41                             3614     3614       E0        4       0
                text40                             2486     2486      174        4       0
                text39                             19DA     19DA      218        4       0
                text38                             4964     4964       6A        4       0
                text37                             4DDA     4DDA       50        4       0
                text36                             4D86     4D86       54        4       0
                text35                             4BC4     4BC4       60        4       0
                text34                             1FB4     1FB4      1B4        4       0
                text33                             3272     3272       F0        4       0
                text32                             12B6     12B6      29A        4       0
                text31                             25FA     25FA      158        4       0
                text30                             1DD4     1DD4      1E0        4       0
                text29                             344C     344C       E8        4       0
                text28                             3534     3534       E0        4       0
                text27                             2AF8     2AF8      120        4       0
                text26                             36F4     36F4       DE        4       0
                text25                             3172     3172      100        4       0
                text24                             3C02     3C02       D4        4       0
                text23                             3B2E     3B2E       D4        4       0
                text22                             3A5A     3A5A       D4        4       0
                text21                             37D2     37D2       DA        4       0
                text20                             3362     3362       EA        4       0
                text19                             306A     306A      108        4       0
                text18                             4F0E     4F0E       4A        4       0
                text17                             29CC     29CC      12C        4       0
                text16                             2E46     2E46      112        4       0
                text15                             5556     5556       2C        4       0
                text14                             5972     5972       16        4       0
                text13                             54CA     54CA       30        4       0
                text12                             5B0A     5B0A        6     2D82       0
                text11                             4D32     4D32       54        4       0
                text10                             59F4     59F4       12        4       0
                text9                              58A8     58A8       1C        4       0
                text8                              5738     5738       24        4       0
                text7                              3984     3984       D6        4       0
                text6                              55D8     55D8       28        4       0
                text5                              57A4     57A4       22        4       0
                text4                              5912     5912       18        4       0
                text3                              5B04     5B04        6     2D82       0
                text2                              5A3C     5A3C       10     2D1E       0
                text1                              2C18     2C18      118        4       0
                text0                              4548     4548       7A        4       0
                cstackCOMRAM                          1        1       2B        1       1
                cstackBANK1                         1FD      1FD        2      100       1
                cstackBANK2                         2C6      2C6       1B      200       1
                cstackBANK3                         394      394       14      300       1
                bssBANK4                            400      400       96      400       1
                bssBANK3                            300      300       94      300       1
                dataBANK2                           2E1      2E1       18      200       1
                bssBANK2                            200      200       C6      200       1
                dataBANK1                           1C9      1C9       34      100       1
                bssBANK1                            100      100       C9      100       1
                dataBANK0                            F8       F8        7       60       1
                bssBANK0                             60       60       98       60       1
                dataCOMRAM                           49       49       11        1       1
                bssCOMRAM                            2C       2C       1D        1       1
                bitbssCOMRAM                        2D0       5A        5        1       1     8
                cinit                              38AC     38AC       D8        4       0
                idataBANK2                         58FA     58FA       18        4       0
                idataBANK1                         53FE     53FE       34        4       0
                idataBANK0                         5AFC     5AFC        7     2D1E       0
                idataCOMRAM                        5A2A     5A2A       11        4       0

TOTAL           Name                               Link     Load   Length     Space
        CLASS   CODE           
                intcode                               8        8        6         0
                init                                  E        E        4         0
                reset_vec                             0        0        4         0
                text158                            5390     5390       38         0
                text157                            4886     4886       70         0
                text156                            5A7C     5A7C       10         0
                text155                            5A6C     5A6C       10         0
                text154                            479C     479C       76         0
                intcode_body                       444E     444E       7E         0
                text152                            580A     580A       22         0
                text151                            588A     588A       1E         0
                text150                            526E     526E       3C         0
                text149                            434A     434A       86         0
                text148                            42B8     42B8       92         0
                text147                            5A18     5A18       12         0
                text146                            5230     5230       3E         0
                text145                            5498     5498       32         0
                text144                            5582     5582       2C         0
                text143                            5678     5678       28         0
                text142                            43D0     43D0       7E         0
                text141                            59E0     59E0       14         0
                text140                            5780     5780       24         0
                text139                            531E     531E       3A         0
                text138                            58E0     58E0       1A         0
                text137                            5136     5136       40         0
                text136                            57E8     57E8       22         0
                text135                            5358     5358       38         0
                text134                            404C     404C       A6         0
                text133                            53C8     53C8       36         0
                text132                            51F2     51F2       3E         0
                text131                            3EF8     3EF8       AE         0
                text130                            5650     5650       28         0
                text129                            5AD2     5AD2        A         0
                text128                            5AF4     5AF4        8         0
                text127                            5AC8     5AC8        A         0
                text126                            5AB2     5AB2        C         0
                text125                            5AA6     5AA6        C         0
                text124                            4AFE     4AFE       64         0
                text123                            4FA2     4FA2       4A         0
                text122                            51B4     51B4       3E         0
                text121                            4726     4726       76         0
                text120                            418C     418C       9A         0
                text119                            4C84     4C84       58         0
                text118                            4812     4812       74         0
                text117                            4A9A     4A9A       64         0
                text116                            3E44     3E44       B4         0
                text115                            55AE     55AE       2A         0
                text114                            5A5C     5A5C       10         0
                text113                            595A     595A       18         0
                text112                            5A8C     5A8C        E         0
                text111                            59CA     59CA       16         0
                text110                            5528     5528       2E         0
                text109                            59B4     59B4       16         0
                text108                            58C4     58C4       1C         0
                text107                            5466     5466       32         0
                text106                            54FA     54FA       2E         0
                text105                            5A06     5A06       12         0
                text104                            586C     586C       1E         0
                text103                            40F2     40F2       9A         0
                text102                            46B0     46B0       76         0
                text101                            4EC2     4EC2       4C         0
                text100                            5A4C     5A4C       10         0
                text99                             575C     575C       24         0
                text98                             5AEC     5AEC        8         0
                text97                             5AE4     5AE4        8         0
                text96                             5ADC     5ADC        8         0
                text95                             5A9A     5A9A        C         0
                text94                             44CC     44CC       7C         0
                text93                             3FA6     3FA6       A6         0
                text92                             5628     5628       28         0
                text91                              650      650      638         0
                text90                             5600     5600       28         0
                text89                             1550     1550      250         0
                text88                             599E     599E       16         0
                text87                             5712     5712       26         0
                text86                             45C2     45C2       78         0
                text85                             4B62     4B62       62         0
                text84                             2F58     2F58      112         0
                text83                             2896     2896      136         0
                text82                             56EC     56EC       26         0
                text81                             5030     5030       44         0
                text80                             4E76     4E76       4C         0
                text79                             49CE     49CE       68         0
                text78                             5432     5432       34         0
                text77                             3D8E     3D8E       B6         0
                text76                             1BF2     1BF2      1E2         0
                text75                             5988     5988       16         0
                text74                             48F6     48F6       6E         0
                text73                             4CDC     4CDC       56         0
                text72                             4226     4226       92         0
                text71                             2308     2308      17E         0
                text70                             4A36     4A36       64         0
                text69                             52E4     52E4       3A         0
                text68                             4F58     4F58       4A         0
                text67                             50F6     50F6       40         0
                text66                             50B6     50B6       40         0
                text65                              FFC      FFC      2BA         0
                text64                             52AA     52AA       3A         0
                text63                             3CD6     3CD6       B8         0
                text62                             5074     5074       42         0
                text61                             4FEC     4FEC       44         0
                text60                             2752     2752      144         0
                text59                             4E2A     4E2A       4C         0
                text58                             584C     584C       20         0
                text57                             57C6     57C6       22         0
                text56                             56C6     56C6       26         0
                text55                             4C24     4C24       60         0
                text54                             5176     5176       3E         0
                text53                             56A0     56A0       26         0
                text52                             5ABE     5ABE        A         0
                text51                             5942     5942       18         0
                text50                             592A     592A       18         0
                text49                               12       12      63E         0
                text48                             5B10     5B10        6         0
                text47                             2168     2168      1A0         0
                text46                             2D30     2D30      116         0
                text45                             582C     582C       20         0
                text44                             463A     463A       76         0
                text43                             17A0     17A0      23A         0
                text42                              C88      C88      374         0
                text41                             3614     3614       E0         0
                text40                             2486     2486      174         0
                text39                             19DA     19DA      218         0
                text38                             4964     4964       6A         0
                text37                             4DDA     4DDA       50         0
                text36                             4D86     4D86       54         0
                text35                             4BC4     4BC4       60         0
                text34                             1FB4     1FB4      1B4         0
                text33                             3272     3272       F0         0
                text32                             12B6     12B6      29A         0
                text31                             25FA     25FA      158         0
                text30                             1DD4     1DD4      1E0         0
                text29                             344C     344C       E8         0
                text28                             3534     3534       E0         0
                text27                             2AF8     2AF8      120         0
                text26                             36F4     36F4       DE         0
                text25                             3172     3172      100         0
                text24                             3C02     3C02       D4         0
                text23                             3B2E     3B2E       D4         0
                text22                             3A5A     3A5A       D4         0
                text21                             37D2     37D2       DA         0
                text20                             3362     3362       EA         0
                text19                             306A     306A      108         0
                text18                             4F0E     4F0E       4A         0
                text17                             29CC     29CC      12C         0
                text16                             2E46     2E46      112         0
                text15                             5556     5556       2C         0
                text14                             5972     5972       16         0
                text13                             54CA     54CA       30         0
                text12                             5B0A     5B0A        6         0
                text11                             4D32     4D32       54         0
                text10                             59F4     59F4       12         0
                text9                              58A8     58A8       1C         0
                text8                              5738     5738       24         0
                text7                              3984     3984       D6         0
                text6                              55D8     55D8       28         0
                text5                              57A4     57A4       22         0
                text4                              5912     5912       18         0
                text3                              5B04     5B04        6         0
                text2                              5A3C     5A3C       10         0
                text1                              2C18     2C18      118         0
                text0                              4548     4548       7A         0
                cinit                              38AC     38AC       D8         0
                idataBANK2                         58FA     58FA       18         0
                idataBANK1                         53FE     53FE       34         0
                idataBANK0                         5AFC     5AFC        7         0
                idataCOMRAM                        5A2A     5A2A       11         0

        CLASS   CONST          

        CLASS   SMALLCONST     

        CLASS   MEDIUMCONST    
                mediumconst                        7814     7814      7EC         0

        CLASS   COMRAM         
                temp                                 5B       5B        1         1
                cstackCOMRAM                          1        1       2B         1
                dataCOMRAM                           49       49       11         1
                bssCOMRAM                            2C       2C       1D         1
                bitbssCOMRAM                        2D0       5A        5         1

        CLASS   ABS1           

        CLASS   BIGRAM         

        CLASS   RAM            

        CLASS   BANK0          
                dataBANK0                            F8       F8        7         1
                bssBANK0                             60       60       98         1

        CLASS   BANK1          
                cstackBANK1                         1FD      1FD        2         1
                dataBANK1                           1C9      1C9       34         1
                bssBANK1                            100      100       C9         1

        CLASS   BANK2          
                cstackBANK2                         2C6      2C6       1B         1
                dataBANK2                           2E1      2E1       18         1
                bssBANK2                            200      200       C6         1

        CLASS   BANK3          
                cstackBANK3                         394      394       14         1
                bssBANK3                            300      300       94         1

        CLASS   BANK4          
                bssBANK4                            400      400       96         1

        CLASS   BANK5          

        CLASS   BANK6          

        CLASS   BANK7          

        CLASS   SFR            

        CLASS   BIGSFR         

        CLASS   CONFIG         
                config                           300000   300000        E         4

        CLASS   IDLOC          

        CLASS   EEDATA         
                eeprom_data                      F00000   F00000       10         0

        CLASS   FARRAM         

        CLASS   HEAP           

        CLASS   STACK          



SEGMENTS        Name                           Load    Length   Top    Selector   Space  Class

                reset_vec                      000000  000004  000004         0       0  CODE    
                cstackCOMRAM                   000001  00005B  00005C         1       1  COMRAM  
                intcode                        000008  005A33  005A3B         4       0  CODE    
                bssBANK0                       000060  00009F  0000FF        60       1  BANK0   
                bssBANK1                       000100  0000FF  0001FF       100       1  BANK1   
                bssBANK2                       000200  0000F9  0002F9       200       1  BANK2   
                bssBANK3                       000300  0000A8  0003A8       300       1  BANK3   
                bssBANK4                       000400  000096  000496       400       1  BANK4   
                text2                          005A3C  0000C7  005B03      2D1E       0  CODE    
                text3                          005B04  000012  005B16      2D82       0  CODE    
                mediumconst                    007814  0007EC  008000      3C0A       0  MEDIUMCO
                eeprom_data                    F00000  000010  F00010    F00000       0  EEDATA  


UNUSED ADDRESS RANGES

        Name                Unused          Largest block    Delta
        BANK0            0000FF-0000FF                1
        BANK1            0001FF-0001FF                1
        BANK2            0002F9-0002FF                7
        BANK3            0003A8-0003FF               58
        BANK4            000496-0004FF               6A
        BANK5            000500-0005FF              100
        BANK6            000600-0006FF              100
        BANK7            000700-0007FF              100
        BIGRAM           00005C-00005F                4
                         0000FF-0000FF                1
                         0001FF-0001FF                1
                         0002F9-0002FF                7
                         0003A8-0003FF               58
                         000496-0007FF              36A
        BIGSFR           000F60-000FFF               A0
        CODE             000004-000007                4
                         005A3B-005A3B                1
                         005B03-005B03                1
                         005B16-007813             1CFE
        COMRAM           00005C-00005F                4
        CONST            000004-000007                4
                         005A3B-005A3B                1
                         005B03-005B03                1
                         005B16-007813             1CFE
        EEDATA           F00010-F000FF               F0
        IDLOC            200000-200007                8
        MEDIUMCONST      005A3B-005A3B                1
                         005B03-005B03                1
                         005B16-007813             1CFE
        RAM              0000FF-0000FF                1
                         0001FF-0001FF                1
                         0002F9-0002FF                7
                         0003A8-0003FF               58
                         000496-0007FF              100
        SFR              000F60-000FFF               A0
        SMALLCONST       005A3B-005A3B                1
                         005B03-005B03                1
                         005B16-007813              100

                                  Symbol Table

?___awdiv                           cstackCOMRAM 000005
?___awmod                           cstackCOMRAM 00000D
?___lldiv                           cstackCOMRAM 000011
?___llmod                           cstackCOMRAM 000005
?___lmul                            cstackCOMRAM 000005
?___lwdiv                           cstackCOMRAM 000005
?___lwmod                           cstackCOMRAM 00000C
?_bmp280ReadInt16                   cstackCOMRAM 000012
?_bmp280ReadInt32                   cstackCOMRAM 000012
?_bmp280ReadPressure                cstackCOMRAM 000027
?_bmp280ReadTemp                    cstackCOMRAM 000027
?_bmp280_compensate_P_int32         cstackBANK2  0002CA
?_bmp280_compensate_T_int32         cstackBANK2  0002CA
?_ds18b20_read_temperature          cstackCOMRAM 00000B
?_si7021_Hum                        cstackCOMRAM 00001E
?_si7021_Temp                       cstackCOMRAM 00001E
?_strlen                            cstackCOMRAM 000005
Cmd7221@adr                         cstackCOMRAM 000008
Cmd7221@i                           cstackCOMRAM 000009
Cmd7221@val                         cstackCOMRAM 000007
DayOfWeek@a                         cstackCOMRAM 00001D
DayOfWeek@day                       cstackCOMRAM 00001B
DayOfWeek@m                         cstackCOMRAM 00001C
DayOfWeek@month                     cstackCOMRAM 000013
DayOfWeek@y                         cstackCOMRAM 00001E
DayOfWeek@year                      cstackCOMRAM 000014
EUSART_Read@readValue               cstackCOMRAM 000005
EUSART_Write@txData                 cstackCOMRAM 000005
FillBuf@i                           cstackCOMRAM 000024
FillBuf@type                        cstackCOMRAM 000023
I2C_Master_Read@a                   cstackCOMRAM 000006
I2C_Master_Read@temp                cstackCOMRAM 000007
I2C_Master_Write@d                  cstackCOMRAM 000006
I2C_Read@byteAr                     cstackCOMRAM 000008
I2C_Read@enRegByte                  cstackCOMRAM 00000B
I2C_Read@i                          cstackCOMRAM 000011
I2C_Read@i2cAdress                  cstackCOMRAM 000009
I2C_Read@n                          cstackCOMRAM 00000A
I2C_Write@byteAr                    cstackCOMRAM 000007
I2C_Write@i                         cstackCOMRAM 00000A
I2C_Write@i2cAdress                 cstackCOMRAM 000008
I2C_Write@n                         cstackCOMRAM 000009
PL10                                text42       000F38
PL100                               text60       002868
PL102                               text17       002AEE
PL104                               text42       000F7E
PL106                               text39       001BD2
PL108                               text91       000BE2
PL110                               text73       004D28
PL112                               text40       0025E8
PL114                               text76       001DB4
PL116                               text91       000BFE
PL118                               text89       001786
PL12                                text49       000566
PL120                               text42       000F8C
PL122                               text49       00057E
PL124                               text74       00495A
PL126                               text1        002D26
PL128                               text69       005314
PL130                               text42       000F96
PL132                               text60       002876
PL134                               text91       000C18
PL136                               text39       001BE0
PL138                               text49       00058E
PL14                                text40       0025D8
PL140                               text49       0005A2
PL142                               text91       000C24
PL144                               text91       000C36
PL146                               text91       000C48
PL148                               text91       000C5A
PL150                               text42       000FAE
PL152                               text118      004874
PL154                               text116      003EE6
PL156                               text7        003A4A
PL158                               text76       001DC2
PL16                                text91       000B4C
PL160                               text57       0057DC
PL162                               text42       000FB6
PL164                               text43       0019BC
PL166                               text60       002880
PL168                               text34       00213A
PL170                               text42       000FC0
PL172                               text34       002144
PL174                               text83       00298E
PL176                               text7        003A52
PL178                               text65       0012A6
PL18                                text65       001232
PL180                               text104      00587C
PL182                               text65       0012AE
PL184                               text131      003F8E
PL186                               text42       000FD0
PL188                               text49       0005AA
PL190                               text40       0025F4
PL192                               text83       00299E
PL194                               text29       00352E
PL196                               text42       000FD6
PL198                               text43       0019C6
PL2                                 text32       00152A
PL20                                text42       000F44
PL200                               text49       0005B8
PL202                               text117      004AF4
PL204                               text47       0022F6
PL206                               text61       005024
PL208                               text27       002C06
PL210                               text28       00360A
PL212                               text26       0037C8
PL214                               text20       003442
PL216                               text60       00288A
PL218                               text25       003256
PL22                                text76       001D64
PL220                               text35       004C1A
PL222                               text49       0005C2
PL224                               text49       0005CE
PL226                               text83       0029AC
PL228                               text36       004DD0
PL230                               text25       003260
PL232                               text49       0005DA
PL234                               text83       0029B8
PL236                               text25       00326C
PL238                               text46       002E3E
PL24                                text55       004C72
PL240                               text83       0029C4
PL242                               text43       0019D0
PL244                               text148      004336
PL246                               text42       000FE0
PL248                               text148      004340
PL250                               text34       00214E
PL252                               text49       0005E6
PL254                               text42       000FEA
PL256                               text91       000C6C
PL258                               text31       002748
PL26                                text49       000574
PL260                               text34       002158
PL262                               text94       004536
PL264                               text124      004B58
PL266                               text93       00403A
PL268                               text157      0048EE
PL270                               text42       000FF2
PL272                               text71       002474
PL274                               text131      003F9C
PL276                               text158      0053BE
PL278                               text49       0005F0
PL28                                text74       004946
PL280                               text91       000C74
PL282                               text49       0005FA
PL284                               text49       000604
PL286                               text49       00060E
PL288                               text116      003EF2
PL290                               text68       004F98
PL292                               text27       002C10
PL294                               text49       000618
PL296                               text49       000622
PL298                               text49       00062C
PL30                                text15       005574
PL300                               text91       000C7E
PL302                               text94       004540
PL304                               text47       002300
PL306                               text146      005260
PL308                               text39       001BEA
PL310                               text49       000636
PL312                               text49       00063E
PL314                               text49       000644
PL316                               text49       00064A
PL318                               text19       00316C
PL32                                text76       001D70
PL320                               text38       0049C8
PL322                               text76       001DCE
PL324                               text71       00247E
PL326                               text146      005268
PL328                               text34       002160
PL330                               text93       004044
PL34                                text16       002F18
PL36                                text91       000BC4
PL38                                text42       000F4E
PL4                                 text34       00212A
PL40                                text16       002F28
PL42                                text16       002F38
PL44                                text65       00125C
PL46                                text65       001266
PL48                                text76       001D7C
PL50                                text42       000F58
PL52                                text42       000F60
PL54                                text116      003ED0
PL56                                text42       000F68
PL58                                text31       00273A
PL6                                 text47       0022E0
PL60                                text32       001540
PL62                                text76       001D86
PL64                                text46       002E1A
PL66                                text16       002F48
PL68                                text60       002854
PL70                                text46       002E2A
PL72                                text25       003238
PL74                                text25       003242
PL76                                text30       001FA0
PL78                                text117      004AE8
PL8                                 text65       001220
PL80                                text65       001290
PL82                                text76       001DA8
PL84                                text27       002BFA
PL86                                text30       001FAA
PL88                                text25       00324C
PL90                                text65       00129C
PL92                                text42       000F76
PL94                                text91       000BD0
PL96                                text84       003058
PL98                                text43       0019B4
RTOS_DeleteTask@i                   cstackCOMRAM 00000B
RTOS_DeleteTask@taskFunc            cstackCOMRAM 000005
RTOS_DispatchTask@function          cstackBANK2  0002C6
RTOS_DispatchTask@i                 cstackBANK2  0002C9
RTOS_DispatchTask@j                 cstackBANK2  0002C8
RTOS_SetTask@i                      cstackCOMRAM 00000D
RTOS_SetTask@taskDelay              cstackCOMRAM 000007
RTOS_SetTask@taskFunc               cstackCOMRAM 000005
RTOS_SetTask@taskPeriod             cstackCOMRAM 000009
Rand_ef@eff                         bssBANK0     0000A9
Rand_ef@last_effect                 bssBANK0     0000AA
Send_Byte_7221@dat                  cstackCOMRAM 000005
Send_Byte_7221@i                    cstackCOMRAM 000006
Update_Matrix@buf                   cstackCOMRAM 000007
Update_Matrix@data                  cstackCOMRAM 000008
Update_Matrix@i                     cstackCOMRAM 00000A
Update_Matrix@j                     cstackCOMRAM 000009
_ACKDT                              (abs)        007E2D
_ACKEN                              (abs)        007E2C
_ADCON0bits                         (abs)        000FC2
_ADCON1bits                         (abs)        000FC1
_ADCON2bits                         (abs)        000FC0
_ADRESH                             (abs)        000FC4
_ADRESL                             (abs)        000FC3
_BAUDCONbits                        (abs)        000FB8
_CMCON                              (abs)        000FB4
_Cmd7221                            text151      00588A
_DS3231_init                        text15       005556
_DayOfWeek                          text77       003D8E
_Dis_Buff                           bssBANK0     0000BA
_Dis_Buff_t                         bssBANK2     0002A6
_EEADR                              (abs)        000FA9
_EECON1bits                         (abs)        000FA6
_EECON2                             (abs)        000FA7
_EEDATA                             (abs)        000FA8
_EUSART_Read                        text53       0056A0
_EUSART_Receive_ISR                 text158      005390
_EUSART_Write                       text133      0053C8
_FillBuf                            text65       000FFC
_Font                               mediumconst  007890
_FontS                              mediumconst  007855
_GetTime                            text44       00463A
_I2C_Init                           text14       005972
_I2C_Master_Read                    text99       00575C
_I2C_Master_RepeatedStart           text98       005AEC
_I2C_Master_Start                   text97       005AE4
_I2C_Master_Stop                    text96       005ADC
_I2C_Master_Wait                    text100      005A4C
_I2C_Master_Write                   text95       005A9A
_I2C_Read                           text94       0044CC
_I2C_Write                          text87       005712
_INT0_ISR                           text157      004886
_INTCON2                            (abs)        000FF1
_INTCON2bits                        (abs)        000FF1
_INTCON3bits                        (abs)        000FF0
_INTCONbits                         (abs)        000FF2
_INTERRUPT_InterruptManager         intcode      000008
_Init7221                           text13       0054CA
_Interrupt_Init                     text12       005B0A
_LATA                               (abs)        000F89
_LATB                               (abs)        000F8A
_LATC                               (abs)        000F8B
_LATCbits                           (abs)        000F8B
_LATD                               (abs)        000F8C
_LATDbits                           (abs)        000F8C
_LATE                               (abs)        000F8D
_LATEbits                           (abs)        000F8D
_PEN                                (abs)        007E2A
_PIE1bits                           (abs)        000F9D
_PIE2bits                           (abs)        000FA0
_PIR1bits                           (abs)        000F9E
_PIR2bits                           (abs)        000FA1
_PORTB                              (abs)        000F81
_PORTCbits                          (abs)        000F82
_PORTDbits                          (abs)        000F83
_PORTE                              (abs)        000F84
_Port_Init                          text11       004D32
_RCEN                               (abs)        007E2B
_RCREG                              (abs)        000FAE
_RCSTAbits                          (abs)        000FAB
_RSEN                               (abs)        007E29
_RTOS_DeleteTask                    text149      00434A
_RTOS_DispatchTask                  text16       002E46
_RTOS_Init                          text10       0059F4
_RTOS_SetTask                       text148      0042B8
_Rand_ef                            text124      004AFE
_SEN                                (abs)        007E28
_SPBRG                              (abs)        000FAF
_SPBRGH                             (abs)        000FB0
_SSPADD                             (abs)        000FC8
_SSPBUF                             (abs)        000FC9
_SSPCON1                            (abs)        000FC6
_SSPCON2                            (abs)        000FC5
_SSPSTAT                            (abs)        000FC7
_SYSTEM_Initialize                  text1        002C18
_Send_Byte_7221                     text152      00580A
_T0CON                              (abs)        000FD5
_T1CONbits                          (abs)        000FCD
_T3CONbits                          (abs)        000FB1
_TMR0                               (abs)        000FD6
_TMR0_ISR                           text156      005A7C
_TMR1H                              (abs)        000FCF
_TMR1L                              (abs)        000FCE
_TMR1_ISR                           text155      005A6C
_TMR3H                              (abs)        000FB3
_TMR3L                              (abs)        000FB2
_TMR3_ISR                           text154      00479C
_TMRInit                            text9        0058A8
_TRISA                              (abs)        000F92
_TRISB                              (abs)        000F93
_TRISC                              (abs)        000F94
_TRISCbits                          (abs)        000F94
_TRISD                              (abs)        000F95
_TRISDbits                          (abs)        000F95
_TRISE                              (abs)        000F96
_TSTime                             bssCOMRAM    00002C
_TTime                              bssCOMRAM    000040
_TXIF                               (abs)        007CF4
_TXREG                              (abs)        000FAD
_TXSTAbits                          (abs)        000FAC
_TaskArray                          bssBANK1     000100
_Timer0Interrupt                    bssBANK0     0000AB
_UCONbits                           (abs)        000F6D
_Update_Matrix                      text150      00526E
__HRAM                              (abs)        000000
__H__absolute__                     __absolute__ 000000
__Habs1                             abs1         000000
__Hbank0                            bank0        000000
__Hbank1                            bank1        000000
__Hbank2                            bank2        000000
__Hbank3                            bank3        000000
__Hbank4                            bank4        000000
__Hbank5                            bank5        000000
__Hbank6                            bank6        000000
__Hbank7                            bank7        000000
__Hbigbss                           bigbss       000000
__Hbigdata                          bigdata      000000
__Hbigram                           bigram       000000
__Hbigsfr                           bigsfr       000000
__HbitbssCOMRAM                     bitbssCOMRAM 000000
__Hbss                              bss          000000
__HbssBANK0                         bssBANK0     000000
__HbssBANK1                         bssBANK1     000000
__HbssBANK2                         bssBANK2     000000
__HbssBANK3                         bssBANK3     000000
__HbssBANK4                         bssBANK4     000000
__HbssCOMRAM                        bssCOMRAM    000000
__Hcinit                            cinit        000000
__Hclrtext                          clrtext      000000
__Hcomram                           comram       000000
__Hconfig                           config       30000E
__Hconst                            const        000000
__HcstackBANK1                      cstackBANK1  000000
__HcstackBANK2                      cstackBANK2  000000
__HcstackBANK3                      cstackBANK3  000000
__HcstackCOMRAM                     cstackCOMRAM 000000
__Hdata                             data         000000
__HdataBANK0                        dataBANK0    000000
__HdataBANK1                        dataBANK1    000000
__HdataBANK2                        dataBANK2    000000
__HdataCOMRAM                       dataCOMRAM   000000
__Heeprom_data                      eeprom_data  F00010
__Hfarbss                           farbss       000000
__Hfardata                          fardata      000000
__Hheap                             heap         000000
__Hibigdata                         ibigdata     000000
__Hidata                            idata        000000
__HidataBANK0                       idataBANK0   000000
__HidataBANK1                       idataBANK1   000000
__HidataBANK2                       idataBANK2   000000
__HidataCOMRAM                      idataCOMRAM  000000
__Hidloc                            idloc        000000
__Hifardata                         ifardata     000000
__Hinit                             init         000012
__Hintcode                          intcode      00000E
__Hintcode_body                     intcode_body 000000
__Hintcodelo                        intcodelo    000018
__Hintentry                         intentry     000000
__Hintret                           intret       000000
__Hintsave_regs                     intsave_regs 000000
__Hirdata                           irdata       000000
__Hmediumconst                      mediumconst  008000
__HnvFARRAM                         nvFARRAM     000000
__Hnvbit                            nvbit        000000
__Hnvrram                           nvrram       000000
__Hpa_nodes0                        pa_nodes0    000000
__Hparam                            rparam       000000
__Hpowerup                          powerup      000000
__Hram                              ram          000000
__Hramtop                           ramtop       000800
__Hrbit                             rbit         000000
__Hrbss                             rbss         000000
__Hrdata                            rdata        000000
__Hreset_vec                        reset_vec    000004
__Hrparam                           rparam       000000
__Hsfr                              sfr          000000
__Hsivt_hi                          sivt_hi      000000
__Hsivt_lo                          sivt_lo      000018
__Hsmallconst                       smallconst   000000
__Hspace_0                          (abs)        F00010
__Hspace_1                          (abs)        000496
__Hspace_2                          (abs)        000000
__Hspace_4                          (abs)        60000E
__Hstack                            stack        000000
__Hstruct                           struct       000000
__Htemp                             temp         00005C
__Htext                             text         000000
__Htext0                            text0        000000
__Htext1                            text1        000000
__Htext10                           text10       000000
__Htext100                          text100      000000
__Htext101                          text101      000000
__Htext102                          text102      000000
__Htext103                          text103      000000
__Htext104                          text104      000000
__Htext105                          text105      000000
__Htext106                          text106      000000
__Htext107                          text107      000000
__Htext108                          text108      000000
__Htext109                          text109      000000
__Htext11                           text11       000000
__Htext110                          text110      000000
__Htext111                          text111      000000
__Htext112                          text112      000000
__Htext113                          text113      000000
__Htext114                          text114      000000
__Htext115                          text115      000000
__Htext116                          text116      000000
__Htext117                          text117      000000
__Htext118                          text118      000000
__Htext119                          text119      000000
__Htext12                           text12       000000
__Htext120                          text120      000000
__Htext121                          text121      000000
__Htext122                          text122      000000
__Htext123                          text123      000000
__Htext124                          text124      000000
__Htext125                          text125      000000
__Htext126                          text126      000000
__Htext127                          text127      000000
__Htext128                          text128      000000
__Htext129                          text129      000000
__Htext13                           text13       000000
__Htext130                          text130      000000
__Htext131                          text131      000000
__Htext132                          text132      000000
__Htext133                          text133      000000
__Htext134                          text134      000000
__Htext135                          text135      000000
__Htext136                          text136      000000
__Htext137                          text137      000000
__Htext138                          text138      000000
__Htext139                          text139      000000
__Htext14                           text14       000000
__Htext140                          text140      000000
__Htext141                          text141      000000
__Htext142                          text142      000000
__Htext143                          text143      000000
__Htext144                          text144      000000
__Htext145                          text145      000000
__Htext146                          text146      000000
__Htext147                          text147      000000
__Htext148                          text148      000000
__Htext149                          text149      000000
__Htext15                           text15       000000
__Htext150                          text150      000000
__Htext151                          text151      000000
__Htext152                          text152      000000
__Htext154                          text154      000000
__Htext155                          text155      000000
__Htext156                          text156      000000
__Htext157                          text157      000000
__Htext158                          text158      000000
__Htext16                           text16       000000
__Htext17                           text17       000000
__Htext18                           text18       000000
__Htext19                           text19       000000
__Htext2                            text2        000000
__Htext20                           text20       000000
__Htext21                           text21       000000
__Htext22                           text22       000000
__Htext23                           text23       000000
__Htext24                           text24       000000
__Htext25                           text25       000000
__Htext26                           text26       000000
__Htext27                           text27       000000
__Htext28                           text28       000000
__Htext29                           text29       000000
__Htext3                            text3        000000
__Htext30                           text30       000000
__Htext31                           text31       000000
__Htext32                           text32       000000
__Htext33                           text33       000000
__Htext34                           text34       000000
__Htext35                           text35       000000
__Htext36                           text36       000000
__Htext37                           text37       000000
__Htext38                           text38       000000
__Htext39                           text39       000000
__Htext4                            text4        000000
__Htext40                           text40       000000
__Htext41                           text41       000000
__Htext42                           text42       000000
__Htext43                           text43       000000
__Htext44                           text44       000000
__Htext45                           text45       000000
__Htext46                           text46       000000
__Htext47                           text47       000000
__Htext48                           text48       000000
__Htext49                           text49       000000
__Htext5                            text5        000000
__Htext50                           text50       000000
__Htext51                           text51       000000
__Htext52                           text52       000000
__Htext53                           text53       000000
__Htext54                           text54       000000
__Htext55                           text55       000000
__Htext56                           text56       000000
__Htext57                           text57       000000
__Htext58                           text58       000000
__Htext59                           text59       000000
__Htext6                            text6        000000
__Htext60                           text60       000000
__Htext61                           text61       000000
__Htext62                           text62       000000
__Htext63                           text63       000000
__Htext64                           text64       000000
__Htext65                           text65       000000
__Htext66                           text66       000000
__Htext67                           text67       000000
__Htext68                           text68       000000
__Htext69                           text69       000000
__Htext7                            text7        000000
__Htext70                           text70       000000
__Htext71                           text71       000000
__Htext72                           text72       000000
__Htext73                           text73       000000
__Htext74                           text74       000000
__Htext75                           text75       000000
__Htext76                           text76       000000
__Htext77                           text77       000000
__Htext78                           text78       000000
__Htext79                           text79       000000
__Htext8                            text8        000000
__Htext80                           text80       000000
__Htext81                           text81       000000
__Htext82                           text82       000000
__Htext83                           text83       000000
__Htext84                           text84       000000
__Htext85                           text85       000000
__Htext86                           text86       000000
__Htext87                           text87       000000
__Htext88                           text88       000000
__Htext89                           text89       000000
__Htext9                            text9        000000
__Htext90                           text90       000000
__Htext91                           text91       000000
__Htext92                           text92       000000
__Htext93                           text93       000000
__Htext94                           text94       000000
__Htext95                           text95       000000
__Htext96                           text96       000000
__Htext97                           text97       000000
__Htext98                           text98       000000
__Htext99                           text99       000000
__LRAM                              (abs)        000001
__L__absolute__                     __absolute__ 000000
__Labs1                             abs1         000000
__Lbank0                            bank0        000000
__Lbank1                            bank1        000000
__Lbank2                            bank2        000000
__Lbank3                            bank3        000000
__Lbank4                            bank4        000000
__Lbank5                            bank5        000000
__Lbank6                            bank6        000000
__Lbank7                            bank7        000000
__Lbigbss                           bigbss       000000
__Lbigdata                          bigdata      000000
__Lbigram                           bigram       000000
__Lbigsfr                           bigsfr       000000
__LbitbssCOMRAM                     bitbssCOMRAM 000000
__Lbss                              bss          000000
__LbssBANK0                         bssBANK0     000000
__LbssBANK1                         bssBANK1     000000
__LbssBANK2                         bssBANK2     000000
__LbssBANK3                         bssBANK3     000000
__LbssBANK4                         bssBANK4     000000
__LbssCOMRAM                        bssCOMRAM    000000
__Lcinit                            cinit        000000
__Lclrtext                          clrtext      000000
__Lcomram                           comram       000000
__Lconfig                           config       000000
__Lconst                            const        000000
__LcstackBANK1                      cstackBANK1  000000
__LcstackBANK2                      cstackBANK2  000000
__LcstackBANK3                      cstackBANK3  000000
__LcstackCOMRAM                     cstackCOMRAM 000000
__Ldata                             data         000000
__LdataBANK0                        dataBANK0    000000
__LdataBANK1                        dataBANK1    000000
__LdataBANK2                        dataBANK2    000000
__LdataCOMRAM                       dataCOMRAM   000000
__Leeprom_data                      eeprom_data  F00000
__Lfarbss                           farbss       000000
__Lfardata                          fardata      000000
__Lheap                             heap         000000
__Libigdata                         ibigdata     000000
__Lidata                            idata        000000
__LidataBANK0                       idataBANK0   000000
__LidataBANK1                       idataBANK1   000000
__LidataBANK2                       idataBANK2   000000
__LidataCOMRAM                      idataCOMRAM  000000
__Lidloc                            idloc        000000
__Lifardata                         ifardata     000000
__Linit                             init         00000E
__Lintcode                          intcode      000008
__Lintcode_body                     intcode_body 000000
__Lintcodelo                        intcodelo    000018
__Lintentry                         intentry     000000
__Lintret                           intret       000000
__Lintsave_regs                     intsave_regs 000000
__Lirdata                           irdata       000000
__Lmediumconst                      mediumconst  007814
__LnvFARRAM                         nvFARRAM     000000
__Lnvbit                            nvbit        000000
__Lnvrram                           nvrram       000000
__Lpa_nodes0                        pa_nodes0    000000
__Lparam                            rparam       000000
__Lpowerup                          powerup      000000
__Lram                              ram          000000
__Lramtop                           ramtop       000800
__Lrbit                             rbit         000000
__Lrbss                             rbss         000000
__Lrdata                            rdata        000000
__Lreset_vec                        reset_vec    000000
__Lrparam                           rparam       000000
__Lsfr                              sfr          000000
__Lsivt_hi                          sivt_hi      000000
__Lsivt_lo                          sivt_lo      000018
__Lsmallconst                       smallconst   000000
__Lspace_0                          (abs)        000000
__Lspace_1                          (abs)        000000
__Lspace_2                          (abs)        000000
__Lspace_4                          (abs)        000000
__Lstack                            stack        000000
__Lstruct                           struct       000000
__Ltemp                             temp         00005B
__Ltext                             text         000000
__Ltext0                            text0        000000
__Ltext1                            text1        000000
__Ltext10                           text10       000000
__Ltext100                          text100      000000
__Ltext101                          text101      000000
__Ltext102                          text102      000000
__Ltext103                          text103      000000
__Ltext104                          text104      000000
__Ltext105                          text105      000000
__Ltext106                          text106      000000
__Ltext107                          text107      000000
__Ltext108                          text108      000000
__Ltext109                          text109      000000
__Ltext11                           text11       000000
__Ltext110                          text110      000000
__Ltext111                          text111      000000
__Ltext112                          text112      000000
__Ltext113                          text113      000000
__Ltext114                          text114      000000
__Ltext115                          text115      000000
__Ltext116                          text116      000000
__Ltext117                          text117      000000
__Ltext118                          text118      000000
__Ltext119                          text119      000000
__Ltext12                           text12       000000
__Ltext120                          text120      000000
__Ltext121                          text121      000000
__Ltext122                          text122      000000
__Ltext123                          text123      000000
__Ltext124                          text124      000000
__Ltext125                          text125      000000
__Ltext126                          text126      000000
__Ltext127                          text127      000000
__Ltext128                          text128      000000
__Ltext129                          text129      000000
__Ltext13                           text13       000000
__Ltext130                          text130      000000
__Ltext131                          text131      000000
__Ltext132                          text132      000000
__Ltext133                          text133      000000
__Ltext134                          text134      000000
__Ltext135                          text135      000000
__Ltext136                          text136      000000
__Ltext137                          text137      000000
__Ltext138                          text138      000000
__Ltext139                          text139      000000
__Ltext14                           text14       000000
__Ltext140                          text140      000000
__Ltext141                          text141      000000
__Ltext142                          text142      000000
__Ltext143                          text143      000000
__Ltext144                          text144      000000
__Ltext145                          text145      000000
__Ltext146                          text146      000000
__Ltext147                          text147      000000
__Ltext148                          text148      000000
__Ltext149                          text149      000000
__Ltext15                           text15       000000
__Ltext150                          text150      000000
__Ltext151                          text151      000000
__Ltext152                          text152      000000
__Ltext154                          text154      000000
__Ltext155                          text155      000000
__Ltext156                          text156      000000
__Ltext157                          text157      000000
__Ltext158                          text158      000000
__Ltext16                           text16       000000
__Ltext17                           text17       000000
__Ltext18                           text18       000000
__Ltext19                           text19       000000
__Ltext2                            text2        000000
__Ltext20                           text20       000000
__Ltext21                           text21       000000
__Ltext22                           text22       000000
__Ltext23                           text23       000000
__Ltext24                           text24       000000
__Ltext25                           text25       000000
__Ltext26                           text26       000000
__Ltext27                           text27       000000
[...]
update_scroll_left@i                cstackCOMRAM 00000B
update_scroll_right@i               cstackCOMRAM 00000B
usart_r@i                           bssCOMRAM    000035
usart_r@j                           cstackCOMRAM 00000E
write_bit@bitval                    cstackCOMRAM 000005
write_byte@i                        cstackCOMRAM 00000A
write_byte@temp                     cstackCOMRAM 000009
write_byte@val                      cstackCOMRAM 000008
write_eep@address                   cstackCOMRAM 000006
write_eep@data                      cstackCOMRAM 000005
wtemp8                              temp         00005C


MODULE INFORMATION

Module		Function		Class		Link	Load	Size
time.c
		_dst_time      		CODE           	1BF2	0000	370
		_DayOfWeek     		CODE           	3D8E	0000	182

time.c estimated size: 552

settings.c
		_set_font_set  		CODE           	344C	0000	226
		_set_sound_h   		CODE           	36F4	0000	212
		_set_en_ds1    		CODE           	3C02	0000	212
		_set_en_ds2    		CODE           	3B2E	0000	212
		_set_en_bmp    		CODE           	3A5A	0000	212
		_set_en_dst    		CODE           	37D2	0000	218
		_default_state 		CODE           	5B10	0000	6
		_set_en_am2302 		CODE           	306A	0000	258
		_set_type_clk  		CODE           	3534	0000	214
		_time_set_dt   		CODE           	25FA	0000	320
		_time_set_hr   		CODE           	1FB4	0000	374
		_time_set_mt   		CODE           	12B6	0000	628
		_time_set_dy   		CODE           	1DD4	0000	460
		_time_set_yr   		CODE           	3272	0000	240
		_time_set_min  		CODE           	2168	0000	376
		_set_type_temp 		CODE           	3362	0000	224
		_okButSet      		CODE           	5498	0000	50
		_brg_set       		CODE           	2AF8	0000	258
		_en_esp        		CODE           	29CC	0000	290
		_exitButSet    		CODE           	5230	0000	48
		_ip_esp        		CODE           	4F0E	0000	74
		_set_brg_manual		CODE           	3172	0000	198

settings.c estimated size: 5310

eusart.c
		_EUSART_Read   		CODE           	56A0	0000	38
		_EUSART_Write  		CODE           	53C8	0000	54
		_init_uart     		CODE           	5650	0000	40
		_EUSART_Receive_ISR		CODE           	5390	0000	46
		_reinit_rx     		CODE           	5ABE	0000	10

eusart.c estimated size: 188

C:\Program Files\Microchip\xc8\v3.00\pic\sources\c99\common\memcpy.c
		_memcpy        		CODE           	5030	0000	68

C:\Program Files\Microchip\xc8\v3.00\pic\sources\c99\common\memcpy.c estimated size: 68

C:\Program Files\Microchip\xc8\v3.00\pic\sources\c99\common\lbdiv.c
		___lbdiv       		CODE           	5432	0000	52

C:\Program Files\Microchip\xc8\v3.00\pic\sources\c99\common\lbdiv.c estimated size: 52

SI7021.c
		_si7021_Hum    		CODE           	2F58	0000	256
		_si7021_Temp   		CODE           	2896	0000	248
		_si7021_init   		CODE           	5912	0000	24
		_si7021_reset  		CODE           	57A4	0000	34

SI7021.c estimated size: 562

timer.c
		_TMRInit       		CODE           	58A8	0000	28

timer.c estimated size: 28

i2c.c
		_I2C_Master_Read		CODE           	575C	0000	36
		_I2C_Master_Wait		CODE           	5A4C	0000	16
		_I2C_Master_Stop		CODE           	5ADC	0000	8
		_I2C_Master_RepeatedStart		CODE           	5AEC	0000	8
		_I2C_Write     		CODE           	5712	0000	38
		_I2C_Read      		CODE           	44CC	0000	106
		_I2C_Init      		CODE           	5972	0000	22
		_I2C_Master_Write		CODE           	5A9A	0000	12
		_I2C_Master_Start		CODE           	5AE4	0000	8

i2c.c estimated size: 254

dispatcher.c
		_RTOS_DeleteTask		CODE           	434A	0000	134
		_RTOS_Init     		CODE           	59F4	0000	18
		_RTOS_DispatchTask		CODE           	2E46	0000	210
		_RTOS_SetTask  		CODE           	42B8	0000	126
		_TMR0_ISR      		CODE           	5A7C	0000	16

dispatcher.c estimated size: 504

newmain.c
		_main          		CODE           	4548	0000	122

newmain.c estimated size: 122

eeprom.c
		_read_eep      		CODE           	59E0	0000	20
		_write_eep     		CODE           	5780	0000	36

eeprom.c estimated size: 56

key.c
		_key_press     		CODE           	4BC4	0000	86

key.c estimated size: 86

C:\Program Files\Microchip\xc8\v3.00\pic\sources\c99\common\lwmod.c
		___lwmod       		CODE           	51B4	0000	62

C:\Program Files\Microchip\xc8\v3.00\pic\sources\c99\common\lwmod.c estimated size: 62

ds3231.c
		_DS3231_init   		CODE           	5556	0000	30
		_getDate       		CODE           	48F6	0000	80
		_decimal_to_bcd		CODE           	56C6	0000	38
		_setDate       		CODE           	4C24	0000	78
		_bcd_to_decimal		CODE           	5988	0000	22
		_getTime       		CODE           	4CDC	0000	76
		_setTime       		CODE           	5176	0000	62

ds3231.c estimated size: 386

C:\Program Files\Microchip\xc8\v3.00\pic\sources\c99\common\awmod.c
		___awmod       		CODE           	49CE	0000	104

C:\Program Files\Microchip\xc8\v3.00\pic\sources\c99\common\awmod.c estimated size: 104

BMP_280.c
		_bmp280_Init   		CODE           	3984	0000	198
		_bmp280ReadTemp		CODE           	5600	0000	40
		_bmp280ReadInt32		CODE           	3FA6	0000	148
		_bmp280ReadInt16		CODE           	5738	0000	36
		_bmp280_compensate_P_int32		CODE           	0650	0000	1276
		_bmp280ReadPressure		CODE           	5628	0000	40
		_bmp280_compensate_T_int32		CODE           	1550	0000	566

BMP_280.c estimated size: 2304

max7221.c
		_Update_Matrix 		CODE           	526E	0000	60
		_Cmd7221       		CODE           	588A	0000	30
		_Init7221      		CODE           	54CA	0000	48
		_Send_Byte_7221		CODE           	580A	0000	34

max7221.c estimated size: 172

nrf24l01p.c
		_nrf24_getData 		CODE           	58C4	0000	28
		_nrf24_tx_address		CODE           	586C	0000	16
		_nrf24_init    		CODE           	40F2	0000	154
		_nrf24_dataReady		CODE           	59CA	0000	22
		_nrf24_write_reg		CODE           	59B4	0000	22
		_nrf24_write_buf		CODE           	54FA	0000	46
		_nrf24_getStatus		CODE           	5A5C	0000	16
		_nrf24_powerUpRx		CODE           	5466	0000	50
		_nrf24_rx_address		CODE           	5A06	0000	18
		_nrf24_read_reg		CODE           	595A	0000	24
		_nrf24_read_buf		CODE           	5528	0000	46
		_nrf24_rxFifoEmpty		CODE           	5A8C	0000	14

nrf24l01p.c estimated size: 456

C:\Program Files\Microchip\xc8\v3.00\pic\sources\c99\common\llmod.c
		___llmod       		CODE           	4B62	0000	98

C:\Program Files\Microchip\xc8\v3.00\pic\sources\c99\common\llmod.c estimated size: 98

C:\Program Files\Microchip\xc8\v3.00\pic\sources\c99\common\Umul32.c
		___lmul        		CODE           	4EC2	0000	76

C:\Program Files\Microchip\xc8\v3.00\pic\sources\c99\common\Umul32.c estimated size: 76

C:\Program Files\Microchip\xc8\v3.00\pic\sources\c99\common\__lldiv.c
		___lldiv       		CODE           	46B0	0000	118

C:\Program Files\Microchip\xc8\v3.00\pic\sources\c99\common\__lldiv.c estimated size: 118

spi.c
		_spi_init      		CODE           	5A3C	0000	16
		_spi_rw        		CODE           	55AE	0000	42

spi.c estimated size: 58

onewire.c
		_ow_reset      		CODE           	531E	0000	58
		_read_bit      		CODE           	58E0	0000	26
		_read_byte     		CODE           	5136	0000	64
		_write_bit     		CODE           	57E8	0000	34
		_write_byte    		CODE           	5358	0000	56

onewire.c estimated size: 238

interrupt.c
		_INTERRUPT_InterruptManager		CODE           	0008	0000	132

interrupt.c estimated size: 132

shared
		PL12           		CODE           	0566	0000	14
		PL50           		CODE           	0F58	0000	8
		PL8            		CODE           	1220	0000	18
		PL268          		CODE           	48EE	0000	8
		PL22           		CODE           	1D64	0000	12
		PL60           		CODE           	1540	0000	16
		_dFont2        		MEDIUMCONST    	7E26	0000	50
		PL178          		CODE           	12A6	0000	8
		PL100          		CODE           	2868	0000	14
		PL32           		CODE           	1D70	0000	12
		PL70           		CODE           	2E2A	0000	20
		PL278          		CODE           	05F0	0000	10
		_dFont5        		MEDIUMCONST    	7D90	0000	50
		PL200          		CODE           	05B8	0000	10
		PL42           		CODE           	2F38	0000	16
		PL80           		CODE           	1290	0000	12
		PL188          		CODE           	05AA	0000	14
		PL110          		CODE           	4D28	0000	10
		PL300          		CODE           	0C7E	0000	10
		PL14           		CODE           	25D8	0000	16
		PL52           		CODE           	0F60	0000	8
		PL90           		CODE           	129C	0000	10
		PL288          		CODE           	3EF2	0000	6
		PL210          		CODE           	360A	0000	10
		PL24           		CODE           	4C72	0000	18
		PL62           		CODE           	1D86	0000	34
		PL198          		CODE           	19C6	0000	10
		PL120          		CODE           	0F8C	0000	10
		PL310          		CODE           	0636	0000	8
		PL34           		CODE           	2F18	0000	16
		PL72           		CODE           	3238	0000	10
		_nrf_tx_address		MEDIUMCONST    	7EA4	0000	5
		PL298          		CODE           	062C	0000	10
		PL220          		CODE           	4C1A	0000	10
		PL44           		CODE           	125C	0000	10
		PL82           		CODE           	1DA8	0000	12
		PL130          		CODE           	0F96	0000	24
		PL320          		CODE           	49C8	0000	6
		PL16           		CODE           	0B4C	0000	120
		PL54           		CODE           	3ED0	0000	22
		PL92           		CODE           	0F76	0000	8
		_FontS         		MEDIUMCONST    	7855	0000	33
		PL230          		CODE           	3260	0000	12
		PL26           		CODE           	0574	0000	10
		PL64           		CODE           	2E1A	0000	16
		PL102          		CODE           	2AEE	0000	10
		PL140          		CODE           	05A2	0000	8
		PL330          		CODE           	4044	0000	8
		PL36           		CODE           	0BC4	0000	12
		PL74           		CODE           	3242	0000	10
		PL202          		CODE           	4AF4	0000	10
		PL240          		CODE           	29C4	0000	8
		PL46           		CODE           	1266	0000	42
		PL84           		CODE           	2BFA	0000	12
		PL112          		CODE           	25E8	0000	12
		PL302          		CODE           	4540	0000	8
		PL150          		CODE           	0FAE	0000	8
		PL18           		CODE           	1232	0000	42
		PL56           		CODE           	0F68	0000	14
		PL94           		CODE           	0BD0	0000	18
		PL212          		CODE           	37C8	0000	10
		PL250          		CODE           	214E	0000	10
		PL28           		CODE           	4946	0000	20
		PL66           		CODE           	2F48	0000	16
		PL122          		CODE           	057E	0000	16
		PL312          		CODE           	063E	0000	6
		PL160          		CODE           	57DC	0000	12
		PL38           		CODE           	0F4E	0000	10
		PL76           		CODE           	1FA0	0000	10
		PL222          		CODE           	05C2	0000	12
		PL260          		CODE           	2158	0000	8
		PL48           		CODE           	1D7C	0000	10
		PL86           		CODE           	1FAA	0000	10
		PL132          		CODE           	2876	0000	10
		PL322          		CODE           	1DCE	0000	6
		PL170          		CODE           	0FC0	0000	16
		PL58           		CODE           	273A	0000	14
		PL96           		CODE           	3058	0000	18
		PL232          		CODE           	05DA	0000	12
		PL270          		CODE           	0FF2	0000	10
		PL68           		CODE           	2854	0000	20
		_dFont3        		MEDIUMCONST    	7DF4	0000	50
		PL104          		CODE           	0F7E	0000	14
		PL142          		CODE           	0C24	0000	18
		PL180          		CODE           	587C	0000	14
		PL78           		CODE           	4AE8	0000	12
		Rand_ef@F4305  		MEDIUMCONST    	0000	0000	0
		PL204          		CODE           	22F6	0000	10
		PL242          		CODE           	19D0	0000	10
		PL280          		CODE           	0C74	0000	10
		PL88           		CODE           	324C	0000	10
		_pic7x8        		MEDIUMCONST    	7815	0000	64
		PL114          		CODE           	1DB4	0000	14
		PL304          		CODE           	2300	0000	8
		PL152          		CODE           	4874	0000	18
		PL190          		CODE           	25F4	0000	6
		PL98           		CODE           	19B4	0000	8
		PL214          		CODE           	3442	0000	10
		PL252          		CODE           	05E6	0000	10
		PL290          		CODE           	4F98	0000	10
		PL124          		CODE           	495A	0000	10
		PL314          		CODE           	0644	0000	6
		PL162          		CODE           	0FB6	0000	10
		__initialization		CODE           	38AC	0000	202
		PL224          		CODE           	05CE	0000	12
		PL262          		CODE           	4536	0000	10
		PL134          		CODE           	0C18	0000	12
		PL324          		CODE           	247E	0000	8
		PL172          		CODE           	2144	0000	10
		PL234          		CODE           	29B8	0000	12
		PL272          		CODE           	2474	0000	10
		PL106          		CODE           	1BD2	0000	14
		PL144          		CODE           	0C36	0000	18
		PL182          		CODE           	12AE	0000	8
		PL206          		CODE           	5024	0000	12
		PL244          		CODE           	4336	0000	10
		PL282          		CODE           	05FA	0000	10
		_compile_date  		MEDIUMCONST    	0000	0000	0
		_compile_time  		MEDIUMCONST    	0000	0000	0
		PL116          		CODE           	0BFE	0000	26
		PL306          		CODE           	5260	0000	8
		PL154          		CODE           	3EE6	0000	12
		PL192          		CODE           	299E	0000	14
		PL216          		CODE           	288A	0000	12
		PL254          		CODE           	0FEA	0000	8
		PL292          		CODE           	2C10	0000	8
		PL126          		CODE           	2D26	0000	10
		PL316          		CODE           	064A	0000	6
		PL164          		CODE           	19BC	0000	10
		PL226          		CODE           	29AC	0000	12
		PL264          		CODE           	4B58	0000	10
		_dFont1        		MEDIUMCONST    	7E58	0000	50
		PL136          		CODE           	1BE0	0000	10
		PL326          		CODE           	5268	0000	6
		PL174          		CODE           	298E	0000	16
		PL236          		CODE           	326C	0000	6
		PL274          		CODE           	3F9C	0000	10
		_dFont4        		MEDIUMCONST    	7DC2	0000	50
		PL108          		CODE           	0BE2	0000	28
		PL146          		CODE           	0C48	0000	18
		PL184          		CODE           	3F8E	0000	14
		PL208          		CODE           	2C06	0000	10
		PL246          		CODE           	0FE0	0000	10
		PL284          		CODE           	0604	0000	10
		PL118          		CODE           	1786	0000	26
		PL308          		CODE           	1BEA	0000	8
		PL156          		CODE           	3A4A	0000	8
		PL194          		CODE           	352E	0000	6
		_nrf_rx_address		MEDIUMCONST    	7E9F	0000	5
		PL218          		CODE           	3256	0000	10
		PL256          		CODE           	0C6C	0000	8
		PL294          		CODE           	0618	0000	10
		_fractS        		MEDIUMCONST    	7876	0000	16
		PL128          		CODE           	5314	0000	10
		PL318          		CODE           	316C	0000	6
		PL166          		CODE           	2880	0000	10
		PL228          		CODE           	4DD0	0000	10
		PL266          		CODE           	403A	0000	10
		PL138          		CODE           	058E	0000	20
		PL328          		CODE           	2160	0000	8
		PL176          		CODE           	3A52	0000	8
		PL2            		CODE           	152A	0000	22
		PL238          		CODE           	2E3E	0000	8
		PL276          		CODE           	53BE	0000	10
		PL148          		CODE           	0C5A	0000	18
		PL186          		CODE           	0FD0	0000	6
		_Font          		MEDIUMCONST    	7890	0000	1280
		PL10           		CODE           	0F38	0000	12
		PL4            		CODE           	212A	0000	16
		PL248          		CODE           	4340	0000	10
		PL286          		CODE           	060E	0000	10
		PL20           		CODE           	0F44	0000	10
		PL158          		CODE           	1DC2	0000	12
		PL196          		CODE           	0FD6	0000	10
		PL30           		CODE           	5574	0000	14
		PL6            		CODE           	22E0	0000	22
		PL258          		CODE           	2748	0000	10
		PL296          		CODE           	0622	0000	10
		PL40           		CODE           	2F28	0000	16
		PL168          		CODE           	213A	0000	10

shared estimated size: 3973

ds18b20.c
		_ds18b20_read_temperature		CODE           	404C	0000	166
		_ds18b20_start_conversion		CODE           	599E	0000	22
		_init_ds18b20  		CODE           	55D8	0000	40

ds18b20.c estimated size: 228

C:\Program Files\Microchip\xc8\v3.00\pic\sources\c99\common\strlen.c
		_strlen        		CODE           	4FEC	0000	56

C:\Program Files\Microchip\xc8\v3.00\pic\sources\c99\common\strlen.c estimated size: 56

display.c
		_update_dissolve		CODE           	4A36	0000	100
		_update_hide_two_side		CODE           	52E4	0000	48
		_putchar_down  		CODE           	418C	0000	154
		_putchar_b_buf 		CODE           	43D0	0000	126
		_update_scroll_left		CODE           	50F6	0000	64
		_scroll_text_temp		CODE           	4C84	0000	88
		_start_scroll_right		CODE           	5AA6	0000	12
		_putchar_down_s		CODE           	4226	0000	146
		_pic_to_led    		CODE           	4726	0000	118
		_start_dissolve		CODE           	5AD2	0000	10
		_clear_matrix  		CODE           	5A18	0000	18
		_center_two_side		CODE           	4A9A	0000	78
		_update_scroll_down_one		CODE           	4F58	0000	64
		_task_effect_runner		CODE           	2D30	0000	234
		_start_scroll_down_one		CODE           	5AC8	0000	10
		_Rand_ef       		CODE           	4AFE	0000	90
		_start_hide_two_side		CODE           	5AF4	0000	8
		_task_scroll_text		CODE           	4D86	0000	74
		_FillBuf       		CODE           	0FFC	0000	548
		_start_scroll_left		CODE           	5AB2	0000	12
		_update_scroll_right		CODE           	50B6	0000	64
		_fill_buff_t   		CODE           	3E44	0000	140
		_start_scroll_text		CODE           	57C6	0000	22
		_pixel_on      		CODE           	5678	0000	40
		_scroll_text   		CODE           	4812	0000	98
		_pixel_off     		CODE           	5582	0000	44

display.c estimated size: 2410

C:\Program Files\Microchip\xc8\v3.00\pic\sources\c99\common\strcpy.c
		_strcpy        		CODE           	5074	0000	66

C:\Program Files\Microchip\xc8\v3.00\pic\sources\c99\common\strcpy.c estimated size: 66

C:\Program Files\Microchip\xc8\v3.00\pic\sources\c99\common\lwdiv.c
		___lwdiv       		CODE           	4FA2	0000	74

C:\Program Files\Microchip\xc8\v3.00\pic\sources\c99\common\lwdiv.c estimated size: 74

C:\Program Files\Microchip\xc8\v3.00\pic\sources\c99\common\awdiv.c
		___awdiv       		CODE           	45C2	0000	120

C:\Program Files\Microchip\xc8\v3.00\pic\sources\c99\common\awdiv.c estimated size: 120

common.c
		_set_font      		CODE           	4E76	0000	76
		_appendNumber  		CODE           	3CD6	0000	184
		_GetTime       		CODE           	463A	0000	118
		_sendDataSensors		CODE           	3EF8	0000	150
		_adj_brig      		CODE           	52AA	0000	58
		_radio_temp    		CODE           	0C88	0000	688
		_buildDateString		CODE           	2752	0000	258
		_buildDateStringSafe		CODE           	4E2A	0000	76
		_hum           		CODE           	2486	0000	338
		_pressure      		CODE           	3614	0000	224
		_readTemp      		CODE           	4DDA	0000	80
		_radioRead     		CODE           	4964	0000	100
		_usartOk       		CODE           	592A	0000	24
		_crc8          		CODE           	51F2	0000	62
		_home_temp     		CODE           	17A0	0000	532
		_read_adc      		CODE           	584C	0000	32
		_pre_ref_dis   		CODE           	2308	0000	364
		_convertTemp   		CODE           	582C	0000	32
		_INT0_ISR      		CODE           	4886	0000	104
		_usart_r       		CODE           	0012	0000	1364
		_usartEr       		CODE           	5942	0000	24
		_TMR1_ISR      		CODE           	5A6C	0000	16
		_time_led      		CODE           	19DA	0000	504

common.c estimated size: 5408

C:\Program Files\Microchip\xc8\v3.00\pic\sources\c99\common\lbmod.c
		___lbmod       		CODE           	56EC	0000	38

C:\Program Files\Microchip\xc8\v3.00\pic\sources\c99\common\lbmod.c estimated size: 38

init.c
		_Port_Init     		CODE           	4D32	0000	84
		_Interrupt_Init		CODE           	5B0A	0000	6
		_SYSTEM_Initialize		CODE           	2C18	0000	270

init.c estimated size: 360

sound.c
		_TMR3_ISR      		CODE           	479C	0000	118
		_sound_init    		CODE           	5B04	0000	6

sound.c estimated size: 124

