Microchip MPLAB XC8 Compiler V3.00

Linker command line:

-W-3 \
  --edf=C:\Program Files\Microchip\xc8\v3.00\pic\dat\20241204225717_en.msgs \
  -cn -h+dist/With_Loader/production\4550.production.sym \
  --cmf=dist/With_Loader/production\4550.production.cmf -z -Q18F4550 \
  -oC:\Temp\xcBsa9g.1\driver_tmp_3.o --defsym=__MPLAB_BUILD=1 \
  --fixupoverflow=error -Mdist/With_Loader/production/4550.production.map \
  --md=C:\Temp\xcBsa9g.1\driver_tmp_0.dat -E1 -ver=XC8 Compiler \
  -ACODE=01000h-01005h,01008h-01015h,01018h-07FFFh \
  -ACONST=01000h-01005h,01008h-01015h,01018h-07FFFh \
  -ASMALLCONST=01000h-01005h,01008h-01015h,01018h-010FFh,01100h-011FFhx111 \
  -AMEDIUMCONST=01000h-01005h,01008h-01015h,01018h-07FFFh -ACOMRAM=01h-05Fh \
  -AABS1=00h-07FFh -ABIGRAM=01h-07FFh -ARAM=060h-0FFh,0100h-01FFhx7 \
  -ABANK0=060h-0FFh -ABANK1=0100h-01FFh -ABANK2=0200h-02FFh \
  -ABANK3=0300h-03FFh -ABANK4=0400h-04FFh -ABANK5=0500h-05FFh \
  -ABANK6=0600h-06FFh -ABANK7=0700h-07FFh -ASFR=0F60h-0FFFh \
  -ABIGSFR=0F60h-0FFFh -ACONFIG=0300000h-030000Dh -AIDLOC=0200000h-0200007h \
  -AEEDATA=0F00000h-0F000FFh -peeprom_data=EEDATA \
  -preset_vec=01000h,intcode=1008h,intcodelo=1018h,sivt_lo,sivt_hi=CODE \
  -ppowerup=CODE,init -pramtop=0800h -psmallconst=SMALLCONST \
  -pmediumconst=MEDIUMCONST -pconst=CONST -AFARRAM=00h-00h \
  -prdata=COMRAM,nvrram=COMRAM,nvbit=COMRAM,rbss=COMRAM,rbit=COMRAM \
  -pfarbss=FARRAM,fardata=FARRAM,nvFARRAM=FARRAM \
  -pintsave_regs=BIGRAM,bigbss=BIGRAM,bigdata=BIGRAM -pbss=RAM \
  -pidata=CODE,irdata=CODE,ibigdata=CODE,ifardata=CODE -prparam=COMRAM \
  C:\Temp\xcBsa9g.1\driver_tmp_9.o \
  dist/With_Loader/production\4550.production.o 

Object code version is 3.11

Machine type is 18F4550



                Name                               Link     Load   Length Selector   Space Scale
C:\Temp\xcBsa9g.1\driver_tmp_9.o
                config                           300000   300000        E        0       4
                init                               100E     100E        4      804       0
                reset_vec                          1000     1000        4      800       0
dist/With_Loader/production\4550.production.o
                eeprom_data                      F00000   F00000       10   F00000       0
                intcode                            1008     1008        6      804       0
                config                           300000   300000        E        0       4
                temp                                 5B       5B        1        1       1
                const                              78A6     78A6      75A     3C53       0
                text145                            255E     255E       38     12AF       0
                text144                            2FBE     2FBE       70     17DF       0
                text143                            1EFE     1EFE       10      F7F       0
                text142                            1F74     1F74       14      FBA       0
                text141                            302E     302E       76     1817       0
                intcode_body                       3284     3284       7E     1942       0
                text139                            212E     212E       22     1097       0
                text138                            20F0     20F0       1E     1078       0
                text137                            267C     267C       3C     133E       0
                text136                            3402     3402       86     1A01       0
                text135                            3488     3488       92     1A44       0
                text134                            1F50     1F50       12      FA8       0
                text133                            26B8     26B8       3C     135C       0
                text132                            23D8     23D8       2C     11EC       0
                text131                            2404     2404       2C     1202       0
                text130                            22BC     22BC       28     115E       0
                text129                            351A     351A       98     1A8D       0
                text128                            1F88     1F88       14      FC4       0
                text127                            2194     2194       24     10CA       0
                text126                            22E4     22E4       28     1172       0
                text125                            2E80     2E80       68     1740       0
                text124                            28D6     28D6       4C     146B       0
                text123                            2EE8     2EE8       68     1774       0
                text122                            2A70     2A70       58     1538       0
                text121                            3302     3302       7E     1981       0
                text120                            2AC8     2AC8       58     1564       0
                text119                            27F8     27F8       4A     13FC       0
                text118                            2B78     2B78       5C     15BC       0
                text117                            2E1A     2E1A       66     170D       0
                text116                            2842     2842       4A     1421       0
                text115                            26F4     26F4       3E     137A       0
                text114                            3790     3790       A4     1BC8       0
                text113                            3190     3190       78     18C8       0
                text112                            24BE     24BE       34     125F       0
                text111                            398E     398E       B6     1CC7       0
                text110                            57CC     57CC      1E2     2BE6       0
                text109                            1F0E     1F0E       10      F87       0
                text108                            21B8     21B8       24     10DC       0
                text107                            1EC2     1EC2        8      F61       0
                text106                            1ECA     1ECA        8      F65       0
                text105                            1ED2     1ED2        8      F69       0
                text104                            1EE4     1EE4        C      F72       0
                text103                            3208     3208       7C     1904       0
                text102                            1F9C     1F9C       16      FCE       0
                text101                            2F50     2F50       6E     17A8       0
                text100                            2A1A     2A1A       56     150D       0
                text99                             2224     2224       26     1112       0
                text98                             38DA     38DA       B4     1C6D       0
                text97                             3B00     3B00       C0     1D80       0
                text96                             516A     516A      17E     28B5       0
                text95                             2B20     2B20       58     1590       0
                text94                             364C     364C       A2     1B26       0
                text93                             2DB6     2DB6       64     16DB       0
                text92                             3A44     3A44       BC     1D22       0
                text91                             2384     2384       2A     11C2       0
                text90                             1F1E     1F1E       10      F8F       0
                text89                             200A     200A       18     1005       0
                text88                             1EF0     1EF0        E      F78       0
                text87                             1FB2     1FB2       16      FD9       0
                text86                             23AE     23AE       2A     11D7       0
                text85                             1FC8     1FC8       16      FE4       0
                text84                             2022     2022       18     1011       0
                text83                             248C     248C       32     1246       0
                text82                             24F2     24F2       36     1279       0
                text81                             1FDE     1FDE       16      FEF       0
                text80                             2150     2150       22     10A8       0
                text79                             36EE     36EE       A2     1B77       0
                text78                             2922     2922       50     1491       0
                text77                             2BD4     2BD4       60     15EA       0
                text76                             2528     2528       36     1294       0
                text75                             661C     661C      324     330E       0
                text74                             25CE     25CE       3A     12E7       0
                text73                             30A4     30A4       76     1852       0
                text72                             3834     3834       A6     1C1A       0
                text71                             230C     230C       28     1186       0
                text70                             6CC2     6CC2      5D6     3661       0
                text69                             2334     2334       28     119A       0
                text68                             5BE2     5BE2      250     2DF1       0
                text67                             2608     2608       3A     1304       0
                text66                             2642     2642       3A     1321       0
                text65                             2082     2082       1A     1041       0
                text64                             2770     2770       40     13B8       0
                text63                             2172     2172       22     10B9       0
                text62                             2596     2596       38     12CB       0
                text61                             45EA     45EA      10E     22F5       0
                text60                             210E     210E       20     1087       0
                text59                             224A     224A       26     1125       0
                text58                             2D54     2D54       62     16AA       0
                text57                             46F8     46F8      110     237C       0
                text56                             4EC0     4EC0      138     2760       0
                text55                             2270     2270       26     1138       0
                text54                             2C34     2C34       60     161A       0
                text53                             2732     2732       3E     1399       0
                text52                             2296     2296       26     114B       0
                text51                             1EDA     1EDA        A      F6D       0
                text50                             27B0     27B0       48     13D8       0
                text49                             203A     203A       18     101D       0
                text48                             2052     2052       18     1029       0
                text47                             7298     7298      60E     394C       0
                text46                             1EB0     1EB0        6      F58       0
                text45                             6940     6940      382     34A0       0
                text44                             608E     608E      27A     3047       0
                text43                             52E8     52E8      186     2974       0
                text42                             546E     546E      1A4     2A37       0
                text41                             2972     2972       54     14B9       0
                text40                             311A     311A       76     188D       0
                text39                             5E32     5E32      25C     2F19       0
                text38                             4A2A     4A2A      116     2515       0
                text37                             2C94     2C94       60     164A       0
                text36                             2CF4     2CF4       60     167A       0
                text35                             5612     5612      1BA     2B09       0
                text34                             41FA     41FA       F2     20FD       0
                text33                             6308     6308      314     3184       0
                text32                             4FF8     4FF8      172     27FC       0
                text31                             59AE     59AE      234     2CD7       0
                text30                             42EC     42EC       F4     2176       0
                text29                             4020     4020       EC     2010       0
                text28                             4C5C     4C5C      130     262E       0
                text27                             3F36     3F36       EA     1F9B       0
                text26                             44DE     44DE      10C     226F       0
                text25                             3C96     3C96       E0     1E4B       0
                text24                             3D76     3D76       E0     1EBB       0
                text23                             3E56     3E56       E0     1F2B       0
                text22                             410C     410C       EE     2086       0
                text21                             43E0     43E0       FE     21F0       0
                text20                             4B40     4B40      11C     25A0       0
                text19                             288C     288C       4A     1446       0
                text18                             4D8C     4D8C      134     26C6       0
                text17                             4808     4808      110     2404       0
                text16                             2430     2430       2C     1218       0
                text15                             1FF4     1FF4       16      FFA       0
                text14                             245C     245C       30     122E       0
                text13                             1EB6     1EB6        6      F5B       0
                text12                             29C6     29C6       54     14E3       0
                text11                             1F62     1F62       12      FB1       0
                text10                             209C     209C       1C     104E       0
                text9                              21DC     21DC       24     10EE       0
                text8                              3BC0     3BC0       D6     1DE0       0
                text7                              235C     235C       28     11AE       0
                text6                              2200     2200       24     1100       0
                text5                              206A     206A       18     1035       0
                text4                              1EBC     1EBC        6      F5E       0
                text3                              1F2E     1F2E       10      F97       0
                text2                              20B8     20B8       1C     105C       0
                text1                              4918     4918      112     248C       0
                text0                              3380     3380       82     19C0       0
                cstackCOMRAM                          1        1       35        1       1
                cstackBANK2                         2FA      2FA        4      200       1
                cstackBANK3                         396      396       27      300       1
                bssBANK3                            300      300       96      300       1
                bssBANK2                            200      200       FA      200       1
                dataBANK1                           1E3      1E3       1C      100       1
                bssBANK1                            100      100       E3      100       1
                dataBANK0                            FE       FE        1       60       1
                bssBANK0                             60       60       9E       60       1
                dataCOMRAM                           49       49       11        1       1
                bssCOMRAM                            36       36       13        1       1
                bitbssCOMRAM                        2D0       5A        5        1       1     8
                cinit                              35B2     35B2       9A     1AD9       0
                idataBANK1                         20D4     20D4       1C     20D4       0
                idataBANK0                         1004     1004        1      800       0
                idataCOMRAM                        1F3F     1F3F       11     1F3F       0

TOTAL           Name                               Link     Load   Length     Space
        CLASS   CODE           
                intcode                            1008     1008        6         0
                init                               100E     100E        4         0
                reset_vec                          1000     1000        4         0
                text145                            255E     255E       38         0
                text144                            2FBE     2FBE       70         0
                text143                            1EFE     1EFE       10         0
                text142                            1F74     1F74       14         0
                text141                            302E     302E       76         0
                intcode_body                       3284     3284       7E         0
                text139                            212E     212E       22         0
                text138                            20F0     20F0       1E         0
                text137                            267C     267C       3C         0
                text136                            3402     3402       86         0
                text135                            3488     3488       92         0
                text134                            1F50     1F50       12         0
                text133                            26B8     26B8       3C         0
                text132                            23D8     23D8       2C         0
                text131                            2404     2404       2C         0
                text130                            22BC     22BC       28         0
                text129                            351A     351A       98         0
                text128                            1F88     1F88       14         0
                text127                            2194     2194       24         0
                text126                            22E4     22E4       28         0
                text125                            2E80     2E80       68         0
                text124                            28D6     28D6       4C         0
                text123                            2EE8     2EE8       68         0
                text122                            2A70     2A70       58         0
                text121                            3302     3302       7E         0
                text120                            2AC8     2AC8       58         0
                text119                            27F8     27F8       4A         0
                text118                            2B78     2B78       5C         0
                text117                            2E1A     2E1A       66         0
                text116                            2842     2842       4A         0
                text115                            26F4     26F4       3E         0
                text114                            3790     3790       A4         0
                text113                            3190     3190       78         0
                text112                            24BE     24BE       34         0
                text111                            398E     398E       B6         0
                text110                            57CC     57CC      1E2         0
                text109                            1F0E     1F0E       10         0
                text108                            21B8     21B8       24         0
                text107                            1EC2     1EC2        8         0
                text106                            1ECA     1ECA        8         0
                text105                            1ED2     1ED2        8         0
                text104                            1EE4     1EE4        C         0
                text103                            3208     3208       7C         0
                text102                            1F9C     1F9C       16         0
                text101                            2F50     2F50       6E         0
                text100                            2A1A     2A1A       56         0
                text99                             2224     2224       26         0
                text98                             38DA     38DA       B4         0
                text97                             3B00     3B00       C0         0
                text96                             516A     516A      17E         0
                text95                             2B20     2B20       58         0
                text94                             364C     364C       A2         0
                text93                             2DB6     2DB6       64         0
                text92                             3A44     3A44       BC         0
                text91                             2384     2384       2A         0
                text90                             1F1E     1F1E       10         0
                text89                             200A     200A       18         0
                text88                             1EF0     1EF0        E         0
                text87                             1FB2     1FB2       16         0
                text86                             23AE     23AE       2A         0
                text85                             1FC8     1FC8       16         0
                text84                             2022     2022       18         0
                text83                             248C     248C       32         0
                text82                             24F2     24F2       36         0
                text81                             1FDE     1FDE       16         0
                text80                             2150     2150       22         0
                text79                             36EE     36EE       A2         0
                text78                             2922     2922       50         0
                text77                             2BD4     2BD4       60         0
                text76                             2528     2528       36         0
                text75                             661C     661C      324         0
                text74                             25CE     25CE       3A         0
                text73                             30A4     30A4       76         0
                text72                             3834     3834       A6         0
                text71                             230C     230C       28         0
                text70                             6CC2     6CC2      5D6         0
                text69                             2334     2334       28         0
                text68                             5BE2     5BE2      250         0
                text67                             2608     2608       3A         0
                text66                             2642     2642       3A         0
                text65                             2082     2082       1A         0
                text64                             2770     2770       40         0
                text63                             2172     2172       22         0
                text62                             2596     2596       38         0
                text61                             45EA     45EA      10E         0
                text60                             210E     210E       20         0
                text59                             224A     224A       26         0
                text58                             2D54     2D54       62         0
                text57                             46F8     46F8      110         0
                text56                             4EC0     4EC0      138         0
                text55                             2270     2270       26         0
                text54                             2C34     2C34       60         0
                text53                             2732     2732       3E         0
                text52                             2296     2296       26         0
                text51                             1EDA     1EDA        A         0
                text50                             27B0     27B0       48         0
                text49                             203A     203A       18         0
                text48                             2052     2052       18         0
                text47                             7298     7298      60E         0
                text46                             1EB0     1EB0        6         0
                text45                             6940     6940      382         0
                text44                             608E     608E      27A         0
                text43                             52E8     52E8      186         0
                text42                             546E     546E      1A4         0
                text41                             2972     2972       54         0
                text40                             311A     311A       76         0
                text39                             5E32     5E32      25C         0
                text38                             4A2A     4A2A      116         0
                text37                             2C94     2C94       60         0
                text36                             2CF4     2CF4       60         0
                text35                             5612     5612      1BA         0
                text34                             41FA     41FA       F2         0
                text33                             6308     6308      314         0
                text32                             4FF8     4FF8      172         0
                text31                             59AE     59AE      234         0
                text30                             42EC     42EC       F4         0
                text29                             4020     4020       EC         0
                text28                             4C5C     4C5C      130         0
                text27                             3F36     3F36       EA         0
                text26                             44DE     44DE      10C         0
                text25                             3C96     3C96       E0         0
                text24                             3D76     3D76       E0         0
                text23                             3E56     3E56       E0         0
                text22                             410C     410C       EE         0
                text21                             43E0     43E0       FE         0
                text20                             4B40     4B40      11C         0
                text19                             288C     288C       4A         0
                text18                             4D8C     4D8C      134         0
                text17                             4808     4808      110         0
                text16                             2430     2430       2C         0
                text15                             1FF4     1FF4       16         0
                text14                             245C     245C       30         0
                text13                             1EB6     1EB6        6         0
                text12                             29C6     29C6       54         0
                text11                             1F62     1F62       12         0
                text10                             209C     209C       1C         0
                text9                              21DC     21DC       24         0
                text8                              3BC0     3BC0       D6         0
                text7                              235C     235C       28         0
                text6                              2200     2200       24         0
                text5                              206A     206A       18         0
                text4                              1EBC     1EBC        6         0
                text3                              1F2E     1F2E       10         0
                text2                              20B8     20B8       1C         0
                text1                              4918     4918      112         0
                text0                              3380     3380       82         0
                cinit                              35B2     35B2       9A         0
                idataBANK1                         20D4     20D4       1C         0
                idataBANK0                         1004     1004        1         0
                idataCOMRAM                        1F3F     1F3F       11         0

        CLASS   CONST          
                const                              78A6     78A6      75A         0

        CLASS   SMALLCONST     

        CLASS   MEDIUMCONST    

        CLASS   COMRAM         
                temp                                 5B       5B        1         1
                cstackCOMRAM                          1        1       35         1
                dataCOMRAM                           49       49       11         1
                bssCOMRAM                            36       36       13         1
                bitbssCOMRAM                        2D0       5A        5         1

        CLASS   ABS1           

        CLASS   BIGRAM         

        CLASS   RAM            

        CLASS   BANK0          
                dataBANK0                            FE       FE        1         1
                bssBANK0                             60       60       9E         1

        CLASS   BANK1          
                dataBANK1                           1E3      1E3       1C         1
                bssBANK1                            100      100       E3         1

        CLASS   BANK2          
                cstackBANK2                         2FA      2FA        4         1
                bssBANK2                            200      200       FA         1

        CLASS   BANK3          
                cstackBANK3                         396      396       27         1
                bssBANK3                            300      300       96         1

        CLASS   BANK4          

        CLASS   BANK5          

        CLASS   BANK6          

        CLASS   BANK7          

        CLASS   SFR            

        CLASS   BIGSFR         

        CLASS   CONFIG         
                config                           300000   300000        E         4

        CLASS   IDLOC          

        CLASS   EEDATA         
                eeprom_data                      F00000   F00000       10         0

        CLASS   FARRAM         

        CLASS   HEAP           

        CLASS   STACK          



SEGMENTS        Name                           Load    Length   Top    Selector   Space  Class

                cstackCOMRAM                   000001  00005B  00005C         1       1  COMRAM  
                bssBANK0                       000060  00009F  0000FF        60       1  BANK0   
                bssBANK1                       000100  0000FF  0001FF       100       1  BANK1   
                bssBANK2                       000200  0000FE  0002FE       200       1  BANK2   
                bssBANK3                       000300  0000BD  0003BD       300       1  BANK3   
                reset_vec                      001000  000005  001005       800       0  CODE    
                intcode                        001008  00000A  001012       804       0  CODE    
                text46                         001EB0  000006  001EB6       F58       0  CODE    
                text13                         001EB6  000006  001EBC       F5B       0  CODE    
                text4                          001EBC  000006  001EC2       F5E       0  CODE    
                text107                        001EC2  000008  001ECA       F61       0  CODE    
                text106                        001ECA  000008  001ED2       F65       0  CODE    
                text105                        001ED2  000008  001EDA       F69       0  CODE    
                text51                         001EDA  00000A  001EE4       F6D       0  CODE    
                text104                        001EE4  00000C  001EF0       F72       0  CODE    
                text88                         001EF0  00000E  001EFE       F78       0  CODE    
                text143                        001EFE  000010  001F0E       F7F       0  CODE    
                text109                        001F0E  000010  001F1E       F87       0  CODE    
                text90                         001F1E  000010  001F2E       F8F       0  CODE    
                text3                          001F2E  000010  001F3E       F97       0  CODE    
                idataCOMRAM                    001F3F  000011  001F50      1F3F       0  CODE    
                text134                        001F50  000012  001F62       FA8       0  CODE    
                text11                         001F62  000012  001F74       FB1       0  CODE    
                text142                        001F74  000014  001F88       FBA       0  CODE    
                text128                        001F88  000014  001F9C       FC4       0  CODE    
                text102                        001F9C  000016  001FB2       FCE       0  CODE    
                text87                         001FB2  000016  001FC8       FD9       0  CODE    
                text85                         001FC8  000016  001FDE       FE4       0  CODE    
                text81                         001FDE  000016  001FF4       FEF       0  CODE    
                text15                         001FF4  000016  00200A       FFA       0  CODE    
                text89                         00200A  000018  002022      1005       0  CODE    
                text84                         002022  000018  00203A      1011       0  CODE    
                text49                         00203A  000018  002052      101D       0  CODE    
                text48                         002052  000018  00206A      1029       0  CODE    
                text5                          00206A  000018  002082      1035       0  CODE    
                text65                         002082  00001A  00209C      1041       0  CODE    
                text10                         00209C  00001C  0020B8      104E       0  CODE    
                text2                          0020B8  00001C  0020D4      105C       0  CODE    
                idataBANK1                     0020D4  00001C  0020F0      20D4       0  CODE    
                text138                        0020F0  00001E  00210E      1078       0  CODE    
                text60                         00210E  000020  00212E      1087       0  CODE    
                text139                        00212E  000022  002150      1097       0  CODE    
                text80                         002150  000022  002172      10A8       0  CODE    
                text63                         002172  000022  002194      10B9       0  CODE    
                text127                        002194  000024  0021B8      10CA       0  CODE    
                text108                        0021B8  000024  0021DC      10DC       0  CODE    
                text9                          0021DC  000024  002200      10EE       0  CODE    
                text6                          002200  000024  002224      1100       0  CODE    
                text99                         002224  000026  00224A      1112       0  CODE    
                text59                         00224A  000026  002270      1125       0  CODE    
                text55                         002270  000026  002296      1138       0  CODE    
                text52                         002296  000026  0022BC      114B       0  CODE    
                text130                        0022BC  000028  0022E4      115E       0  CODE    
                text126                        0022E4  000028  00230C      1172       0  CODE    
                text71                         00230C  000028  002334      1186       0  CODE    
                text69                         002334  000028  00235C      119A       0  CODE    
                text7                          00235C  000028  002384      11AE       0  CODE    
                text91                         002384  00002A  0023AE      11C2       0  CODE    
                text86                         0023AE  00002A  0023D8      11D7       0  CODE    
                text132                        0023D8  00002C  002404      11EC       0  CODE    
                text131                        002404  00002C  002430      1202       0  CODE    
                text16                         002430  00002C  00245C      1218       0  CODE    
                text14                         00245C  000030  00248C      122E       0  CODE    
                text83                         00248C  000032  0024BE      1246       0  CODE    
                text112                        0024BE  000034  0024F2      125F       0  CODE    
                text82                         0024F2  000036  002528      1279       0  CODE    
                text76                         002528  000036  00255E      1294       0  CODE    
                text145                        00255E  000038  002596      12AF       0  CODE    
                text62                         002596  000038  0025CE      12CB       0  CODE    
                text74                         0025CE  00003A  002608      12E7       0  CODE    
                text67                         002608  00003A  002642      1304       0  CODE    
                text66                         002642  00003A  00267C      1321       0  CODE    
                text137                        00267C  00003C  0026B8      133E       0  CODE    
                text133                        0026B8  00003C  0026F4      135C       0  CODE    
                text115                        0026F4  00003E  002732      137A       0  CODE    
                text53                         002732  00003E  002770      1399       0  CODE    
                text64                         002770  000040  0027B0      13B8       0  CODE    
                text50                         0027B0  000048  0027F8      13D8       0  CODE    
                text119                        0027F8  00004A  002842      13FC       0  CODE    
                text116                        002842  00004A  00288C      1421       0  CODE    
                text19                         00288C  00004A  0028D6      1446       0  CODE    
                text124                        0028D6  00004C  002922      146B       0  CODE    
                text78                         002922  000050  002972      1491       0  CODE    
                text41                         002972  000054  0029C6      14B9       0  CODE    
                text12                         0029C6  000054  002A1A      14E3       0  CODE    
                text100                        002A1A  000056  002A70      150D       0  CODE    
                text122                        002A70  000058  002AC8      1538       0  CODE    
                text120                        002AC8  000058  002B20      1564       0  CODE    
                text95                         002B20  000058  002B78      1590       0  CODE    
                text118                        002B78  00005C  002BD4      15BC       0  CODE    
                text77                         002BD4  000060  002C34      15EA       0  CODE    
                text54                         002C34  000060  002C94      161A       0  CODE    
                text37                         002C94  000060  002CF4      164A       0  CODE    
                text36                         002CF4  000060  002D54      167A       0  CODE    
                text58                         002D54  000062  002DB6      16AA       0  CODE    
                text93                         002DB6  000064  002E1A      16DB       0  CODE    
                text117                        002E1A  000066  002E80      170D       0  CODE    
                text125                        002E80  000068  002EE8      1740       0  CODE    
                text123                        002EE8  000068  002F50      1774       0  CODE    
                text101                        002F50  00006E  002FBE      17A8       0  CODE    
                text144                        002FBE  000070  00302E      17DF       0  CODE    
                text141                        00302E  000076  0030A4      1817       0  CODE    
                text73                         0030A4  000076  00311A      1852       0  CODE    
                text40                         00311A  000076  003190      188D       0  CODE    
                text113                        003190  000078  003208      18C8       0  CODE    
                text103                        003208  00007C  003284      1904       0  CODE    
                intcode_body                   003284  00007E  003302      1942       0  CODE    
                text121                        003302  00007E  003380      1981       0  CODE    
                text0                          003380  000082  003402      19C0       0  CODE    
                text136                        003402  000086  003488      1A01       0  CODE    
                text135                        003488  000092  00351A      1A44       0  CODE    
                text129                        00351A  000098  0035B2      1A8D       0  CODE    
                cinit                          0035B2  00009A  00364C      1AD9       0  CODE    
                text94                         00364C  0000A2  0036EE      1B26       0  CODE    
                text79                         0036EE  0000A2  003790      1B77       0  CODE    
                text114                        003790  0000A4  003834      1BC8       0  CODE    
                text72                         003834  0000A6  0038DA      1C1A       0  CODE    
                text98                         0038DA  0000B4  00398E      1C6D       0  CODE    
                text111                        00398E  0000B6  003A44      1CC7       0  CODE    
                text92                         003A44  0000BC  003B00      1D22       0  CODE    
                text97                         003B00  0000C0  003BC0      1D80       0  CODE    
                text8                          003BC0  0000D6  003C96      1DE0       0  CODE    
                text25                         003C96  0000E0  003D76      1E4B       0  CODE    
                text24                         003D76  0000E0  003E56      1EBB       0  CODE    
                text23                         003E56  0000E0  003F36      1F2B       0  CODE    
                text27                         003F36  0000EA  004020      1F9B       0  CODE    
                text29                         004020  0000EC  00410C      2010       0  CODE    
                text22                         00410C  0000EE  0041FA      2086       0  CODE    
                text34                         0041FA  0000F2  0042EC      20FD       0  CODE    
                text30                         0042EC  0000F4  0043E0      2176       0  CODE    
                text21                         0043E0  0000FE  0044DE      21F0       0  CODE    
                text26                         0044DE  00010C  0045EA      226F       0  CODE    
                text61                         0045EA  00010E  0046F8      22F5       0  CODE    
                text57                         0046F8  000110  004808      237C       0  CODE    
                text17                         004808  000110  004918      2404       0  CODE    
                text1                          004918  000112  004A2A      248C       0  CODE    
                text38                         004A2A  000116  004B40      2515       0  CODE    
                text20                         004B40  00011C  004C5C      25A0       0  CODE    
                text28                         004C5C  000130  004D8C      262E       0  CODE    
                text18                         004D8C  000134  004EC0      26C6       0  CODE    
                text56                         004EC0  000138  004FF8      2760       0  CODE    
                text32                         004FF8  000172  00516A      27FC       0  CODE    
                text96                         00516A  00017E  0052E8      28B5       0  CODE    
                text43                         0052E8  000186  00546E      2974       0  CODE    
                text42                         00546E  0001A4  005612      2A37       0  CODE    
                text35                         005612  0001BA  0057CC      2B09       0  CODE    
                text110                        0057CC  0001E2  0059AE      2BE6       0  CODE    
                text31                         0059AE  000234  005BE2      2CD7       0  CODE    
                text68                         005BE2  000250  005E32      2DF1       0  CODE    
                text39                         005E32  00025C  00608E      2F19       0  CODE    
                text44                         00608E  00027A  006308      3047       0  CODE    
                text33                         006308  000314  00661C      3184       0  CODE    
                text75                         00661C  000324  006940      330E       0  CODE    
                text45                         006940  000382  006CC2      34A0       0  CODE    
                text70                         006CC2  0005D6  007298      3661       0  CODE    
                text47                         007298  00060E  0078A6      394C       0  CODE    
                const                          0078A6  00075A  008000      3C53       0  CONST   
                eeprom_data                    F00000  000010  F00010    F00000       0  EEDATA  


UNUSED ADDRESS RANGES

        Name                Unused          Largest block    Delta
        BANK0            0000FF-0000FF                1
        BANK1            0001FF-0001FF                1
        BANK2            0002FE-0002FF                2
        BANK3            0003BD-0003FF               43
        BANK4            000400-0004FF              100
        BANK5            000500-0005FF              100
        BANK6            000600-0006FF              100
        BANK7            000700-0007FF              100
        BIGRAM           00005C-00005F                4
                         0000FF-0000FF                1
                         0001FF-0001FF                1
                         0002FE-0002FF                2
                         0003BD-0007FF              443
        BIGSFR           000F60-000FFF               A0
        CODE             001005-001005                1
                         001012-001015                4
                         001018-001EAF              E98
                         001F3E-001F3E                1
        COMRAM           00005C-00005F                4
        CONST            001005-001005                1
                         001012-001015                4
                         001018-001EAF              E98
                         001F3E-001F3E                1
        EEDATA           F00010-F000FF               F0
        FARRAM           000000-000000                1
        IDLOC            200000-200007                8
        MEDIUMCONST      001005-001005                1
                         001012-001015                4
                         001018-001EAF              E98
                         001F3E-001F3E                1
        RAM              0000FF-0000FF                1
                         0001FF-0001FF                1
                         0002FE-0002FF                2
                         0003BD-0007FF              100
        SFR              000F60-000FFF               A0
        SMALLCONST       001005-001005                1
                         001012-001015                4
                         001018-001EAF              100
                         001F3E-001F3E                1

                                  Symbol Table

?___awdiv                           cstackCOMRAM 000005
?___awmod                           cstackCOMRAM 000017
?___lldiv                           cstackCOMRAM 000011
?___llmod                           cstackCOMRAM 000005
?___lmul                            cstackCOMRAM 000005
?___lwdiv                           cstackCOMRAM 000005
?___lwmod                           cstackCOMRAM 00000C
?_bmp280ReadInt16                   cstackCOMRAM 000012
?_bmp280ReadInt32                   cstackCOMRAM 000012
?_bmp280ReadPressure                cstackCOMRAM 000027
?_bmp280ReadTemp                    cstackCOMRAM 000027
?_bmp280_compensate_P_int32         cstackCOMRAM 00002F
?_bmp280_compensate_T_int32         cstackCOMRAM 00002F
?_rand                              cstackCOMRAM 000011
?_si7021_Hum                        cstackCOMRAM 00001E
?_si7021_Temp                       cstackCOMRAM 00001E
?_strlen                            cstackCOMRAM 000005
Cmd7221@adr                         cstackCOMRAM 000008
Cmd7221@i                           cstackCOMRAM 000009
Cmd7221@val                         cstackCOMRAM 000007
DayOfWeek@a                         cstackCOMRAM 000027
DayOfWeek@day                       cstackCOMRAM 000025
DayOfWeek@m                         cstackCOMRAM 000026
DayOfWeek@month                     cstackCOMRAM 00001D
DayOfWeek@y                         cstackCOMRAM 000028
DayOfWeek@year                      cstackCOMRAM 00001E
EUSART_Read@readValue               cstackCOMRAM 000005
EUSART_Write@txData                 cstackCOMRAM 000005
FillBuf@i                           cstackCOMRAM 000034
FillBuf@type                        cstackCOMRAM 000033
I2C_Master_Read@a                   cstackCOMRAM 000006
I2C_Master_Read@temp                cstackCOMRAM 000007
I2C_Master_Write@d                  cstackCOMRAM 000006
I2C_Read@byteAr                     cstackCOMRAM 000008
I2C_Read@enRegByte                  cstackCOMRAM 00000B
I2C_Read@i                          cstackCOMRAM 000011
I2C_Read@i2cAdress                  cstackCOMRAM 000009
I2C_Read@n                          cstackCOMRAM 00000A
I2C_Write@byteAr                    cstackCOMRAM 000007
I2C_Write@i                         cstackCOMRAM 00000A
I2C_Write@i2cAdress                 cstackCOMRAM 000008
I2C_Write@n                         cstackCOMRAM 000009
PL10                                text45       006C04
PL100                               text45       006C44
PL102                               text70       0071F2
PL104                               text100      002A66
PL106                               text43       00545C
PL108                               text110      00598E
PL110                               text70       00720E
PL112                               text68       005E18
PL114                               text45       006C52
PL116                               text57       0047F8
PL118                               text119      002838
PL12                                text45       006C14
PL120                               text47       0077DE
PL122                               text101      002FB4
PL124                               text45       006C5C
PL126                               text70       007228
PL128                               text45       006C74
PL130                               text1        004A22
PL132                               text44       0062E2
PL134                               text47       0077EE
PL136                               text47       007802
PL138                               text44       0062EC
PL14                                text75       006872
PL140                               text80       002160
PL142                               text70       007234
PL144                               text70       007246
PL146                               text70       007258
PL148                               text70       00726A
PL150                               text47       00780A
PL152                               text8        003C86
PL154                               text92       003AEE
PL156                               text110      00599C
PL158                               text45       006C7C
PL16                                text75       0068B4
PL160                               text39       006070
PL162                               text35       005794
PL164                               text45       006C86
PL166                               text35       00579E
PL168                               text94       0036DE
PL170                               text56       004FBA
PL172                               text8        003C8E
PL174                               text75       006930
PL176                               text75       006938
PL178                               text43       005468
PL18                                text47       0077C6
PL180                               text56       004FCA
PL182                               text45       006C96
PL184                               text0        0033F8
PL186                               text41       0029B8
PL188                               text47       00781C
PL190                               text30       0043DA
PL192                               text45       006C9C
PL194                               text39       00607A
PL196                               text47       00782A
PL198                               text38       004B36
PL2                                 text33       0065EE
PL20                                text43       00544C
PL200                               text93       002E10
PL202                               text42       005600
PL204                               text29       004102
PL206                               text27       004016
PL208                               text21       0044D4
PL210                               text26       0045CE
PL212                               text36       002D4A
PL214                               text28       004D7A
PL216                               text56       004FD8
PL218                               text47       007834
PL22                                text70       00715E
PL220                               text47       007840
PL222                               text56       004FE4
PL224                               text26       0045D8
PL226                               text47       00784C
PL228                               text26       0045E4
PL230                               text44       0062F6
PL232                               text45       006CA6
PL234                               text135      003506
PL236                               text39       006084
PL238                               text135      003510
PL24                                text33       006608
PL240                               text103      003272
PL242                               text35       0057A8
PL244                               text47       007858
PL246                               text45       006CB0
PL248                               text70       00727C
PL250                               text121      003376
PL252                               text56       004FF0
PL254                               text47       007862
PL256                               text32       005160
PL258                               text35       0057B2
PL26                                text110      00593E
PL260                               text47       00786A
PL262                               text70       007284
PL264                               text103      00327A
PL266                               text72       0038C8
PL268                               text47       007874
PL270                               text144      003026
PL272                               text35       0057BA
PL274                               text45       006CB8
PL276                               text145      00258C
PL278                               text47       00787E
PL28                                text54       002C82
PL280                               text70       00728E
PL282                               text44       0062FE
PL284                               text47       007888
PL286                               text118      002BCA
PL288                               text92       003AFA
PL290                               text28       004D84
PL292                               text42       00560A
PL294                               text47       007892
PL296                               text47       00789A
PL298                               text47       0078A0
PL30                                text101      002FA0
PL300                               text20       004C56
PL302                               text22       0041F4
PL304                               text110      0059A8
PL306                               text133      0026EE
PL308                               text35       0057C4
PL310                               text72       0038D2
PL312                               text37       002CEE
PL32                                text47       0077D4
PL34                                text16       00244E
PL36                                text110      00594A
PL38                                text44       0062CC
PL4                                 text35       005780
PL40                                text39       00605E
PL42                                text45       006C22
PL44                                text17       0048D8
PL46                                text70       0071D4
PL48                                text45       006C2A
PL50                                text92       003AD4
PL52                                text45       006C34
PL54                                text75       006904
PL56                                text17       0048E8
PL58                                text17       0048F8
PL6                                 text42       0055EA
PL60                                text31       005BC6
PL62                                text110      005956
PL64                                text26       0045A4
PL66                                text26       0045B2
PL68                                text26       0045C0
PL70                                text31       005BD4
PL72                                text39       006068
PL74                                text32       005152
PL76                                text110      005960
PL78                                text17       004908
PL8                                 text75       00685C
PL80                                text75       00690E
PL82                                text93       002E04
PL84                                text75       00691A
PL86                                text110      005982
PL88                                text28       004D6E
PL90                                text75       006926
PL92                                text38       004B2C
PL94                                text45       006C3C
PL96                                text44       0062D8
PL98                                text70       0071E0
RTOS_DeleteTask@i                   cstackCOMRAM 00000B
RTOS_DeleteTask@taskFunc            cstackCOMRAM 000005
RTOS_DispatchTask@function          cstackBANK2  0002FA
RTOS_DispatchTask@i                 cstackBANK2  0002FD
RTOS_DispatchTask@j                 cstackBANK2  0002FC
RTOS_SetTask@i                      cstackCOMRAM 00000D
RTOS_SetTask@taskDelay              cstackCOMRAM 000007
RTOS_SetTask@taskFunc               cstackCOMRAM 000005
RTOS_SetTask@taskPeriod             cstackCOMRAM 000009
Rand_ef@eff                         bssBANK0     000091
Rand_ef@old_eff                     bssBANK0     000090
Send_Byte_7221@dat                  cstackCOMRAM 000005
Send_Byte_7221@i                    cstackCOMRAM 000006
Update_Matrix@buf                   cstackCOMRAM 000007
Update_Matrix@data                  cstackCOMRAM 000008
Update_Matrix@i                     cstackCOMRAM 00000A
Update_Matrix@j                     cstackCOMRAM 000009
_ACKDT                              (abs)        007E2D
_ACKEN                              (abs)        007E2C
_ADCON0bits                         (abs)        000FC2
_ADCON1bits                         (abs)        000FC1
_ADCON2bits                         (abs)        000FC0
_ADRESH                             (abs)        000FC4
_ADRESL                             (abs)        000FC3
_BAUDCONbits                        (abs)        000FB8
_CMCON                              (abs)        000FB4
_Cmd7221                            text138      0020F0
_DS3231_init                        text16       002430
_DayOfWeek                          text111      00398E
_Dis_Buff                           bssBANK0     0000A4
_Dis_Buff_t                         bssBANK1     0001C3
_EEADR                              (abs)        000FA9
_EECON1bits                         (abs)        000FA6
_EECON2                             (abs)        000FA7
_EEDATA                             (abs)        000FA8
_EUSART_Read                        text52       002296
_EUSART_Receive_ISR                 text145      00255E
_EUSART_Write                       text76       002528
_FillBuf                            text75       00661C
_Font                               const        007929
_FontS                              const        0078E6
_GetTime                            text40       00311A
_I2C_Init                           text15       001FF4
_I2C_Master_Read                    text108      0021B8
_I2C_Master_RepeatedStart           text107      001EC2
_I2C_Master_Start                   text106      001ECA
_I2C_Master_Stop                    text105      001ED2
_I2C_Master_Wait                    text109      001F0E
_I2C_Master_Write                   text104      001EE4
_I2C_Read                           text103      003208
_I2C_Write                          text59       00224A
_INT0_ISR                           text144      002FBE
_INTCON2                            (abs)        000FF1
_INTCON2bits                        (abs)        000FF1
_INTCON3bits                        (abs)        000FF0
_INTCONbits                         (abs)        000FF2
_INTERRUPT_InterruptManager         intcode      001008
_Init7221                           text14       00245C
_Interrupt_Init                     text13       001EB6
_LATA                               (abs)        000F89
_LATB                               (abs)        000F8A
_LATC                               (abs)        000F8B
_LATCbits                           (abs)        000F8B
_LATD                               (abs)        000F8C
_LATDbits                           (abs)        000F8C
_LATE                               (abs)        000F8D
_LATEbits                           (abs)        000F8D
_PEN                                (abs)        007E2A
_PIE1bits                           (abs)        000F9D
_PIE2bits                           (abs)        000FA0
_PIR1bits                           (abs)        000F9E
_PIR2bits                           (abs)        000FA1
_PORTB                              (abs)        000F81
_PORTCbits                          (abs)        000F82
_PORTDbits                          (abs)        000F83
_PORTE                              (abs)        000F84
_Port_Init                          text12       0029C6
_RCEN                               (abs)        007E2B
_RCREG                              (abs)        000FAE
_RCSTAbits                          (abs)        000FAB
_RSEN                               (abs)        007E29
_RTOS_DeleteTask                    text136      003402
_RTOS_DispatchTask                  text17       004808
_RTOS_Init                          text11       001F62
_RTOS_SetTask                       text135      003488
_Rand_ef                            text117      002E1A
_SEN                                (abs)        007E28
_SPBRG                              (abs)        000FAF
_SPBRGH                             (abs)        000FB0
_SSPADD                             (abs)        000FC8
_SSPBUF                             (abs)        000FC9
_SSPCON1                            (abs)        000FC6
_SSPCON2                            (abs)        000FC5
_SSPSTAT                            (abs)        000FC7
_SYSTEM_Initialize                  text1        004918
_Send_Byte_7221                     text139      00212E
_T0CON                              (abs)        000FD5
_T1CONbits                          (abs)        000FCD
_T3CONbits                          (abs)        000FB1
_TMR0                               (abs)        000FD6
_TMR0_ISR                           text143      001EFE
_TMR1H                              (abs)        000FCF
_TMR1L                              (abs)        000FCE
_TMR1_ISR                           text142      001F74
_TMR3H                              (abs)        000FB3
_TMR3L                              (abs)        000FB2
_TMR3_ISR                           text141      00302E
_TMRInit                            text10       00209C
_TRISA                              (abs)        000F92
_TRISB                              (abs)        000F93
_TRISC                              (abs)        000F94
_TRISCbits                          (abs)        000F94
_TRISD                              (abs)        000F95
_TRISDbits                          (abs)        000F95
_TRISE                              (abs)        000F96
_TSTime                             bssCOMRAM    000036
_TTime                              bssCOMRAM    000042
_TXIF                               (abs)        007CF4
_TXREG                              (abs)        000FAD
_TXSTAbits                          (abs)        000FAC
_TaskArray                          bssBANK1     000100
_Timer0Interrupt                    bssBANK0     000092
_UCONbits                           (abs)        000F6D
_Update_Matrix                      text137      00267C
__HRAM                              (abs)        000000
__H__absolute__                     __absolute__ 000000
__Habs1                             abs1         000000
__Hbank0                            bank0        000000
__Hbank1                            bank1        000000
__Hbank2                            bank2        000000
__Hbank3                            bank3        000000
__Hbank4                            bank4        000000
__Hbank5                            bank5        000000
__Hbank6                            bank6        000000
__Hbank7                            bank7        000000
__Hbigbss                           bigbss       000000
__Hbigdata                          bigdata      000000
__Hbigram                           bigram       000000
__Hbigsfr                           bigsfr       000000
__HbitbssCOMRAM                     bitbssCOMRAM 000000
__Hbss                              bss          000000
__HbssBANK0                         bssBANK0     000000
__HbssBANK1                         bssBANK1     000000
__HbssBANK2                         bssBANK2     000000
__HbssBANK3                         bssBANK3     000000
__HbssCOMRAM                        bssCOMRAM    000000
__Hcinit                            cinit        000000
__Hclrtext                          clrtext      000000
__Hcomram                           comram       000000
__Hconfig                           config       30000E
__Hconst                            const        008000
__HcstackBANK2                      cstackBANK2  000000
__HcstackBANK3                      cstackBANK3  000000
__HcstackCOMRAM                     cstackCOMRAM 000000
__Hdata                             data         000000
__HdataBANK0                        dataBANK0    000000
__HdataBANK1                        dataBANK1    000000
__HdataCOMRAM                       dataCOMRAM   000000
__Heeprom_data                      eeprom_data  F00010
__Hfarbss                           farbss       000000
__Hfardata                          fardata      000000
__Hheap                             heap         000000
__Hibigdata                         ibigdata     000000
__Hidata                            idata        000000
__HidataBANK0                       idataBANK0   000000
__HidataBANK1                       idataBANK1   000000
__HidataCOMRAM                      idataCOMRAM  000000
__Hidloc                            idloc        000000
__Hifardata                         ifardata     000000
__Hinit                             init         001012
__Hintcode                          intcode      00100E
__Hintcode_body                     intcode_body 000000
__Hintcodelo                        intcodelo    001018
__Hintentry                         intentry     000000
__Hintret                           intret       000000
__Hintsave_regs                     intsave_regs 000000
__Hirdata                           irdata       000000
__Hmediumconst                      mediumconst  000000
__HnvFARRAM                         nvFARRAM     000000
__Hnvbit                            nvbit        000000
__Hnvrram                           nvrram       000000
__Hpa_nodes0                        pa_nodes0    000000
__Hparam                            rparam       000000
__Hpowerup                          powerup      000000
__Hram                              ram          000000
__Hramtop                           ramtop       000800
__Hrbit                             rbit         000000
__Hrbss                             rbss         000000
__Hrdata                            rdata        000000
__Hreset_vec                        reset_vec    001004
__Hrparam                           rparam       000000
__Hsfr                              sfr          000000
__Hsivt_hi                          sivt_hi      000000
__Hsivt_lo                          sivt_lo      001018
__Hsmallconst                       smallconst   000000
__Hspace_0                          (abs)        F00010
__Hspace_1                          (abs)        0003BD
__Hspace_2                          (abs)        000000
__Hspace_4                          (abs)        60000E
__Hstack                            stack        000000
__Hstruct                           struct       000000
__Htemp                             temp         00005C
__Htext                             text         000000
__Htext0                            text0        000000
__Htext1                            text1        000000
__Htext10                           text10       000000
__Htext100                          text100      000000
__Htext101                          text101      000000
__Htext102                          text102      000000
__Htext103                          text103      000000
__Htext104                          text104      000000
__Htext105                          text105      000000
__Htext106                          text106      000000
__Htext107                          text107      000000
__Htext108                          text108      000000
__Htext109                          text109      000000
__Htext11                           text11       000000
__Htext110                          text110      000000
__Htext111                          text111      000000
__Htext112                          text112      000000
__Htext113                          text113      000000
__Htext114                          text114      000000
__Htext115                          text115      000000
__Htext116                          text116      000000
__Htext117                          text117      000000
__Htext118                          text118      000000
__Htext119                          text119      000000
__Htext12                           text12       000000
__Htext120                          text120      000000
__Htext121                          text121      000000
__Htext122                          text122      000000
__Htext123                          text123      000000
__Htext124                          text124      000000
__Htext125                          text125      000000
__Htext126                          text126      000000
__Htext127                          text127      000000
__Htext128                          text128      000000
__Htext129                          text129      000000
__Htext13                           text13       000000
__Htext130                          text130      000000
__Htext131                          text131      000000
__Htext132                          text132      000000
__Htext133                          text133      000000
__Htext134                          text134      000000
__Htext135                          text135      000000
__Htext136                          text136      000000
__Htext137                          text137      000000
__Htext138                          text138      000000
__Htext139                          text139      000000
__Htext14                           text14       000000
__Htext141                          text141      000000
__Htext142                          text142      000000
__Htext143                          text143      000000
__Htext144                          text144      000000
__Htext145                          text145      000000
__Htext15                           text15       000000
__Htext16                           text16       000000
__Htext17                           text17       000000
__Htext18                           text18       000000
__Htext19                           text19       000000
__Htext2                            text2        000000
__Htext20                           text20       000000
__Htext21                           text21       000000
__Htext22                           text22       000000
__Htext23                           text23       000000
__Htext24                           text24       000000
__Htext25                           text25       000000
__Htext26                           text26       000000
__Htext27                           text27       000000
__Htext28                           text28       000000
__Htext29                           text29       000000
__Htext3                            text3        000000
__Htext30                           text30       000000
__Htext31                           text31       000000
__Htext32                           text32       000000
__Htext33                           text33       000000
__Htext34                           text34       000000
__Htext35                           text35       000000
__Htext36                           text36       000000
__Htext37                           text37       000000
__Htext38                           text38       000000
__Htext39                           text39       000000
__Htext4                            text4        000000
__Htext40                           text40       000000
__Htext41                           text41       000000
__Htext42                           text42       000000
__Htext43                           text43       000000
__Htext44                           text44       000000
__Htext45                           text45       000000
__Htext46                           text46       000000
__Htext47                           text47       000000
__Htext48                           text48       000000
__Htext49                           text49       000000
__Htext5                            text5        000000
__Htext50                           text50       000000
__Htext51                           text51       000000
__Htext52                           text52       000000
__Htext53                           text53       000000
__Htext54                           text54       000000
__Htext55                           text55       000000
__Htext56                           text56       000000
__Htext57                           text57       000000
__Htext58                           text58       000000
__Htext59                           text59       000000
__Htext6                            text6        000000
__Htext60                           text60       000000
__Htext61                           text61       000000
__Htext62                           text62       000000
__Htext63                           text63       000000
__Htext64                           text64       000000
__Htext65                           text65       000000
__Htext66                           text66       000000
__Htext67                           text67       000000
__Htext68                           text68       000000
__Htext69                           text69       000000
__Htext7                            text7        000000
__Htext70                           text70       000000
__Htext71                           text71       000000
__Htext72                           text72       000000
__Htext73                           text73       000000
__Htext74                           text74       000000
__Htext75                           text75       000000
__Htext76                           text76       000000
__Htext77                           text77       000000
__Htext78                           text78       000000
__Htext79                           text79       000000
__Htext8                            text8        000000
__Htext80                           text80       000000
__Htext81                           text81       000000
__Htext82                           text82       000000
__Htext83                           text83       000000
[...]
setTime@mSet                        cstackCOMRAM 000010
setTime@sSet                        cstackCOMRAM 000011
si7021_Hum@tmp1                     cstackCOMRAM 000023
si7021_Hum@tmp2                     cstackCOMRAM 000026
si7021_Hum@tmpHi                    cstackCOMRAM 000022
si7021_Hum@tmpLo                    cstackCOMRAM 000025
si7021_Temp@tmp1                    cstackCOMRAM 000023
si7021_Temp@tmp2                    cstackCOMRAM 000026
si7021_Temp@tmpHi                   cstackCOMRAM 000022
si7021_Temp@tmpLo                   cstackCOMRAM 000025
spi_rw@i                            cstackCOMRAM 000006
spi_rw@value                        cstackCOMRAM 000005
srand@s                             cstackCOMRAM 000005
stackhi                             (abs)        000000
stacklo                             (abs)        000000
start                               init         00100E
start_initialization                cinit        0035B2
strlen@a                            cstackCOMRAM 000008
strlen@s                            cstackCOMRAM 000005
ttemp5                              temp         00005C
ttemp6                              temp         00005F
ttemp7                              temp         000063
usart_r@i                           bssBANK0     000094
usart_r@j                           cstackCOMRAM 000010
write_bit@bitval                    cstackCOMRAM 000005
write_byte@i                        cstackCOMRAM 00000A
write_byte@temp                     cstackCOMRAM 000009
write_byte@val                      cstackCOMRAM 000008
write_eep@address                   cstackCOMRAM 000006
write_eep@data                      cstackCOMRAM 000005
wtemp8                              temp         00005C


MODULE INFORMATION

Module		Function		Class		Link	Load	Size
time.c
		_dst_time      		CODE           	57CC	0000	370
		_DayOfWeek     		CODE           	398E	0000	182

time.c estimated size: 552

settings.c
		_set_font_set  		CODE           	42EC	0000	238
		_set_sound_h   		CODE           	3F36	0000	224
		_set_en_ds1    		CODE           	3C96	0000	224
		_set_en_ds2    		CODE           	3D76	0000	224
		_set_en_bmp    		CODE           	3E56	0000	224
		_set_en_dst    		CODE           	410C	0000	232
		_default_state 		CODE           	1EB0	0000	6
		_set_en_am2302 		CODE           	4B40	0000	278
		_set_type_clk  		CODE           	4020	0000	226
		_time_set_dt   		CODE           	4FF8	0000	346
		_time_set_hr   		CODE           	5612	0000	366
		_time_set_mt   		CODE           	6308	0000	742
		_time_set_dy   		CODE           	59AE	0000	536
		_time_set_yr   		CODE           	41FA	0000	242
		_time_set_min  		CODE           	546E	0000	380
		_set_type_temp 		CODE           	43E0	0000	244
		_okButSet      		CODE           	23D8	0000	44
		_brg_set       		CODE           	4C5C	0000	274
		_en_esp        		CODE           	4D8C	0000	308
		_exitButSet    		CODE           	26B8	0000	54
		_ip_esp        		CODE           	288C	0000	74
		_set_brg_manual		CODE           	44DE	0000	198

settings.c estimated size: 5684

eusart.c
		_EUSART_Read   		CODE           	2296	0000	38
		_EUSART_Write  		CODE           	2528	0000	54
		_init_uart     		CODE           	22E4	0000	40
		_EUSART_Receive_ISR		CODE           	255E	0000	46
		_reinit_rx     		CODE           	1EDA	0000	10

eusart.c estimated size: 188

C:\Program Files\Microchip\xc8\v3.00\pic\sources\c99\common\memcpy.c
		_memcpy        		CODE           	2922	0000	80

C:\Program Files\Microchip\xc8\v3.00\pic\sources\c99\common\memcpy.c estimated size: 80

C:\Program Files\Microchip\xc8\v3.00\pic\sources\c99\common\lbdiv.c
		___lbdiv       		CODE           	24BE	0000	52

C:\Program Files\Microchip\xc8\v3.00\pic\sources\c99\common\lbdiv.c estimated size: 52

SI7021.c
		_si7021_Hum    		CODE           	46F8	0000	256
		_si7021_Temp   		CODE           	4EC0	0000	250
		_si7021_init   		CODE           	206A	0000	24
		_si7021_reset  		CODE           	2200	0000	36

SI7021.c estimated size: 566

timer.c
		_TMRInit       		CODE           	209C	0000	28

timer.c estimated size: 28

i2c.c
		_I2C_Master_Read		CODE           	21B8	0000	36
		_I2C_Master_Wait		CODE           	1F0E	0000	16
		_I2C_Master_Stop		CODE           	1ED2	0000	8
		_I2C_Master_RepeatedStart		CODE           	1EC2	0000	8
		_I2C_Write     		CODE           	224A	0000	38
		_I2C_Read      		CODE           	3208	0000	106
		_I2C_Init      		CODE           	1FF4	0000	22
		_I2C_Master_Write		CODE           	1EE4	0000	12
		_I2C_Master_Start		CODE           	1ECA	0000	8

i2c.c estimated size: 254

dispatcher.c
		_RTOS_DeleteTask		CODE           	3402	0000	134
		_RTOS_Init     		CODE           	1F62	0000	18
		_RTOS_DispatchTask		CODE           	4808	0000	208
		_RTOS_SetTask  		CODE           	3488	0000	126
		_TMR0_ISR      		CODE           	1EFE	0000	16

dispatcher.c estimated size: 502

newmain.c
		_main          		CODE           	3380	0000	120

newmain.c estimated size: 120

C:\Program Files\Microchip\xc8\v3.00\pic\sources\c99\common\rand.c
		_srand         		CODE           	20B8	0000	28
		_rand          		CODE           	2EE8	0000	104

C:\Program Files\Microchip\xc8\v3.00\pic\sources\c99\common\rand.c estimated size: 132

eeprom.c
		_read_eep      		CODE           	1F88	0000	20
		_write_eep     		CODE           	2194	0000	36

eeprom.c estimated size: 56

key.c
		_key_press     		CODE           	2CF4	0000	86

key.c estimated size: 86

C:\Program Files\Microchip\xc8\v3.00\pic\sources\c99\common\lwmod.c
		___lwmod       		CODE           	26F4	0000	62

C:\Program Files\Microchip\xc8\v3.00\pic\sources\c99\common\lwmod.c estimated size: 62

ds3231.c
		_DS3231_init   		CODE           	2430	0000	30
		_getDate       		CODE           	2F50	0000	80
		_decimal_to_bcd		CODE           	2270	0000	38
		_setDate       		CODE           	2C34	0000	78
		_bcd_to_decimal		CODE           	1F9C	0000	22
		_getTime       		CODE           	2A1A	0000	76
		_setTime       		CODE           	2732	0000	62

ds3231.c estimated size: 386

C:\Program Files\Microchip\xc8\v3.00\pic\sources\c99\common\awmod.c
		___awmod       		CODE           	2E80	0000	104

C:\Program Files\Microchip\xc8\v3.00\pic\sources\c99\common\awmod.c estimated size: 104

BMP_280.c
		_bmp280_Init   		CODE           	3BC0	0000	198
		_bmp280ReadTemp		CODE           	2334	0000	40
		_bmp280ReadInt32		CODE           	3834	0000	148
		_bmp280ReadInt16		CODE           	21DC	0000	36
		_bmp280_compensate_P_int32		CODE           	6CC2	0000	1180
		_bmp280ReadPressure		CODE           	230C	0000	40
		_bmp280_compensate_T_int32		CODE           	5BE2	0000	566

BMP_280.c estimated size: 2208

max7221.c
		_Update_Matrix 		CODE           	267C	0000	60
		_Cmd7221       		CODE           	20F0	0000	30
		_Init7221      		CODE           	245C	0000	48
		_Send_Byte_7221		CODE           	212E	0000	34

max7221.c estimated size: 172

nrf24l01p.c
		_nrf24_getData 		CODE           	2022	0000	24
		_nrf24_tx_address		CODE           	2150	0000	16
		_nrf24_init    		CODE           	36EE	0000	162
		_nrf24_dataReady		CODE           	1FB2	0000	22
		_nrf24_write_reg		CODE           	1FC8	0000	22
		_nrf24_write_buf		CODE           	24F2	0000	54
		_nrf24_getStatus		CODE           	1F1E	0000	16
		_nrf24_powerUpRx		CODE           	248C	0000	50
		_nrf24_rx_address		CODE           	1FDE	0000	22
		_nrf24_read_reg		CODE           	200A	0000	24
		_nrf24_read_buf		CODE           	23AE	0000	42
		_nrf24_rxFifoEmpty		CODE           	1EF0	0000	14

nrf24l01p.c estimated size: 468

C:\Program Files\Microchip\xc8\v3.00\pic\sources\c99\common\llmod.c
		___llmod       		CODE           	2D54	0000	98

C:\Program Files\Microchip\xc8\v3.00\pic\sources\c99\common\llmod.c estimated size: 98

C:\Program Files\Microchip\xc8\v3.00\pic\sources\c99\common\Umul32.c
		___lmul        		CODE           	28D6	0000	76

C:\Program Files\Microchip\xc8\v3.00\pic\sources\c99\common\Umul32.c estimated size: 76

C:\Program Files\Microchip\xc8\v3.00\pic\sources\c99\common\__lldiv.c
		___lldiv       		CODE           	30A4	0000	118

C:\Program Files\Microchip\xc8\v3.00\pic\sources\c99\common\__lldiv.c estimated size: 118

spi.c
		_spi_init      		CODE           	1F2E	0000	16
		_spi_rw        		CODE           	2384	0000	42

spi.c estimated size: 58

onewire.c
		_ow_reset      		CODE           	2642	0000	58
		_read_bit      		CODE           	2082	0000	26
		_read_byte     		CODE           	2770	0000	64
		_write_bit     		CODE           	2172	0000	34
		_write_byte    		CODE           	2596	0000	56

onewire.c estimated size: 238

interrupt.c
		_INTERRUPT_InterruptManager		CODE           	1008	0000	132

interrupt.c estimated size: 132

shared
		PL12           		CODE           	6C14	0000	14
		PL50           		CODE           	3AD4	0000	26
		PL8            		CODE           	685C	0000	22
		PL268          		CODE           	7874	0000	10
		PL22           		CODE           	715E	0000	118
		PL60           		CODE           	5BC6	0000	14
		_dFont2        		CONST          	7EBF	0000	50
		PL178          		CODE           	5468	0000	6
		PL100          		CODE           	6C44	0000	14
		PL32           		CODE           	77D4	0000	10
		PL70           		CODE           	5BD4	0000	14
		PL278          		CODE           	787E	0000	10
		_dFont5        		CONST          	7E29	0000	50
		PL200          		CODE           	2E10	0000	10
		PL42           		CODE           	6C22	0000	8
		PL80           		CODE           	690E	0000	12
		PL188          		CODE           	781C	0000	14
		PL110          		CODE           	720E	0000	26
		PL300          		CODE           	4C56	0000	6
		PL14           		CODE           	6872	0000	66
		PL52           		CODE           	6C34	0000	8
		PL90           		CODE           	6926	0000	10
		PL288          		CODE           	3AFA	0000	6
		PL210          		CODE           	45CE	0000	10
		PL24           		CODE           	6608	0000	20
		PL62           		CODE           	5956	0000	10
		PL198          		CODE           	4B36	0000	10
		PL120          		CODE           	77DE	0000	16
		PL310          		CODE           	38D2	0000	8
		PL34           		CODE           	244E	0000	14
		PL72           		CODE           	6068	0000	8
		_nrf_tx_address		CONST          	7F3D	0000	5
		PL298          		CODE           	78A0	0000	6
		PL220          		CODE           	7840	0000	12
		PL44           		CODE           	48D8	0000	16
		PL82           		CODE           	2E04	0000	12
		PL130          		CODE           	4A22	0000	8
		PL16           		CODE           	68B4	0000	80
		PL54           		CODE           	6904	0000	10
		PL92           		CODE           	4B2C	0000	10
		_FontS         		CONST          	78E6	0000	33
		PL230          		CODE           	62F6	0000	8
		PL26           		CODE           	593E	0000	12
		PL64           		CODE           	45A4	0000	14
		PL102          		CODE           	71F2	0000	28
		PL140          		CODE           	2160	0000	18
		PL36           		CODE           	594A	0000	12
		PL74           		CODE           	5152	0000	14
		PL202          		CODE           	5600	0000	10
		PL240          		CODE           	3272	0000	8
		PL46           		CODE           	71D4	0000	12
		PL84           		CODE           	691A	0000	12
		PL112          		CODE           	5E18	0000	26
		PL302          		CODE           	41F4	0000	6
		PL150          		CODE           	780A	0000	18
		PL18           		CODE           	77C6	0000	14
		PL56           		CODE           	48E8	0000	16
		PL94           		CODE           	6C3C	0000	8
		PL212          		CODE           	2D4A	0000	10
		PL250          		CODE           	3376	0000	10
		PL28           		CODE           	2C82	0000	18
		PL66           		CODE           	45B2	0000	14
		PL122          		CODE           	2FB4	0000	10
		PL312          		CODE           	2CEE	0000	6
		PL160          		CODE           	6070	0000	10
		PL38           		CODE           	62CC	0000	12
		PL76           		CODE           	5960	0000	34
		PL222          		CODE           	4FE4	0000	12
		PL260          		CODE           	786A	0000	10
		PL48           		CODE           	6C2A	0000	10
		PL86           		CODE           	5982	0000	12
		PL132          		CODE           	62E2	0000	10
		PL170          		CODE           	4FBA	0000	16
		PL58           		CODE           	48F8	0000	16
		PL96           		CODE           	62D8	0000	10
		PL232          		CODE           	6CA6	0000	10
		PL270          		CODE           	3026	0000	8
		PL68           		CODE           	45C0	0000	14
		_dFont3        		CONST          	7E8D	0000	50
		PL104          		CODE           	2A66	0000	10
		PL142          		CODE           	7234	0000	18
		PL180          		CODE           	4FCA	0000	14
		PL78           		CODE           	4908	0000	16
		PL204          		CODE           	4102	0000	10
		PL242          		CODE           	57A8	0000	10
		PL280          		CODE           	728E	0000	10
		PL88           		CODE           	4D6E	0000	12
		_pic7x8        		CONST          	78A6	0000	64
		readTemp_Single@F4069		CONST          	7907	0000	16
		PL114          		CODE           	6C52	0000	10
		PL304          		CODE           	59A8	0000	6
		PL152          		CODE           	3C86	0000	8
		PL190          		CODE           	43DA	0000	6
		PL98           		CODE           	71E0	0000	18
		PL214          		CODE           	4D7A	0000	10
		PL252          		CODE           	4FF0	0000	8
		PL290          		CODE           	4D84	0000	8
		PL124          		CODE           	6C5C	0000	24
		PL162          		CODE           	5794	0000	10
		__initialization		CODE           	35B2	0000	144
		PL224          		CODE           	45D8	0000	12
		PL262          		CODE           	7284	0000	10
		PL134          		CODE           	77EE	0000	20
		PL172          		CODE           	3C8E	0000	8
		PL234          		CODE           	3506	0000	10
		PL272          		CODE           	57BA	0000	10
		PL106          		CODE           	545C	0000	12
		PL144          		CODE           	7246	0000	18
		PL182          		CODE           	6C96	0000	6
		PL206          		CODE           	4016	0000	10
		PL244          		CODE           	7858	0000	10
		PL282          		CODE           	62FE	0000	10
		_compile_date  		CONST          	0000	0000	0
		_compile_time  		CONST          	0000	0000	0
		PL116          		CODE           	47F8	0000	16
		PL306          		CODE           	26EE	0000	6
		PL154          		CODE           	3AEE	0000	12
		PL192          		CODE           	6C9C	0000	10
		PL216          		CODE           	4FD8	0000	12
		PL254          		CODE           	7862	0000	8
		PL292          		CODE           	560A	0000	8
		PL126          		CODE           	7228	0000	12
		PL164          		CODE           	6C86	0000	16
		PL226          		CODE           	784C	0000	12
		PL264          		CODE           	327A	0000	10
		_dFont1        		CONST          	7EF1	0000	50
		PL136          		CODE           	7802	0000	8
		PL174          		CODE           	6930	0000	8
		PL236          		CODE           	6084	0000	10
		PL274          		CODE           	6CB8	0000	10
		_dFont4        		CONST          	7E5B	0000	50
		PL108          		CODE           	598E	0000	14
		PL146          		CODE           	7258	0000	18
		PL184          		CODE           	33F8	0000	10
		PL208          		CODE           	44D4	0000	10
		PL246          		CODE           	6CB0	0000	8
		PL284          		CODE           	7888	0000	10
		_my_func       		CONST          	7917	0000	10
		PL118          		CODE           	2838	0000	10
		PL308          		CODE           	57C4	0000	8
		PL156          		CODE           	599C	0000	12
		PL194          		CODE           	607A	0000	10
		_nrf_rx_address		CONST          	7F38	0000	5
		PL218          		CODE           	7834	0000	12
		PL256          		CODE           	5160	0000	10
		PL294          		CODE           	7892	0000	8
		PL128          		CODE           	6C74	0000	8
		PL166          		CODE           	579E	0000	10
		PL228          		CODE           	45E4	0000	6
		PL266          		CODE           	38C8	0000	10
		PL138          		CODE           	62EC	0000	10
		PL176          		CODE           	6938	0000	8
		PL2            		CODE           	65EE	0000	26
		PL238          		CODE           	3510	0000	10
		PL276          		CODE           	258C	0000	10
		dissolve@F4171 		CONST          	7921	0000	8
		PL148          		CODE           	726A	0000	18
		PL186          		CODE           	29B8	0000	14
		_Font          		CONST          	7929	0000	1280
		PL10           		CODE           	6C04	0000	16
		PL4            		CODE           	5780	0000	20
		PL248          		CODE           	727C	0000	8
		PL286          		CODE           	2BCA	0000	10
		PL20           		CODE           	544C	0000	16
		PL158          		CODE           	6C7C	0000	10
		PL196          		CODE           	782A	0000	10
		PL30           		CODE           	2FA0	0000	20
		PL6            		CODE           	55EA	0000	22
		PL258          		CODE           	57B2	0000	8
		PL296          		CODE           	789A	0000	6
		PL40           		CODE           	605E	0000	10
		PL168          		CODE           	36DE	0000	16

shared estimated size: 3921

ds18b20.c
		_init_ds18b20  		CODE           	235C	0000	40
		_readTemp_Single		CODE           	45EA	0000	270

ds18b20.c estimated size: 310

C:\Program Files\Microchip\xc8\v3.00\pic\sources\c99\common\strlen.c
		_strlen        		CODE           	27B0	0000	72

C:\Program Files\Microchip\xc8\v3.00\pic\sources\c99\common\strlen.c estimated size: 72

display.c
		_scroll_right  		CODE           	2A70	0000	88
		_putchar_down  		CODE           	38DA	0000	180
		_putchar_b_buf 		CODE           	351A	0000	152
		_scroll_text_temp		CODE           	2B20	0000	88
		_putchar_down_s		CODE           	3B00	0000	192
		_pic_to_led    		CODE           	3790	0000	164
		_clear_matrix  		CODE           	1F50	0000	18
		_center_two_side		CODE           	2DB6	0000	78
		_scroll_down_one		CODE           	2B78	0000	82
		_Rand_ef       		CODE           	2E1A	0000	102
		_dissolve      		CODE           	3302	0000	116
		_hide_two_side 		CODE           	27F8	0000	64
		_FillBuf       		CODE           	661C	0000	576
		_interval_scroll_text		CODE           	2608	0000	58
		_fill_buff_t   		CODE           	3A44	0000	144
		_pixel_on      		CODE           	22BC	0000	40
		_scroll_left   		CODE           	2AC8	0000	88
		_scroll_text   		CODE           	364C	0000	146
		_pixel_off     		CODE           	2404	0000	44

display.c estimated size: 2420

C:\Program Files\Microchip\xc8\v3.00\pic\sources\c99\common\lwdiv.c
		___lwdiv       		CODE           	2842	0000	74

C:\Program Files\Microchip\xc8\v3.00\pic\sources\c99\common\lwdiv.c estimated size: 74

C:\Program Files\Microchip\xc8\v3.00\pic\sources\c99\common\awdiv.c
		___awdiv       		CODE           	3190	0000	120

C:\Program Files\Microchip\xc8\v3.00\pic\sources\c99\common\awdiv.c estimated size: 120

common.c
		_set_font      		CODE           	2BD4	0000	96
		_GetTime       		CODE           	311A	0000	118
		_sendDataSensors		CODE           	2972	0000	70
		_adj_brig      		CODE           	25CE	0000	58
		_radio_temp    		CODE           	6940	0000	708
		_hum           		CODE           	52E8	0000	356
		_pressure      		CODE           	4A2A	0000	258
		_radioRead     		CODE           	2C94	0000	90
		_usartOk       		CODE           	2052	0000	24
		_home_temp     		CODE           	5E32	0000	556
		_read_adc      		CODE           	210E	0000	32
		_pre_ref_dis   		CODE           	516A	0000	382
		_INT0_ISR      		CODE           	2FBE	0000	104
		_usart_r       		CODE           	7298	0000	1326
		_usartEr       		CODE           	203A	0000	24
		_TMR1_ISR      		CODE           	1F74	0000	20
		_time_led      		CODE           	608E	0000	574

common.c estimated size: 4796

C:\Program Files\Microchip\xc8\v3.00\pic\sources\c99\common\lbmod.c
		___lbmod       		CODE           	2224	0000	38

C:\Program Files\Microchip\xc8\v3.00\pic\sources\c99\common\lbmod.c estimated size: 38

init.c
		_Port_Init     		CODE           	29C6	0000	84
		_Interrupt_Init		CODE           	1EB6	0000	6
		_SYSTEM_Initialize		CODE           	4918	0000	266

init.c estimated size: 356

sound.c
		_TMR3_ISR      		CODE           	302E	0000	118
		_sound_init    		CODE           	1EBC	0000	6

sound.c estimated size: 124

